2000--------------------------------------------------------...
2001++++++++++++++++++++++++++++++++++++++++++++++++++++++++...
2002========================================================...
5000--------------------------------------------------------...
5001++++++++++++++++++++++++++++++++++++++++++++++++++++++++...
5002========================================================...
