1000--------------------------------------------------------...
1001++++++++++++++++++++++++++++++++++++++++++++++++++++++++...
1002========================================================...
2000--------------------------------------------------------...
2001++++++++++++++++++++++++++++++++++++++++++++++++++++++++...
2002========================================================...
5000--------------------------------------------------------...
5001++++++++++++++++++++++++++++++++++++++++++++++++++++++++...
5002========================================================...
