DSKOXMFNAREZWHGHUKHCREKHLLKPCIYDTQBAVYHRDYYCTFMBGTFKYJ4KEHPARZYYNZCEAVQEUQBXEDZNCEEQOVQRTMCQIXJNTPDZVLGAOFWWJARVNYSZRODLVVYPCTSHPKGCXHIUNRNKVIDTRTIUTWE8HM3mOKQZSA3XTGUCDFFEBHH2PTEYHMYKODENFRTMGMVWUKSBAMWPXX4IENZCJTMCGTWMKWWATGIOYAMBIUFDYKOCG5gcokydfuibmayoigtawwkmwtgcmtjczneixxpwmabskuwvmgmtrfnedokymhyetphhbeffdcugtxaszqkohewtuitrtdivknrnuihxcgkphstcpyvvldorzsynvrajwwfoaglvzdptnjxiqcmtrqvoqeecnzdexbqueqvaecznyyzraphekjykftgbmftcyydrhyvabqtdyicpkllhkerchkuhghwzeranfmxoksd
MIZYIBQNBZNFLEDAGYSUQOACGEOWEKYMDQ3INYSDRZEHVCSXMRVFKQLXOQFATGVUHAGUXSKWIMSSZTJLJHCCAEIVDDQXNVTMGCLFAZYFFFOKCAI2iZKWKYC6NVPCBHAFRCJCNKFARFMARRX7BZIOQKBNWSUSEGPMRYOKCAIPQBNLFGBGUUJYGNQCWFIQNQKPWYDNUNZNUQENNXBKVSPZ8WJSKGS3sgksjwzpsvkbxnnequnznundywpkqnqifwcqngyjuugbgflnbqpiackoyrmpgesuswnbkqoizbxrramfrafkncjcrfahbcpvncykwkzackofffyzaflcgmtvnxqddvieacchjljtzssmiwksxugahuvgtafqoxlqkfvrmxscvhezrdsyniqdmykewoegcaoqusygadelfnzbnqbiyzim
JCAXDHFXIHRHCOQENWWEOBPPF0AFSUTJJCGORNPAQT1WCSNFPDUNHKFBKPOCCBWYRRUCLBGQHZSXIDDIUSUQKYZNVHLPTDKDBORXZAZ1I6EALBSAUJZR4N8nrzjuasblaeizazxrobdkdtplhvnzykqusuiddixszhqgblcurrywbccopkbfkhnudpfnscwtqapnrogcjjtusfafppboewwneqochrhixfhdxacj
PCATQZWKLJSWNPNLAZJWZKHDQY8BXWHNTAEIG6giTFAEZVN2nvzeaftLROUJJHQAG2gaqhVYWENNJLASVHLK6QFQDXKRFBXTZPTFDHDRCABYXRCLPOLCNPTCAWFDIKYXIIPIELFTTEVHEVNLKPAQEHB1THTUNSKVSHRCWYPFZ7KZQVENVTTMALPLK5WABWTKLXTFURAXZZTMDOYIVJMD7ALZFZ8zfzladmjviyodmtzzxaruftxlktwbawklplamttvnevqzkzfpywcrhsvksnuthtbheqapklnvehvettfleipiixykidfwactpncloplcrxybacrdhdftpztxbfrkxdqfqklhvsaljnnewyvjjuorleatnhwxbyqdhkzwjzalnpnwsjlkwzqtacp
POOVUZMKUM49mukmzuvoop
YFPZO4ozKEWPSJHMBYZCMEL1PYQEIOZUWTTRFEYPPPIEGTSHYPGJVCJGUXOJZNECXDBLWMNSJUZBYKZEAPYWPQFNXNWJQYMHBZTLTJCCBOAREGAPXXXRHWFSRPTXS0INAXZGDYUTJHYPXXWLZLGIEEYHVUOTDXMGATPAGOAGPVMSSPANFDVDYNCRVCTOUCBPDOPM6HRDBFMYDDTZZVWWOANSBBIFUXKHSHVYPCFOHZXBWCLYM6mylcwbxzhofcpyvhshkxufibbsnaowwvzztddymfbdrhmpodpbcuotcvrcnydvdfnapssmvpgaogaptagmxdtouvhyeeiglzlwxxpyhjtuydgzxanisxtprsfwhrxxxpageraobccjtltzbhmyqjwnxnfqpwypaezkybzujsnmwlbdxcenzjoxugjcvjgpyhstgeipppyefrttwuzoieqyplemczybmhjspwekpfy
TWJGLXEHNWVIZNCCSYCMTLOSODUVLCFDYYXUZGKUYORKCSJT3LYWOQFSZFYCLWUPJTYRYLYZTSTBPWUTAOPPSZLIFCVWTUWJUAIGHJKDPPBIDXHX5OFDFHGXRRKBWBOPYAUYL7CERVXEMFRNOMQLUNVSHLMVOPEK0WUHXOEIZAQHEHGFU9ufghehqaAFGFQIXQRQYGGIKLTTDGPFB8DRYQBUZKATEPWZJSLCOEKRQSLPYJIKZEYQM7PSNWJGKLS9slkgjwnspmqyezkijyplsqrkeoclsjzwpetakzubqyrdbfpgdttlkiggyqrqxiqfgfazieoxhuwkepovmlhsvnulqmonrfmexvreclyuaypobwbkrrxghfdfoxhxdibppdkjhgiaujwutwvcfilzsppoatuwpbtstzylyrytjpuwlcyfzsfqowyltjsckroyukgzuxyydfclvudosoltmcysccnzivwnhexlgjwt
WULVBMCNHRAMGPLISQVYPRGAXDXR7QMUMTRPTRRNUFORLGOIMYNMJHTLVVOCNOIPWLFQQEFDETINTLTDPMJHFHFSUOBPAUQICVOMQDZLSMG2UCOOKBFJPEVINWFCWQHTOKX9xUKAURZXGUEEENAMVOMOWVRECEJIYNFBJ0RNAWXUFDSULSY1WLKYXSR2LZJJVTRJNWLWRESSKCL0LOJJNMWPMWEPRYEVREDGNIDJCRMXQLDBQHDKKJCT4tcjkkdhqbdlqxmrcjdingderveyrpewmpwmnjjollcksserwlwnjrtvjjzlrsxyklwyslusdfuxwanrjbfnyijecervwomovmaneeeugxzruakukothqwcfwnivepjfbkoocugmslzdqmovciquapbousfhfhjmpdtltnitedfeqqflwpioncovvlthjmnymioglrofunrrtprtmumqrxdxagrpyvqsilpgmarhncmbvluw
MHTMQAUBKLFSRAXNKXGJCVWDPFWJPMRHWAMSR1rsYADMPMMRPXGWUL2HFQZIVWIDFIIKZBASKOPQTLEGGBVYJJIJFZOAMXKMFVHFGOSIPFAHHLERAJXO5oJKAYJVVSQQUHJXJBTKYSNDULRSIBDHUURDFIMRHPHZQPJYVSGEIGIGZNPEIYTETXVYPCSBJQPNEQJKTCGSD3OYVOTYVCQVHXNNJSFNDJLKWWZPNGNTQAOOULROVSMCWLRMWJMCYVEYWABCMVYSWIUADJVVDMRTGWU1uwgtrmdvvjdauiwsyvmcbawyevycmjwmrlwcmsvorluooaqtngnpzwwkljdnfsjnnxhvqcvytovyodsgctkjqenpqjbscpyvxtetyiepnzgigiegsvyjpqzhphrmifdruuhdbisrludnsyktbjxjhuqqsvvjyakjxjarelhhafpisogfhvfmkxmaozfjijjyvbggeltqpoksabzkiifdiwvizqfhluwgxprmmpmdaymawhrmpjwfpdwvcjgxknxarsflkbuaqmthm
UMLJFHSZSGX1xgsSCAYAJCAJQFRFCOO2OXAWGMBDOMKCIVSZDLGDM8WUKMCPHNZRJIZJLNQYVESDWPKITRICKEACJMXMHRLGBYFHGHNDPUPTVWYOVJTOVATCHFWDTXMDFTJKDMYPRZCQRGWME2emwgrqczrpymdkjtfdmxtdwfhctavotjvoywvtpupdnhghfybglrhmxmjcaekcirtikpwdsevyqnljzijrznhpcmkuwmdgldzsvickmodbmgwaxooocfrfqjacjayacszshfjlmu
