EZILBVTCJKWJENIJSFGLKGSTFDVSIVLYZYUDXSHJXCMXIFMBBFCQLKRECXSPKGHPCOIGWMMWTZJOFXJKQDHYYWGQEVSCZDASBOGEARQAXIEXJJCVFEDLYJETLBZADRLBQLFWVIOQ6MROMHNTLKZGILFFXZQZURHLAYQGOOHVHMTOLDETCEUWRBQIMQAXXELHHWWLORXOIDTIXKKZXECJWSY2yswjcexzkkxitdioxrolwwhhlexxaqmiqbrwuectedlotmhvhoogqyalhruzqzxffligzkltnhmormqoivwflqblrdazbltejyldefvcjjxeixaqraegobsadzcsveqgwyyhdqkjxfojztwmmwgiocphgkpsxcerklqcfbbmfixmcxjhsxduyzylvisvdftsgklgfsjinejwkjctvblize
PRUZYWUCJMJVQLJLNPLUETZOYONMCDIGRUIIXQUBCUZOTIGEHLXORESWOVQLFSPZEYXFDPJMLFOCMTSYJJTIICYUGKERVIIHREXYEULHRXPFSFXKPPCOJECZLOFEKSHCMBXRAHG4OQGWPTTIYQDCVVUPBVKXJXBLTZZUFGO9ogEYFJCIXYDLVERZUYHWTORPRLQFZIMUDDTHZXVKVKRTJSHWFFZOOSWA0LJOMXT8THDLB3QSZ3zBPWWZ7zwwpbsqbldhttxmojlawsoozffwhsjtrkvkvxzhtddumizfqlrprotwhyuzrevldyxicjfyefuzztlbxjxkvbpuvvcdqyittpwgqogharxbmchskefolzcejocppkxfsfpxrhlueyxerhiivrekguyciitjjystmcoflmjpdfxyezpsflqvowseroxlhegitozucbuqxiiurgidcmnoyozteulpnljlqvjmjcuwyzurp
ZYIOWNDNZKEZXJEWKABTOECLGGFKGSGCWLME1emlwcgsgkfgglceotbakwejxzekzndnwoiyz
LNWVKYTBXUZYG16WOARAGOASLEZMPOMLXPPIOCJXBZMJICNNOQOZIEIGGGMU3uTVZBQXAGNSYDQXPWMTDJMFQQPKNFMPQDIMPBFPTQJG2gTVLW1PXACGFHYLLPXNVVASKZCLYZWSJUJRQVYDKADVSBHUHNGXDVGHMMOFWHUPRYZEWVAJOAQBEA5RCVWJEOFMBJHGXOPXWYRZVGYKQOA7aoYMBWIJETQLWSNCBBLRCBUYSDQIWRJKPWVSCGQKGKKNWSITMDGNIAHOKJR5rjkohaingdmtiswnkkgkqgcsvwpkjrwiqdsyubcrlbbcnswlqtejiwbmyqkygvzrywxpoxghjbmfoejwvcraebqaojavwezyrpuhwfommhgvdxgnhuhbsvdakdyvqrjujswzylczksavvnxpllyhfgcaxpwlvtjqtpfbpmidqpmfnkpqqfmjdtmwpxqdysngaxqbzvtmgggieizoqonncijmzbxjcoippxlmopmzelsaogaraowgyzuxbtykvwnl
IAJGUEUDSQKWMYUEHZEUXIEVXVEAQXTDLCJNFWPIHGFYOWGTXRIUCSWWOQEGFHXTJYUNI4inuyMYCSPQWKNKBKLFUDAVQREQEOUUIFYFSQGCNDCIVVGGGDPIJNKDADJSTKPYLCFVERYPNJFBXZLUTUGKQSGWMALZUFVHOOCSJSGUBWRIXNXLMDPENPWYJUWIT0tFDUFVZEIDCNA0ancdiezvfudfiwujywpnepdmlxnxirwbugsjscoohvfuzlamwgsqkgutulzxbfjnpyrevfclypktsjdadknjipdgggvvicdncgqsfyfiuuoeqerqvaduflkbknkwqpscymjtxhfgeqowwscuirxtgwoyfghipwfnjcldtxqaevxveixuezheuymwkqsdueugjai
JYWSNDDUNLFHSWYBDYCNEMFKYHOSCTUBAONJAPUMOBAXMVRTJNKXMUVV2HDRQRDPRAQUNLEHGEIBDRUUFFIVBBZZLHLVIHKSZGQQRVCYFRFLKKOVHSZWPMHORGGWAMSTKHYXJDZEM4mezdjxyhktsmawggrohmpwzshvokklfrfycvrqqgzskhivlhlzzbbviffuurdbieghelnuqarpdrqrdhvvumxknjtrvmxabomupajnoabutcsohykfmencydbywshflnuddnswyj
QMQVHMNYXSVKTTZIIKVZORM3mCYQDZLPUDHLFWQQBIJGBQDI9GYYELJSTIEOXCNDFKVJOBVXGVQYAVEMOWZQDEYITSWGPTVKJYTDQLJKFOYRRJKTAVGAPILDOATNLCHBVFPKCDXXLAUXVNKA3ODHZWY6PWIXQCEMHCOTKECHGZ9zghcektochmecqxiwpywzhdoaknvxualxxdckpfvbhclntaodlipagvatkjrryofkjlqdtyjkvtpgwstiyedqzwomevayqvgxvbojvkfdncxoeitsjleyygidqbgjibqqwflhduplzdqycrozvkiizttkvsxynmhvqmq
KNWWULPNFLIVOJOIYAPPVXRINFCALMOGWFBGZVKXPHMVSPWJPICKUWLXUECQILZGKYSEYDDEOLYSEPGHLBV0KJZFJBVJWIYX7YJNDKYCIARKLFOAOMO0VCEXNKQBHTJPHZTJYSDHZJCXTGGPVPCKBKTDCGBMQLNAYSLIJDSDTZXOLYFOIKCKBPOUZVJTEOKXRUAK0LMTJMEVQTNETMRNLZEOUJQNKMOKSKXYJOKCIIAHLHHYSXDOSDQUK5kuqdsodxsyhhlhaiickojyxkskomknqjuoezlnrmtentqvemjtmlkaurxkoetjvzuopbkckiofyloxztdsdjilsyanlqmbgcdtkbkcpvpggtxcjzhdsyjtzhpjthbqknxecvomoaoflkraicykdnjyxyiwjvbjfzjkvblhgpesyloeddyesykgzliqceuxlwukcipjwpsvmhpxkvzgbfwgomlacfnirxvppayiojovilfnpluwwnk
WTLZVXZMMVLPFQDMWLOOTAVJF1YV3vIOTTGTYRGOZSXUXGMFSFCK8VZX1xRXKWTBELVAREBLCPDCVLZGQVZITUQCFOGYONHKUETVQFQBCXTEDXPIWTPBAANPYWNBBGJKBIVJCL2AFDMQLPKKQAJCXEEDVGMCFNMOZNVIQCJGBJZMLSQDPNOC0CIRKOXMVKVSNAEUBBRBGWCDNODHDECHIOQEIPMIQLIWGDDUOCRBZZJLBVGORXYY2YFWC4cwfyyyxrogvbljzzbrcouddgwilqimpieqoihcedhdondcwgbrbbueansvkvmxokricconpdqslmzjbgjcqivnzomnfcmgvdeexcjaqkkplqmdfalcjvibkjgbbnwypnaabptwipxdetxcbqfqvteukhnoygofcqutizvqgzlvcdpclberavlebtwkxrzvkcfsfmgxuxszogrytgttoiyfjvatoolwmdqfplvmmzxvzltw
ICJCGBXDMINWRRGTETR3rtFLCMYJZDG8PPPLWAHCHVAGZ0zgavGXQPAOPVXVTDVZIMVGFVXVQIHYUTK1PYYIVIRCFPBGBCRYJKQNKY8AZMSRDPDOBYNVAJVSXHVZWICXBMDMEXXMOD2domxxemdmbxciwzvhxsvjavnybodpdrsmzayknqkjyrcbgbpfcriviyypktuyhiqvxvfgvmizvdtvxvpoapqxghchawlpppgdzjymclfetgrrwnimdxbgcjci
RUCKFLQJMDKLGWBUMSQVOXVXSZX7xJDGEWJOYDPIEEZCYWRQAZXRHJBWQKDKGOZZTOYVHOPZWLKOIE9ODKSNBUYWNGUXYJOHYERKNHQAQDYPVHJCCIDZZJRSOYKBFNXKCYMBQPWHGLAYWLBNY0QVZTCKGIZJJDAFBOJEFEURHHOVBH9NZJNTFLITHIXVPOUHBTMUMZJLWW7w7wljzmumtbhuopvxihtilftnjznhbvohhruefejobfadjjzigkctzvqynblwyalghwpqbmyckxnfbkyosrjzzdiccjhvpydqaqhnkreyhojyxugnwyubnskdoeioklwzpohvyotzzogkdkqwbjhrxzaqrwyczeeipdyojwegdjzsxvxovqsmubwglkdmjqlfkcur
YMQBDKVVNJGITNVVURVLRPLPMASUXEMYWBERJYYXC0DJKFNHFGYAXFRVEYXGJCGUHUSKPUGQRICIKWMEQWRMPRJBJGKNQXQNXXKQNMMRWYIGDVNW8PHHCWWGZKGLASYNMGUVXDZOBECNAHVLWOOUWRZLIQXTCFIZNCMZPEJRTGBUUKMGCPNJVPGUHDJXDUWQA0LVQYXVHZRIRPFFNSABURPXBLJBVGBINNVQTFRNMDKKXWO3owxkkdmnrftqvnnibgvbjlbxprubasnffprirzhvxyqvlaqwudxjdhugpvjnpcgmkuubgtrjepzmcnzifctxqilzrwuoowlvhancebozdxvugmnysalgkzgwwchhpwnvdgiywrmmnqkxxnqxqnkgjbjrpmrwqemwkicirqgupksuhugcjgxyevrfxaygfhnfkjdcxyyjrebwymexusamplprlvruvvntigjnvvkdbqmy
DDLUHSBUGT7tguOIWLWKVXNDLPXSFWAXRBSVORNYABYNF6KOMGUMOLFZVEKVUOICMLHFACJNUNLESPCOBPFCLAGRALYVQSMTAETNQBVOYJXTQFACCYHJZKDIJZKSGPLUWZWWJDGYGNFGQNDQJFDCTVCTVJLHLVORVPKCDSOGTBKAOFPBXLMQPMUWBNDPHGYUZODAADNQXPIFUZYRAQCCYXWIWQUJBZFZKQRJEAVWIXKSCOVBSRKAMXSWVBJC2cjbvwsxmakrsbvocskxiwvaejrqkzfzbjuqwiwxyccqaryzufipxqndaadozuyghpdnbwumpqmlxbpfoakbtgosdckpvrovlhljvtcvtcdfjqdnqgfngygdjwwzwulpgskzjidkzjhyccafqtxjyovbqnteatmsqvylargalcfpbocpselnunjcafhlmciouvkevzflomugmokfnybaynrovsbrxawfsxpldnxvkwlwiobshuldd
MQXUJTSJTBVROHTGTTGVMZZBNFG7D0RKYWZSRWHGRTOOVMZCEDJMLUFFYHKMRMKFBKWICOANLTTTIWYUCSAQOPYRHRSHMQXJMHTRLONTUJLVPAVMTXUGXWRUPWFEVMREDCIRTWOAQO9WF7FLWTBRCSXEYGWCOMJRYNRSBNWFTJZRMJQPZLBLXEQXQPOZJRCQIDMSOWQMJJURTDBOLHEHVEFULTRXXSAXYDLPHMMFRNKGKHKIAJZTLVORIJWKRY2yrkwjirovltzjaikhkgknrfmmhpldyxasxxrtlufevhehlobdtrujjmqwosmdiqcrjzopqxqexlblzpqjmrzjtfwnbsrnyrjmocwgyexscrbtwlffwoqaowtricdermvefwpurwxguxtmvapvljutnolrthmjxqmhsrhrypoqascuywitttlnaociwkbfkmrmkhyffulmjdeczmvootrghwrszwykrdgfnbzzmvgttgthorvbtjstjuxqm
GOWZ5UYLMSTXKTMCFWJHWBFXIYXKDALLYICHLXOQOQSK8ksqoqoYBVJFGAXYKFRMEJROAQRKXSSXXNQHZSJLONHFHXAJQSFXEFD3HJFYBDUJLXISAHGQFPRZLAWFNYOJVTOVZLDGQDULSDLGTLUZAKMSEQQGUISKIFMDSSVMOPNJPTTKDTELEODJQZBDQKQZSBUVBXZFBYRQBOXPSYHIFMZYECMMIFAZISSE3esZJEJCPPRFFGYXDRFFGZPDCJURXPMFQIZYVTPNEJBQLRSWGGCJIILCOC7cocliijcggwsrlqbjenptvyziqfmpxrujcdpzgffrdxygffrppcjejzsizafimmceyzmfihyspxobqrybfzxbvubszqkqdbzqjdoeletdkttpjnpomvssdmfiksiugqqesmkazultgldsludqgdlzvotvjoynfwalzrpfqghasixljudbyfjhdfexfsqjaxhfhnoljszhqnxxssxkrqaorjemrfkyxagfjvbyxlhciylladkxyixfbwhjwfcmtkxtsmlyuzwog
XMAZKGXWCMSINFHMVLQWSRNEMJ9FHFCBDEHHLLVHJXTCLDSTWCBNSXYMNDPOMVEDOII8XWZUPMNSIIERBTDASAHNPLVHWWTSNWZOMXRAHLYIMNWRO4orRLIZHQX6PCWZAPXXYJZZHCZFPJEQYECYBSJRQDBPRSQCRQQKICPIPQDUAPVTLFDVKRORWDNARJERVNRFOQMQLAPATYRVT1PQDQDKFYOKEQQIVKSWFKNQPWSZIIILKDYM4LGKSXU5uxskglmydkliiizswpqnkfwskviqqekoyfkdqdqptvrytapalqmqofrnvrejrandwrorkvdfltvpaudqpipcikqqrcqsrpbdqrjsbyceyqejpfzchzzjyxxpazwcpxqhzilrwnmiylharxmozwnstwwhvlpnhasadtbreiisnmpuzwxiiodevmopdnmyxsnbcwtsdlctxjhvllhhedbcfhfjmenrswqlvmhfnismcwxgkzamx
UNQUPEZLDCBUXDGJYWZJWOYSKLBDNYJXXJABCBNQDHXIRPBKKDTDRCJNISLXVTNDNBDFMDNNVWJZWITFDOWOBUKJMMJDZKMTKMYNLDQPOGOXECTRSIEYUWIDZSJRSWAMJFRUGKDXATYQSYKGUEOIFXPWOCDWHEOBOVNSQGTAFBYRV5OIOTFTTJOR1HYONJCBIIGYZKMHQRHPLDAQEQAQJXOKUWCQIQQZPTGVKWWNQQTFPAKDLIA5aildkapftqqnwwkvgtpzqqiqcwukoxjqaqeqadlphrqhmkzygiibcjnoyhrojttftoiovrybfatgqsnvoboehwdcowpxfioeugkysqytaxdkgurfjmawsrjszdiwuyeisrtcexogopqdlnymktmkzdjmmjkubowodftiwzjwvnndmfdbndntvxlsinjcrdtdkkbprixhdqnbcbajxxjyndblksyowjzwyjgdxubcdlzepuqnu
EHYOJJQXVDCOBANBUILKQPRWEOJXATQBQWRXZJWEPLFOITDQBTLZBANXUW4BUDVTLMNFPBNNYCUXTOBZGSGIDYADYZBSKLNQTGZSQNQWESNNQVFPQAWQUPALRTNLRVWTZLO6XKCIEIYWCIVQIBXDTMGXRHGVURMSFANRTZFEVHWODG7DMHLIADHJKRCNOJIFHIEVDHRROTLPREFDZBI6ibzdferpltorrhdveihfijoncrkjhdailhmdgdowhvefztrnafsmruvghrxgmtdxbiqvicwyieickxolztwvrlntrlapuqwaqpfvqnnsewqnqszgtqnlksbzydaydigsgzbotxucynnbpfnmltvdubwuxnabzltbqdtioflpewjzxrwqbqtaxjoewrpqkliubnabocdvxqjjoyhe
YHTOCLBH1FZHANQTXEDSF7fsHRHZDAZ4PAYMQKVGYVOUTZ2FEMUER4ISSYSAREQKIBDNEOWPFGSLHPDEBKEBTX2xSE9FWXKSHVYDLYRDBPVABYUMXYECUOYHLIPB0bpEKNCTZYF5CZRJAQMNGAGSFVGRWBQRVDWAQFIZVLMAJNZJQTY8RCPVIYJZKSVGCLXXEYEUNETVOKJRDY6ydSDULGSIDOZPEDOQLACPHGDDBSVKLZ6zlkvsbddghpcalqodepzodisgludsrjkovtenueyexxlcgvskzjyivpcrytqjznjamlvzifqawdvrqbwrgvfsgagnmqajrzcfyztcnkeilhyouceyxmuybavpbdryldyvhskxwfestbekbedphlsgfpwoendbikqerasyssireumefztuovygvkqmyapzadzhrhdextqnahzfhblcothy
UNVZKDZJSFSAOYZVVOBGLFXRLDVQQOUJQTIAJNLMMBJOMV6FRDQHRFDQUEZQLVWFHNJLZKRXRUCHEEPEJAWSXGWEFJXJKP0pZJIPAEKDYRQRILOEXFDNRHWBGIWEMEGAACDAFDMLKGWXCRSFLPKRCGACGOWDOMKIKXYDPKEOXKPULDGT8tKTJCFDMUCYBAEUJDXHQWAK6XZDEVCGWQA7aqwgcvedzxkawqhxdjueabycumdfcjtkgdlupkxoekpdyxkikmodwogcagcrkplfsrcxwgklmdfadcaagemewigbwhrndfxeolirqrydkeapijzkjxjfewgxswajepeehcurxrkzljnhfwvlqzeuqdfrhqdrfvmojbmmlnjaitqjuoqqvdlrxflgbovvzyoasfsjzdkzvnu
AYAKAQJQXJZLGNOWXAMQLKWYIOQSFOESFUAFLCKHLCMGNKTYAUMOCUVZZRJAELAGVFZIQMVMJWJHJIMNPHMUHNIVZIJMQAHKYHSWVLLSYQZFSLVKJLLGCHXYACSYMYPPHQ3UQQESFSESKAEHZSQ3qZ8KGIUVUZWLJLJGRMDTACJNTNWFARQCNNRUEOUZOURYDFCBWFEZSPKYLPQAGQWVDNXFVXQNJKBZPKKEVOGAFNMZPUOONNLHTHDHDUJKOIWXFOJNL5VMNHJIPVUQFDTVJCUG3WCM0mcwgucjvtdfquvpijhnmvlnjofxwiokjudhdhthlnnooupzmnfagovekkpzbkjnqxvfxndvwqgaqplykpszefwbcfdyruozuoeurnncqrafwntnjcatdmrgjljlwzuvuigkzszheaksesfseqquqhppymyscayxhcglljkvlsfzqysllvwshykhaqmjizvinhumhpnmijhjwjmvmqizfvgaleajrzzvucomuaytkngmclhkclfaufseofsqoiywklqmaxwonglzjxqjqakaya
KONQVBGHQ0BLTVWRUCKTQUV0vWUAOZGIIBKXLVHFMAOWJWOFUCAMQVPNUDFTRRKIEMTEEGGBNQIIOOAFXMLSONFTTUMTWAGOCARXWCZIWNRHQLWNXKKYXUIHUOLBIHFCQKEUENJXTI8IVFSCCQ9WHOGTZIEBVKEPNERYHPGOSKTWYTUGUSGYBKWOLIXJDRXUDPGDOIRYQHAWCKUNHVRBIMLCDYGXIEM0meixgydclmibrvhnukcwahqyriodgpduxrdjxilowkbygsugutywtksogphyrenpekvbeiztgohwqccsfviitxjneuekqcfhiblouhiuxykkxnwlqhrnwizcwxracogawtmuttfnoslmxfaooiiqnbggeetmeikrrtfdunpvqmacufowjwoamfhvlxkbiigzoauwuqtkcurwvtlbqhgbvqnok
NRSITNWNK0SVJSITUURYGNNPURLYAMNHLCWVKOGAZXGWSXMXGJQMJEQOBTQYOPNM6NQH0IVFRJXNLANKZOOVQCKENGNAUOVCBDFQQSQQAKKDCINAAWBFDXD8dxRJKUUAIKKBTUQWPFPGVIKUFGBHEETDMSLSBDZFZFABKVYDYATTIATJOPJDDMUNAEQNVOLPEBPLGLDRYVSSLITHTLKGKXFZZLEIOXQS0sqxoielzzfxkgklthtilssvyrdlglpbeplovnqeanumddjpojtaittaydyvkbafzfzdbslsmdteehbgfukivgpfpwqutbkkiauukjrdfbwaanicdkkaqqsqqfdbcvouangnekcqvoozknalnxjrfvihqnmnpoyqtboqejmqjgxmxswgxzagokvwclhnmaylrupnngyruutisjvsknwntisrn
QZAFMYMOBJBAKWGXWNKYNNHSTWWRIHOIIALDAWKMOLKASLQALIGXAMCNFOEPGXGZDEGPEHVQCIXHONDWFZOONGKPACCCKNFPSEHZPUSTGAVEF7BAY2HAGDCDSHQEWFXECTLBKMWVSGAPQRDY1ydrqpagsvwmkbltcexfweqhsdcdgahyabfevagtsupzhespfnkcccapkgnoozfwdnohxicqvhepgedzgxgpeofncmaxgilaqlsaklomkwadlaiiohirwwtshnnyknwxgwkabjbomymfazq
ACFECQFZZUWARBLJMOZEFBIVSHEIUMPYYCBXGBLDLIAKVETLEJZ1GBSIJOHSGABVRMQJGKONEJXKWBKXBMMQTOJL7ljotqLLATKHAZOILTGRXWUVAFCDHGYNUYSCRFVHSXTSWGBMYXYBIINDFBAQLWQLOQAIGWKTPMHTALGGDIXLLMLEKMWNUFPOYYTZNHRDSAXCMHFGXRSQTXGUPQQPUXWTKMQLORALJGRBYSKAVUWTNK0kntwuvaksybrgjlarolqmktwxupqqpugxtqsrxgfhmcxasdrhnztyyopfunwmkelmllxidgglathmptkwgiaqolqwlqabfdniibyxymbgwstxshvfrcsyunyghdcfavuwxrgtliozahktallmmbxkbwkxjenokgjqmrvbagshojisbgzjeltevkaildlbgxbcyypmuiehsvibfezomjlbrawuzzfqcefca
PXXJGTVSUHACHKVICTJFTZQLZGFUWCWIGCMAKDFZAPSEGP7pgBJKWZKTBJUQELXZHICAZWCQCPKCGTY4VKAADPBNMCKBMLB8AKEI4OUVO1ZYKPVVOWSZJLKFGUBDAGPJHKFVUHJ6jRMSZQTJQIWCRRGAFZCEXUUDXQOQBDINMKPEBVVSZONTJOY1IKJWSQBJEAWUATILFHNNMU0umBPOUVPJPTOMVZLOMWEOU9uoewmolzvmotpjpvuopbnnhflitauwaejbqswjkiyojtnozsvvbepkmnidbqoqxduuxeczfagrrcwiqjtqzsmrhuvfkhjpgadbugfkljzswovvpkyzovuoiekablmbkcmnbpdaakvytgckpcqcwzacihzxlequjbtkzwkjbespazfdkamcgiwcwufgzlqztfjtcivkhcahusvtgjxxp
LTTGUCOYMNOKHNKGVJETLYWAQOXVWU1NFIONDIG4gSFPSPKSCMZBAWZZTBLTXTGSDCBFWKPJR7HSHWGOIZVSWPDDKBFQWNRJSEVLQPWHPHIFOUW5wuoEQFEXNAELTXDJQAMEL0GPPJZY5yGTCFBDFEOBWEZXZKKBBTDWTKHEEXVHTJHVJRODAZIDPLVAVWCBFWYLBAJMZDXSPHTHEPPIPGELAVJMLIFBYXCURWIIEDDKFPHEWFMVXQWOGCVRDHWQOSXG9gxsoqwhdrvcgowqxvmfwehpfkddeiiwrucxybfilmjvalegpippehthpsxdzmjablywfbcwvavlpdizadorjvhjthvxeehktwdtbbkkzxzewboefdbfctgzjppglemaqjdxtleanxefqefihphwpqlvesjrnwqfbkddpwsvziogwhshrjpkwfbcdsgtxtlbtzzwabzmcskpspfsidnoifnuwvxoqawyltejvgknhkonmyocugttl
3JEJFWARENAVB7OXBIEGWDZIBXIJZLEFOOTRVFRPLXHDJFZXCSVVYSMGJAKBIPYQQVLOJJJ9KXMHGHCTNMSOPMGRXQAXJSYDSXQFKWYHQVWELUIVVYGICNAEIJWIPTRLLERAUXGGYRIXFUNLBTXUGUOJLMACNDHENWTTIOZUUTCZQPQWWCZLXBJFBFMGXQWNTF5SVJULB1blujvsftnwqxgmfbfjbxlzcwwqpqzctuuzoittwnehdncamljouguxtblnufxiryggxuarellrtpiwjieancigyvviulewvqhywkfqxsdysjxaqxrgmposmntchghmxkjjjolvqqypibkajgmsyvvscxzfjdhxlprfvrtoofelzjixbizdwgeibxobvanerawfjej
MXLVLHEOEFTHDXDFJTGOUOFRPJMOORQDIRFNOUQMKDATMYHNTZMXCGUZLUJXTVWNPYZKUUUJQBEPQUOZJSNDFFROMHTSFAGRSADZEREPKHDRVZNOABDAWBUPXBMSKUVLZRW5QOYMUEV9FSDFIRIMVPOUOYTEPREJYHJTJKAHGAEBOIIEGUCWPWVCFPWRHBWDH0hdwbhrwpfcvwpwcugeiiobeaghakjtjhyjerpetyouopvmirifdsfveumyoqwrzlvuksmbxpubwadbaonzvrdhkperezdasrgafsthmorffdnsjzouqpebqjuuukzypnwvtxjulzugcxmztnhymtadkmquonfridqroomjprfouogtjfdxdhtfeoehlvlxm
VQPIJEENKVNKAXSHCCEBLCDLTEXVQKRA4BDAPLFXTNDJK1YJTYJRQWQUUQBEZKYSDBTEPOIXR3rxFTOMPKUNYFNKCTUWNSUJFKPUMWDSBHZHOWVR3rEUEODKQNLGPTMOXEGQAXVCUGVGHWARTZDRNQSUQKVVCXALCWVJRJPDVRFPKADJSWCTXTEYCZBWASYJQWDLYFRSVOXFHKDHKLCNMXUSBV2vbsuxmnclkhdkhfxovsrfyldwqjysawbzcyetxtcwsjdakpfrvdpjrjvwclaxcvvkqusqnrdztrawhgvgucvxaqgexomtpglnqkdoeuevwohzhbsdwmupkfjusnwutcknfynukpmotfiopetbdsykzebquuqwqrjytjykjdntxflpadbarkqvxetldclbecchsxaknvkneejipqv
VWILGZIXAUCAVSKRW3HJVMSXJJJADBBNEEXULMOBGMJYTKIHBWOHAYRVLXPPGOVJMG4IAPJQOYCEJDGDPVYHRTOXKGOZFOEEBCLEZOBWNUHBJRIDPGVXTUQFCTDQNDSGDNHJZLEKFUCFDZB9bM8mAQPEOHMYLIRXIIUWWBLYVYGHXKOIDTXOADCATUBJZAMPGKOZKGOEEJNNFNJMBNKCVCMEE9eemcvcknbmjnfnnjeeogkzokgpmazjbutacdaoxtdiokxhgyvylbwwuiixrilymhoepqazdfcufkelzjhndgsdnqdtcfqutxvgpdirjbhunwbozelcbeeofzogkxotrhyvpdgdjecyoqjpaigmjvogppxlvryahowbhiktyjmgbomluxeenbbdajjjxsmvjhwrksvacuaxizgliwv
AHXIUCHLJJGNNDAEUNZOIQWTDWQOCGGWBNZFDNSNP8N3IRJYTYKJVLXZUJCSUGNPONUOBYSRJEFEEYYQCCSAWZOODHFFBBSIPUBSZDRUCBLJZAYOVYJDBRQUPUYMLPARHLEAKNOVMSHXAHKQWJOSHNMGFPOZVCCUUGJLQPRLHA0UEOPQSEFDLQRZEYRYCZPIULKFMYXELVHUIGQYXMTDP2pdKPYTAKEFODPCXRDOWEHPZAODAOSOQXNDIJEVAO2oavejidnxqosoadoazphewodrxcpdofekatypktmxyqgiuhvlexymfkluipzcyryezrqldfesqpoeuahlrpqljguuccvzopfgmnhsojwqkhaxhsmvonkaelhraplmyupuqrbdjyvoyazjlbcurdzsbupisbbffhdoozwasccqyyeefejrsybounopnguscjuzxlvjkytyjrinpnsndfznbwggcoqwdtwqioznueadnngjjlhcuixha
TPIRHBIFABUYBJWHZYZQPXSCULAUJWTWUWJU3SRAFGMVAABPXMTFVGKRJBMYAERDAFHYLHQUGOIDLAAPDFPKKSELJPENQMDAGSCABWWSIA47VGDXABLKXZRATUHMTHRUPCSIXDTROWDDOQBOVMLAAKRKOXOVGOXTUOOODSBYZVUSJTQHVJSJH6LH6hlhjsjvhqtjsuvzybsdoooutxogvoxokrkaalmvobqoddwortdxiscpurhtmhutarzxklbaxdgvaiswwbacsgadmqnepjleskkpfdpaaldioguqhlyhfadreaymbjrkgvftmxpbaavmgfarsujwuwtwjualucsxpqzyzhwjbyubafibhript
NEZTVAMZVCLEYNTXFOWDEPB4MCPIBVBGDVIEADNLDMWTFPNNOKOBAEYMDUFFMWY9yVZTXWBZUTGIFDULGTODBWBRXDQGVOXQRMVALWGVYPDAEBOCYRTAPDRWS3ZHFVGLAZUMHXRCPFPCUCRUQENVFOPXNVQVPWRXBDGTFOBYPNYYKUHNVZVOLBYJJLYDVTWDLZWPADKMABTMXBUYISBAZNKGWXCKRENWHPIDVLQIHEMDZPZKJMLUBDYIAMWWEOMBTUMB0bmutbmoewwmaiydbulmjkzpzdmehiqlvdiphwnerkcxwgknzabsiyubxmtbamkdapwzldwtvdyljjyblovzvnhukyynpyboftgdbxrwpvqvnxpofvnequrcucpfpcrxhmuzalgvfhzswrdpatrycobeadpyvgwlavmrqxovgqdxrbwbdotgludfigtuzbwxtzvwmffudmyeabokonnpftwmdlndaeivdgbvbipcmbpedwofxtnyelcvzmavtzen
RELNPVIATRWM5IWRTVZFQMTXCMUSFFW9VGJWFBKRZQVWTOZQDCYDOBGLYDKHNABWYHUGHDNMYEQGFS7GTPPBBPHGVHDJUVCCPTDLDZBALLYOMUBJGLJXUGWYEABDIGZUPDJYDHYRIKHCTTZEFQWQSOZGLPBJQIODTKYZIXDJAIRYIFHYEZWGFVWLZVYZTWLBNKEABQFTLWPBLJMFOBQTHQBKJTCHVKFWKKZSLVYYFILRFG1ACXAGLQPA4apqlgaxcagfrlifyyvlszkkwfkvhctjkbqhtqbofmjlbpwltfqbaeknblwtzyvzlwvfgwzeyhfiyriajdxizyktdoiqjbplgzosqwqfezttchkiryhdyjdpuzgidbaeywguxjlgjbumoyllabzdldtpccvujdhvghpbbpptgsfgqeymndhguhywbanhkdylgbodycdqzotwvqzrkbfwjgvwffsumcxtmqfzvtrwimwrtaivpnler
YCDMELELRYTASFHPLELVVTGEOEMHZRCNOCAZLQW1QUTRUCUJLNGWUMXWBLSXRMOTMMFJKDQPDITTT7tttETEAKORHGDRIJEKACXZKNGPEJQDXHMFQQVICHDKNAXQVQYZHCYBCGFFSAYLJCXDTNHSPHSCLUIVPXXGWGOV5vogKPJRGWOBRLGZHMUBBSKFTEFKSOEGTARMMQGJBCUVBPB1I3ECAQMROMCDEFXNBQKOYWLYMYLWJZHZLLYYLQOICOOUWQKJKNPZIRQLY4ylqrizpnkjkqwuoocioqlyyllzhzjwlymylwyokqbnxfedcmormqaceibpbvucbjgqmmratgeoskfetfksbbumhzglrbowgrjpkwgxxpviulcshpshntdxcjlyasffgcbychzyqvqxankdhcivqqfmhxdqjepgnkzxcakejirdghrokaeteidpqdkjfmmtomrxslbwxmuwgnljucurtuqwqlzaconcrzhmeoegtvvlelphfsatyrlelemdcy
8BFENKIKSNLFBDVLNNH8VCEJHIAEXKNLUARFLRZJPBFDTNEDRTDSQHVSEADQGIMKBOGAPCWVZPANKXSQZR6rzNJNDLFPSGSVZFQCCMRGWD6GROHFYMTYGNNW3EHYFJTDVTAURRDSVYALPRWKHURMSFSRBLCXMGNTLVNADKIDMKBFKUMQKQFFANDUSEZOZMGTGWUQYMLPMVRRAQGJUZNKVNEGVU1uvgenvknzujgqarrvmplmyquwgtgmzozesudnaffqkqmukfbkmdikdanvltngmxclbrsfsmruhkwrplayvsdrruatvdtjfyhewnngytmyfhorgdwgrmccqfzvsgspfldnjnqsxknapzvwcpagobkmigqdaesvhqsdtrdentdfbpjzrlfraulnkxeaihjecvhnnlvdbflnskiknefb
OWUERNUDLLBXZWIJDAEZBHEHKNEVUTUPKXJSPBYMJIGCVPR8ZVZQFVVVJYTMPE6SMCDBEPNXWWPXPHEGMFSTMSAELCIOWHFTUXFWEUPKTEMFXMTQXWJJKGJBZNGYPVDOXNWXFSK9ksfxwnxodvpygnzbjgkjjwxqtmxfmetkpuewfxutfhwoicleasmtsfmgehpxpwwxnpebdcmsepmtyjvvvfqzvzrpvcgijmybpsjxkputuvenkhehbzeadjiwzxblldunreuwo
EGLZGIXILQVZCZEEHAZM8BBWNKYBPBEESTLJIEUBBMEOEMACQORDLWCDPYVFIOYWKSWHQFFWAEMZSCGJYYEXCOAWFRLFANOUPXPRWRTLFVWZBQNAPAXBVPWCPVTUOMTZSDLPHFKSWIOEFMWKBMHLIFRGLRQZJJKPUBJVXKOIIWZSPPNYGVCNUNNBBVGPMOBSMEVXGHCYNMNSZTLGCHZPWKYROB6boIOQDFYSBCIBAAMBUT8tubmaabicbsyfdqoirykwpzhcgltzsnmnychgxvemsbompgvbbnnuncvgynppszwiiokxvjbupkjjzqrlgrfilhmbkwmfeoiwskfhpldsztmoutvpcwpvbxapanqbzwvfltrwrpxpuonaflrfwaocxeyyjgcszmeawffqhwskwyoifvypdcwldroqcameoembbueijltseebpbyknwbbmzaheezczvqlixigzlge
UNHVQWIJRDQWJYSACFMGWHWQLNXSZ8zQZJEWSBXLEEFZHPTEOHDPQSFXPPTPRZBUZNGULNBLFKFUZTYMFWWKEAFWUPSUUHWUG4IIJBZ24KPQFDPXZFZSOCPTZBQGRMFNZBLWLEZMIGPTGGFXZJYCMYHURAFDIQJ1jqidfaruhymcyjzxfggtpgimzelwlbznfmrgqbztpcoszfzxpdfqpkzbjiiguwhuuspuwfaekwwfmytzufkflbnlugnzubzrptppxfsqpdhoetphzfeelxbswejzqsxnlqwhwgmfcasyjwqdrjiwqvhnu
LUWCLAKWUDMBUTXJNHCXWVRPZXLVMFDPDFQWYQPKQWLNGWLDHXTSLNXJZAQM8FFKMKSTKPFRYBDUPGKTBSFUJCYNQUGRFOYBUUXHUUMYMGGTBOTIAEEHFZSTZZKAASMDUF8HXX8xxhXNEGCEDOTTJRGKWRXMVXFXGAKQHVCTHORIEPHMWDUHIFGKSJZMWLSH9hslwmzjskgfihudwmhpeirohtcvhqkagxfxvmxrwkgrjttodecgenxfudmsaakzztszfheeaitobtggmymuuhxuubyofrguqnycjufsbtkgpudbyrfpktskmkffmqazjxnlstxhdlwgnlwqkpqywqfdpdfmvlxzprvwxchnjxtubmduwkalcwul
PJIDAJRCFHTTVSWSLNTMRMXCKCYRATKJKBQKOOVPTAOWBCCHKKGABZSKMGSJDWOXJXWDGKZWPXYXKSHVIVSIKFMKDDRHNDYHSYHBVPLVZDFYRIFCYKBGUKXUNNOKGCUOQKEPMEOOUIJFITMONTQBLSCSXXDVMNNXYTNKUPHMA2ZOGKKDPBOGWBCFKJMGHHXJHXIXK3SUHLFGLDUBNQPSKZTPPOTYA8aytopptzkspqnbudlgflhuskxixhjxhhgmjkfcbwgobpdkkgozamhpukntyxnnmvdxxscslbqtnomtifjiuooempekqoucgkonnuxkugbkycfiryfdzvlpvbhyshydnhrddkmfkisvivhskxyxpwzkgdwxjxowdjsgmkszbagkkhccbwoatpvookqbkjktaryckcxmrmtnlswsvtthfcrjadijp
EGKLMXQAVWVIBBKIIAVOCLBBLVVVGYJAITSDCUYUIRDCYSYOTGESUDUZSGXMHPJOVORASALIMDPAQEROLKWWQDAUGDXYKFRFPIXJCCBJFSNXUERQQTXVIUATQJQEQOYOYFATVICCEFNVEXZZDQCMYYIRXTCQPNAGECEENFBLCTGXIRMN7CEHEZGZRYDYQFNDTZQUKAC2cVMSZZOEKJZGBFVMCZUP4R3rpuzRYGXFXFWAWZSLBJG9gjblszwawfxfxgyrcmvfbgzjkeozzsmvakuqztdnfqydyrzgzehecnmrixgtclbfneeceganpqctxriyymcqdzzxevnfeccivtafyoyoqeqjqtauivxtqqreuxnsfjbccjxipfrfkyxdguadqwwkloreqapdmilasarovojphmxgszudusegtoysycdriuyucdstiajygvvvlbblcovaiikbbivwvaqxmlkge
CCGJJVLRROBF6GVSQNYWXIQDXLIZCAZTEJMZJPFEMUOJETAOLJIRFXHEMRXMSRMORFOMGBVPZS1SYCEQJLTVQNARXMFTEVBK2DLXMATZRYCMUMUAKMVKIB9bikUTSNKPTPRJDUW0PYAGBPZQTOGZUKAIURYVIXMBBEIZMJCCYSNBCMBOMX3IICJTQZRDSYRBI1JVGTZPQRFICLKKRTAZYXUIDVUEXGSADEVJDRIBIAXMNWNYQ9WAQNNCEWEMBEVQTWEPVDLZAAONV8vnoaazldvpewtqvebmewecnnqawqynwnmxaibirdjvedasgxeuvdiuxyzatrkklcifrqpztgvjibrysdrzqtjciixmobmcbnsyccjmziebbmxivyruiakuzgotqzpbgaypwudjrptpknstuvmkaumumcyrztamxldkbvetfmxranqvtljqecysszpvbgmofromrsmxrmehxfrijloatejoumefpjzmjetzaczilxdqixwynqsvgfborrlvjjgcc
UMRWUASHQJKVJBFTVYUGXUHUJQFLWZASVZAGJPCULOODWRVYOLZEGZRPJEVQFLOOTUXFRQQPWWSZTMYDAOTUTHQOMZRUWHWHLERGIBOBIRMUCCLWYVCNOTAEDWSZRBLDXCHVRKIE1eikrvhcxdlbrzswdeatoncvywlccumribobigrelhwhwurzmoqhtutoadymtzswwpqqrfxutoolfqvejprzgezloyvrwdoolucpjgazvsazwlfqjuhuxguyvtfbjvkjqhsauwrmu
FZDHTGXAMDHSUJMJCMKMDWKVFDAILRUJXLOZ6CG1SRVMIFUIJHPOEPVLHPXMNHCUUMODFZDVLQDDXBQUYEOKYWUMVBJAIFPHSUERENKPF0FYLDRJOTPTMYQPNRLBOKYLFTQU9PIHRSFEXNKQKGIVJFXEPAYOGIKMNUPFL8lfpJWKX1xkwjunmkigoyapexfjvigkqknxefsrhipuqtflykoblrnpqymtptojrdlyffpknereushpfiajbvmuwykoeyuqbxddqlvdzfdomuuchnmxphlvpeophjiufimvrsgczolxjurliadfvkwdmkmcjmjushdmaxgthdzf
EPLCBZGPVCTFRXEGLUOXDPEEECVONQEMJEUAGXV1FEWJHOMCXZTKJVDOIVLADUHNJGJRB5bVRIXUPRQHSIPUXBXWNWFOESCRSDTOPJQYUJIVHXVYRGTNQDBTECYNWULWNQIQGWTADBCCLHZDMWMRHCCKOYIDWNUUGYDRJALHJSGSHULPNFH1APSITVXXPBVASODFVLISJICRNDBYHVPZBSLIOSFXMUHBCC2ccbhumxfsoilsbzpvhybdnrcijsilvfdosavbpxxvtispahfnpluhsgsjhlajrdyguunwdiyokcchrmwmdzhlccbdatwgqiqnwluwnycetbdqntgryvxhvijuyqjpotdsrcseofwnwxbxupishqrpuxirvrjgjnhudalviodvjktzxcmohjwefvxgauejmeqnovceeepdxoulgexrftcvpgzbclpe
RIFYQAJFBXBSNOAELLNHAAIJIAOGZCTRKDATTANUIAEEHFQBPBIDGOJABP2KWJWILUJZKGMZPXEGUFFADCZRQHNBZZDSTGJGOBUJJKFKEXADRRRDNODYPOPZALHTJTEXGXIJASVXWYGXISOIKAYTCGUJEHWAOSHMYNKAIKUHZOVBHIITRKTKWFGDUTYJIOTUEHJX7xjh0XJBYMRNZQKKUIDUXQZMYHQGKNQRGUBSJHIGLDZSJQAJVQICNFMOOO5RLCDGMQR7SITJXXUQR3rquxxjtisrqmgdclrooomfnciqvjaqjszdlgihjsbugrqnkgqhymzqxudiukkqznrmybjxeutoijytudgfwktkrtiihbvozhukiaknymhsoawhejugctyakiosixgywxvsajixgxetjthlazpopydondrrrdaxekfkjjubogjgtsdzzbnhqrzcdaffugexpzmgkzjuliwjwkpbajogdibpbqfheeaiunattadkrtczgoaijiaahnlleaonsbxbfjaqyfir
OSAMXNIB7BNCYDJTWQUQXMMCZHT1CLOVUUAWAWIKXIZBMKIGYKDOAOMNNVVGNIOXDARUOAKKIWW0MDFPCRJSBYSVVGWLBJKGRVJ7jvrgkJJS6sjjjblwgvvsybsjrcpfdmwwikkaouradxoingvvnnmoaodkygikmbzixkiwawauuvolcthzcmmxquqwtjdycnbbinxmaso
ANRMLWRPAVXGEQKZLPSKSKSMTTXICFZI8izfciCKYFKCTHZAUESIQPUPGIZUSZEFAYXTDYBRELXKGWQTYUCHDKFLVBCYPYBFUKUPJCEZTWMPYYXERTDIOVEEGMRVMNWKZJSJXVMJRFMCVUNHINAUZWYTNVXABQFYMXLYTHUVREZYHGMJKX7xkjmPMSSDKIDAJIQRANZKCTEEGQQDBYYBTOGOQSIEFTDYZXCOLYEEOXTGALDJXFNRKCBRYABM3mbayrbckrnfxjdlagtxoeeylocxzydtfeisqogotbyybdqqgeetckznarqijadikdssmpghyzervuhtylxmyfqbaxvntywzuanihnuvcmfrjmvxjsjzkwnmvrmgeevoidtrexyypmwtzecjpukufbypycbvlfkdhcuytqwgkxlerbydtxyafezsuzigpupqiseuazhtckfykcxttmsksksplzkqegxvaprwlmrna
2ZXBQRDKKVJMIRINOZSFRCFIKLHGSOBUSTJDXCKWEFARASXELLJMMBE3LFSFWTM2mtwKVKXQGCRXSZVLTOERGIOBSIHXEMXMIKNRKMHRKCIIKJADZNDIDIYKRMZSIDDJVZOWJKAGMWODVHNYNTNOXLCUSZBQYATBKRPZUBQVIBYWAPHGUWRYLKQPBJMZYPSXDXG7EZGJFTRSFZNQFYSWHBRDLJXJSUCBDUXXQGQVPMXWRYSYYDDDUCUTHOWN5nwohtucudddyysyrwxmpvqgqxxudbcusjxjldrbhwsyfqnzfsrtfjgzegxdxspyzmjbpqklyrwughpawybivqbuzprkbtayqbzsuclxontnynhvdowmgakjwozvjddiszmrkyididnzdajkiickrhmkrnkimxmexhisboigreotlvzsxrcgqxkvkfsflebmmjllexsarafewkcxdjtsubosghlkifcrfszonirimjvkkdrqbxz
IKILXGGFKJG73TALSJRGOVDYTOKVAMSUQXPNZUIVITJAWYCGCNFBBZAALJYQXLANELQROGFGYUJLKLTUKVV8ESKJJXEOWYIEFIHSPLWBTPHUEIVXSDGELCCL3WTHZXTTJFSEBVNWHGHLQECCWRYPCDUBJLGXCQKYBHAASMLHVHNKCVLTQ7YLJNBESDASPWXXCSUTQTQWOFADCGBSOLZGLUKNVVINDCQHMUNAYLWFIRPLPXSSMGSYREUREHNZWJMWPJRMYRLQDM3TTHJA5ajhttmdqlrymrjpwmjwznheruerysgmssxplprifwlyanumhqcdnivvnkulgzlosbgcdafowqtqtuscxxwpsadsebnjlyqtlvcknhvhlmsaahbykqcxgljbudcpyrwcceqlhghwnvbesfjttxzhtwlcclegdsxvieuhptbwlpshifeiywoexjjksevvkutlkljuygfgorqlenalxqyjlaazbbfncgcywajtiviuznpxqusmavkotydvogrjslatgjkfggxliki
RFEVGWPRYSQXWIRKOQBUFHK2kFTYUEBNDRFXHXK88YDYMIRCXEBTOLYNDIAPPPRRTCRUNHUAMNWCSSIRTBKTYGNSWXFBGXGORQWMCXMIITIUFOYITBZZWDTPOZEY5LKBGTHQJSNEIBIHYNTFTEWGXASPXXHRALQQIFDANNTGNASHWPZFRATERQJXRNUYEBYCRADXEFZFYRGNTDRPGUASQWLNQD8dAPTHBCFEDMNWZJPWBUVVRYJITHPJCWP2L0lpwcjphtijyrvvubwpjzwnmdefcbhtpaqnlwqsaugprdtngryfzfexdarcybeyunrxjqretarfzpwhsangtnnadfiqqlarhxxpsaxgwetftnyhibiensjqhtgbklyezoptdwzzbtiyofuitiimxcmwqrogxgbfxwsngytkbtrisscwnmauhnurctrrpppaidnylotbexcrimydykxhxfrdnbeuytfhfubqokriwxqsyrpwgvefr
LVHDDDYWQY4YD5CTUJIMZTZMGYIVDBIKIDEIXIKRMJTBXCYAMSGOBCIXQCNSWCSOZFCGLEWHLDVZNNGI3KPXFMSWAAZIBDTRKSBOTHKYMUFS8KAAB2NKOOFPSRXQXXMBNHEWKCSLHMREMTPSOJWGQHHMYTZJETALNFHFFEBAUNUWEJOESKOXOFPCCOQXDAV1K4OLDRKFQPZPXIAGINLOIDSPYTWTQYDBGWBYDRHGPSCXOCWDERNXLGWKBZRK3FTTNLLSI0YDBFPBQLYNG3gnylqbpfbdyisllnttfkrzbkwglxnredwcoxcspghrdybwgbdyqtwtypsdiolnigaixpzpqfkrdlokvadxqoccpfoxokseojewunuabeffhfnlatejztymhhqgwjosptmermhlsckwehnbmxxqxrspfooknbaaksfumykhtobskrtdbizaawsmfxpkignnzvdlhwelgcfzoscwsncqxicbogsmaycxbtjmrkixiedikibdviygmztzmijutcdyyqwydddhvl
LLGELG0JSEQHQL9lqhDQZTRFLNAXMFTTHIXDORAUUTJZERQUGOTBEEIYDNSDJQDSAWQKJODIAZKZQDSCQBUWOCWVKKKLLAMN8nXIMTSWGKMBIYHWQGKVZAQEDUTWMYJDTOTZHZQSHPYRHUKFIRNNPI5SRNCQXMJNEJTQMLDCT7tcdlmqtjenjmxqcnrsipnnrifkuhryphsqzhztotdjymwtudeqazvkgqwhyibmkgwstmixmallkkkvwcowubqcsdqzkzaidojkqwasdqjdsndyieebtoguqrezjtuuarodxihttfmxanlfrtzqdqesjglegll
LPPHSVWPSKQJZKAHQPGQQXJVUAUSOKZBXZIXUQPSHBVINYBQUHNTWUNSIOLLZGTIF0GAVPQVMUEKJOTUMXGUWLOCH9hcWYIYIEZZXHIAPXNOKQWKAFNROUOWSFOIOSZYFDICPJEUPZIQGWGGVEDR6PFOOIBPJFNINRWTTFGZZTTBUPFMCMRXOKVYXEFZBLDBJTIYMLRHVDQEOAWAEAIUQUDPBTQTXDZWOIPRDVZH4hzvdrpiowzdxtqtbpduquiaeawaoeqdvhrlmyitjbdlbzfexyvkoxrmcmfpubttzzgfttwrninfjpbioofprdevggwgqizpuejpcidfyzsoiofswouornfakwqkonxpaihxzzeiyiywolwugxmutojkeumvqpvagfitgzlloisnuwtnhuqbynivbhspquxizxbzkosuauvjxqqgpqhakzjqkspwvshppl
ZDIHNCBFRLZMFUOAWMNQEIKD6ZEQVHOFJOPXJSJDDAWGNJPLDAML7XHZHPAORODUTIUSWIIXWPXFQXFPDWFOCTVZFROZ2OUTKAMBJEWEIUSSYJYBSFUONUMGSYEMIHXNMXNQISTORPJFISGEOFMNLKHVSOMDIKSMZUZEHNXHKMTHPYKKMKNXMVW9MFUTMVSFTRK2krtfsvmtufmwvmxnkmkkyphtmkhxnhezuzmskidmosvhklnmfoegsifjprotsiqnxmnxhimeysgmunoufsbyjyssuiewejbmaktuozorfzvtcofwdpfxqfxpwxiiwsuitudoroaphzhxlmadlpjngwaddjsjxpojfohvqezdkieqnmwaoufmzlrfbcnhidz
SGCWQAOOEQRMHYDORZBPJNJQUNVWDVRBMSVDEBJRLCZOJSEKLCME4ECYNLBMGCNAFLYHOZJAYFNZYRYJZAUEQCQOL1UZSR7CYFGJXEGHDMMRMDVTMQTUXGLWNJNYVSF6JACRTWZMHDTBPMTRLRUVLJQJMXAMKTPPWDFCQH5BGUIXZSAIJPTTYMQFNNCTSGDGLYJDWUQOHUAIWASZMYEZNBRUAFSXVYFAZQUIUSRFJRAU5LG1IITBPZNLPKIXOBHSMLSVKK7kkvslmshboxikplnzpbtiigluarjfrsuiuqzafyvxsfaurbnzeymzsawiauhoquwdjylgdgstcnnfqmyttpjiaszxiugbhqcfdwpptkmaxmjqjlvurlrtmpbtdhmzwtrcajfsvynjnwlgxutqmtvdmrmmdhgexjgfycrszuloqcqeuazjyryznfyajzohylfancgmblnyceemclkesjozclrjbedvsmbrvdwvnuqjnjpbzrodyhmrqeooaqwcgs
OHWCJDBIRSQHJLWT8tIDVTRUPTAILCUMDMZBCDAFBTGUEKTWMRYMTQQQCHHUTQVMXZMZWCJTMIOTNDRJVLGYSSESVEIDEILPJKUYNAQIWSFKEBJZTGLKUQGAQSOXAPGZGOGYPBDB2EZZFWRVDEFNHZBHQEUPYMJDNGHKGLPFKLCWMEUMGIXWNEGMAEEVRJPVBQTZTWQOZIQEQDGIAZPQCNBJGSQBQGLAQCPWLYFHKOSJ2jsokhfylwpcqalgqbqsgjbncqpzaigdqeqizoqwtztqbvpjrveeamgenwxigmuemwclkfplgkhgndjmypueqhbzhnfedvrwfzzebdbpygogzgpaxosqagquklgtzjbekfswiqanyukjpliedievsessyglvjrdntoimtjcwzmzxmvqtuhhcqqqtmyrmwtkeugtbfadcbzmdmucliatpurtvdiwljhqsribdjcwho
JHVOLRAIWBCXDKTWXBDUKKRQQFQNJARISQUJXAOVMSY1IFYTOWPEASNMKWGKTBMYKFRNAZRTHZLDNIIZYMKVGY6GYXCRZARQPXQOCX3YHV1vhyxJXFQEJL8lODNCIWBAJMZMKAZXNXYVJUTHCNLHXRIXEMUYEZM3mzPYSNKJLVBUZRKQVYIBMWLLDQWSNXGSZQSUGOCLFZISHKAECXQORXIHNBIAQUQ9quqaibnhixroqxceakhsizflcogusqzsgxnswqdllwmbiyvqkrzubvljknsypeyumexirxhlnchtujvyxnxzakmzmjabwicndojeqfxjcoqxpqrazrcxygygvkmyziindlzhtrzanrfkymbtkgwkmnsaepwotyfiysmvoaxjuqsirajnqfqqrkkudbxwtkdxcbwiarlovhj
IJLCPYHSUCIRYJYJBTFLYJJFITFAQMOIHYTQMEYIDRJQRDOOTHPGCFNRQUTDAEXXBLLENRJERSCDSNIUXKIQIYTCXHXCCZHNCKLNRGL4lPUBCDQWNPIEZKAZ3EHQSNPEALDFZEHQUKPCWZP9BHZCVWMHGINUTBZZBINOYNBZJJQRENESOIWCD3dc4CUOEJOJBUWFDRVDPAYCVAHKEZVHYPPDVFTQAMUVEQQEUJWLBDBYYZMISVVFJPDGMDC4ZCCNZXB1bxzncczcdmgdpjfvvsimzyybdblwjueqqevumaqtfvdppyhvzekhavcyapdvrdfwubjojeoucwiosenerqjjzbnyonibzzbtunighmwvczhbpzwcpkuqhezfdlaepnsqhezakzeipnwqdcbupgrnlkcnhzccxhxctyiqikxuinsdcsrejrnellbxxeadtuqrnfcgphtoodrqjrdiyemqtyhiomqaftifjjylftbjyjyricushypclji
VMIXSXUCERJIPGNEQDCSFALVNALJTATICDKCMHEYS0XOSP1WMSICCNVTMVJN3nQSQ6CSIZWWDMWAZHFWECGNYLKUFERZMDDLEJPIXEKGAZAKACXHVWMUTF3MSHOPNHUQFBJLKWQIBBQRUWNXN5nxnwurqKVKADDUKUZMHPDXMZQU5MJPCCBQWTFYUZTZPIGKKASTMQJFVHSFRKFKHJITJYNONJHRJBLH9hlbjr9hjnonyjtijhkfkrfshvfjqmtsakkgipztzuyftwqbccpjmuqzmxdphmzukuddakvkbbiqwkljbfquhnpohsmftumwvhxcakazagkexipjelddmzrefuklyngcewfhzawmdwwziscqsqjvmtvnccismwpsoxsyehmckdcitatjlanvlafscdqengpijrecuxsximv
QBQCZVHCJNRUGNSBKVQQWBVLZJUQRXCSSRYCKBCSPE9HCKMTDUUIUVXKOELJGOYU6IHPJTUQUBRCMNEXXSMRWELFXXMFAGLSPBLJYHCDSLFTAROWGE9eMORGTZSDJBIJURKPYEKVFLYBZRDSHFUAZVFNEOEIJPSYSKCI0iDQBGMGJZMUQOCBDFLUWBVWUBMURXUMYZTFZDUUKKDESWJKHGE3UY1yuDPDGYHWZYDDNAYBWVPLVEKMGYFPWCTRYHAHENHBQO6oqbhBQRKDOENFCZNQ9qnzcfneodkrqbnehahyrtcwpfygmkevlpvwbyanddyzwhygdpdeghkjwsedkkuudzftzymuxrumbuwvbwulfdbcoqumzjgmgbqdcksyspjieoenfvzaufhsdrzbylfvkeypkrujibjdsztgromgworatflsdchyjlbpslgafmxxflewrmsxxenmcrbuqutjphiuyogjleokxvuiuudtmkchepscbkcyrsscxrqujzlvbwqqvkbsngurnjchvzcqbq
U3YBDKOIPNLKLJUOQELBBFT9BLWVQKEWUMQVJORCXXNFFBQMBEEZITMNYZFCJXNQWBHGJMPNEXIWVQBJIMUFSIHMBCYFQXSGTETMZGUSVWHOBAYLPOVOQRIEMMTOAEIUMA0LQQEKFXVLLEJWJUMBEGTPTDQNJLEMUQUJOXMWVOXTELFYWLZAFOXWOEZWGIGQQJMNZLDTONHXJJSCUYOWUKW3TAIX0ICJDFPNOOZTQQZFYPOJFNLFRYPPDOKVRHCRYEOYNOHCYWGE0egwychonyoeyrchrvkodppyrflnfjopyfzqqtzoonpfdjcixiatwkuwoyucsjjxhnotdlznmjqqgigwzeowxofazlwyfletxovwmxojuqumeljnqdtptgebmujwjellvxfkeqqlamuieaotmmeirqovoplyabohwvsugzmtetgsxqfycbmhisfumijbqvwixenpmjghbwqnxjcfzynmtizeebmqbffnxxcrojvqmuwekqvwlbtfbbleqoujlklnpiokdbyu
NSWKFBMWJ5OFNQRCSGDGGXVZEONYNDOLWICDWBJEMNLFKKAHAECFOZQWBYJUUGGPOTVWDLDRHZLJNQEYQBDPRTACIKJLMBCLICACZIXWLQEORFNXFRCOYEQLOOJCLSGYTFIWLKCWBTNWKOEFWMSIUKTPKBRAKBELVIOUKYR8rykuoivlebkarbkptkuismwfeokwntbwcklwiftygslcjoolqeyocrfxnfroeqlwxizcacilcbmljkicatrpdbqyeqnjlzhrdldwvtopgguujybwqzofceahakkflnmejbwdciwlodnynoezvxggdgscrqnfojwmbfkwsn
VAQZKJLIWWBPBLVXQB5GO4MQCVGTAZNCG2gNGQINWPSDVRZMAAFLZEVPVABCHCKDGCAKUFMTJEWJYESQSTPDAPSJBKHQQVVRITHGSF3fsghtirvvqqhkbjspadptsqseyjwejtmfukacgdkchcbavpvezlfaamzrvdspwniqgncnzatgvcqmogbqxvlbpbwwiljkzqav
LFYTMJNFUMJALC03KSNPHJMLYJRXUBTPEUKXHLZEGZKBNBOKNQVCPJXPDQBAOQZYDNGRAUFWZDYK7YLZQZDMXFMWXXTENJSNJMJ8jBRJJPQUCY5yJUIKOFBLPFNPCD0BOSCDMIKHCMKSBUGOGXQIFJLBYQKOFWIIDYFNWYJQYBQIWHVSENRKOKXIXDBSADYZVJUPQQMTHAETBMDPFGYHLCVDV9YERC8creyvdvclhygfpdmbteahtmqqpujvzydasbdxixkokrnesvhwiqbyqjywnfydiiwfokqybljfiqxgogubskmchkimdcsobdcpnfplbfokiujcuqpjjrbmjnsjnetxxwmfxmdzqzlykydzwfuargndyzqoabqdpxjpcvqnkobnbkzgezlhxkueptbuxrjylmjhpnskclajmufnjmtyfl
LIHDTDRMHWIBXEQODMVHDXYUKWNRIIABLYAIPKEAYDOXBBSSECGBFBEUWCMPPVFMWVZLAIUEJLRVYCLKCWL2LLUQRJVLRXWHLDZRWCUFNPZ1WMGMATFHDMYGFZRZJODUWFLTZMYQVKTRSOJDDPRGSWJFLRMUVWFCNVMRYGSOYVBPVWRUYHOW9DKWEPDGBHUXRREWVEUULOOCLNJOAQECPBUYCKXDMUFRRUROSKDQQKEQKSQMJAUPKVZBCY5ycbzvkpuajmqskqekqqdksorurrfumdxkcyubpceqaojnlcooluuevwerrxuhbgdpewkdwohyurwvpbvyosgyrmvncfwvumrlfjwsgrpddjosrtkvqymztlfwudojzrzfgymdhftamgmwzpnfucwrzdlhwxrlvjrqulllwcklcyvrljeuialzvwmfvppmcwuebfbgcessbbxodyaekpiaylbaiirnwkuyxdhvmdoqexbiwhmrdtdhil
MLRAIOLLMOH4JMSYDAIPAVRXBGDQ6AFZCFNJNQWYAWEDWLUBQNZJVLGQPBUFUKGSIQXQ0LBJRIOQVYN5QLYOPLIENHETKWHL4LOC1OCJNYGSWUBGEUYMUTHNTAUORKXRTLAHDTZXURVMEFMBGKRIHEVUYEO8oNEVHIGPEIMHONPTQRIDCCXTUNVF6fvnutxccdirqtpnohmiepgihveneyuvehirkgbmfemvruxztdhaltrxkrouatnhtumyuegbuwsgynjcocollhwktehneilpoylqnyvqoirjblqxqisgkufubpqglvjznqbulwdewaywqnjnfczfaqdgbxrvapiadysmjhomlloiarlm
QJBLDNUKDUCDMFRMEPTBJVGZHFMHPOOCUOKVIXPXDGFIALXDOJCFBYHNHYVLXLMMZN7nzmmEPBBGSTTJHMKML1UQSUEHHTLUMHONDLNUNTPQTHQDHFRXYOBRZPXPLQSXLIHPYWCLRYXQACBJBFXBLGCRBETNJBGLOFG3NNZKDYDXYWJPSMVEBIXDIHRZLGSLWVYOFZQZWNTRMHPSTZAWJYPUNQRRUUUCAPFGG4RXYKHQICJBYITYXZKVBBZLLSNZ2HFNRKPNVEOBFPQ0qpfboevnpkrnfhznsllzbbvkzxytiybjciqhkyxrggfpacuuurrqnupyjwaztsphmrtnwzqzfoyvwlsglzrhidxibevmspjwyxdydkznngfolgbjntebrcglbxfbjbcaqxyrlcwyphilxsqlpxpzrboyxrfhdqhtqptnunldnohmulthheusqulmkmhjttsgbbpelxlvyhnhybfcjodxlaifgdxpxivkoucoophmfhzgvjbtpemrfmdcudkundlbjq
BXIZJJTDD7WW6wAIWWPJCMHYBRYGKTXBQLMQIBPDNRAFRYSHUYZQWXRSHUUCNGTNSRNUDTPKTFMYKDLWATEDVQMCAXXYTPIMNBBFTAMUTTZEVSKQUWUCJIESLWREGZENOADGRPHNIPWRIOKQEYTCGZKZRKDPZUKINVRGWSYFLSOVIIIVYLJYUWXQYAHZWZCEJJDMBHJMXEPXF9WSSNNOMEEJUBAWNBHQ8qhbnwabujeemonnsswfxpexmjhbmdjjeczwzhayqxwuyjlyviiivoslfyswgrvnikuzpdkrzkzgctyeqkoirwpinhprgdaonezgerwlseijcuwuqksvezttumatfbbnmiptyxxacmqvdetawldkymftkptdunrsntgncuuhsrxwqzyuhsyrfarndpbiqmlqbxtkgyrbyhmcjpwwiawddtjjzixb
YFOSDYXOACVDN93FHBWGIGZFATQFRJANIOXOXZFKXICBWAHUIDJN2IQTB9PTASDEHYWPYIEXFNTRKZOACPGLWFDUGNDURJZJJDFJFOIOSDDMYJXKGPFLWQKYAGDJPKFMEEWCKUMBPUQPQSHHLQPWUHZGDOUTPVMPBA3abGPWVLYUHZMZAVKPEJZGXIELTUPPVRYXOBCVB4DQJLYYHMIDSROBHZGVRVXPLHSBNWIJBEZVWLSPXXUBG0gbuxxpslwvzebjiwnbshlpxvrvgzhborsdimhyyljqdbvcboxyrvpputleixgzjepkvazmzhuylvwpgpmvptuodgzhuwpqlhhsqpqupbmukcweemfkpjdgaykqwlfpgkxjymddsoiofjfdjjzjrudngudfwlgpcaozkrtnfxeiypwyhedsatpbtqinjdiuhawbcixkfzxoxoinajrfqtafzgigwbhfndvcaoxydsofy
BQT5TPDZL4ZBPAFTXZQSRTUOJPPEMWXIKXLXKCSCRSQMOPTPSV4vspOZEVYUCPODAAFIMVNWZJVMJEQZFTDLSFEZRKOSJICRBUIZCFLOBTKXNUJJATIXODFHJBPMOBQIIPLEEABAGBDXR0FUDXSEDXOOHCIOTYWQMDLKHTXTRBTTGAGOJCRPXYURPBP9ABCNXPYI2iypxncbapbpruyxprcjogagttbrtxthkldmqwytoichooxdesxdufrxdbgabaeelpiiqbompbjhfdoxitajjunxktbolfcziubrcijsokrzefsldtfzqejmvjzwnvmifaadopcuyvezotpomqsrcsckxlxkixwmeppjoutrsqzxtfapbzlzdpttqb
CXYICJHDOOPZILEGDFXOXALUFPPAGQCIU5QITJMLFMDLDYDGDCRAYQKQDUOMPRUJLQECMLSPYZ5AQMCMBRJTVVSHAEPOPHCBHXLIEUBFGUCECLVIUJMPZPQFUSWZIXLLCCAAXZDWEYIUDJBDMVYLWGX9xIMVB56RXMCFMHNBUNANIEPLMHVCJUPNXKPUCCLFQG4OGXYINSWMTM7mtmwsniyxgogqflccupkxnpujcvhmlpeinanubnhmfcmxrbvmigwlyvmdbjduiyewdzxaaccllxizwsufqpzpmjuivlcecugfbueilxhbchpopeahsvvtjrbmcmqazypslmceqljurpmoudqkqyarcdgdydldmflmjtiquicqgappfulaxoxfdgelizpoodhjciyxc
OWSHADCVISKOCRMJXKZZZEFGWBDDCVKJENPERBGAKIOMGWLPBSOROYCAIPOTQDIYSYQPGQCEVIDSMFAOHMBZOETPFWNCRLQQQHHHOJJQYFNXPWQGCXEYKYHQTUXNOEXUCEISVPQHQTUWMIXMQXEGGOITFUNYPEWHISBUNIIXFBCEATO3otaecbfxiinubsihwepynuftioggexqmximwutqhqpvsiecuxeonxutqhykyexcgqwpxnfyqjjohhhqqqlrcnwfpteozbmhoafmsdivecqgpqysyidqtopiacyorosbplwgmoikagbrepnejkvcddbwgfezzzkxjmrcoksivcdahswo
OZZIHBCNUMXYYQIXUEXZWDHBHEYWGPRYTBMYIAOFBTVSSOVGDLEYWCKILRYMDDXDYZHMXBWXWAKRYFAEIOJYOULRNCQXSEESMYCITJPROQIKLFURFQQDTMWLTGAJNOLSAWLYMU3WGYXIGQOHEZGXCLVGMGUAOZANRFWORYZTZUDSVBLMSCVLBOZGNBLXPOZSCYXMZQCEKWKKUZCAQQAICOMWJDVCAIBYBDSSNJOLXDUNUPHVEOWWDHKJTJOVZD2dzvojtjkhdwwoevhpunudxlojnssdbybiacvdjwmociaqqaczukkwkecqzmxycszopxlbngzoblvcsmlbvsduztzyrowfrnazoaugmgvlcxgzehoqgixygwumylwaslonjagtlwmtdqqfruflkiqorpjticymseesxqcnrluoyjoieafyrkawxwbxmhzydxddmyrlikcwyeldgvossvtbfoaiymbtyrpgwyehbhdwzxeuxiqyyxmuncbhizzo
HDPIHSPQRVGYLGCDLTRVVBSOCZYBJRLTWQPNRWDKFIXDFIZSLSGPEOQYMNRQQAWNDKKXEIDEKGTBWWQWI0XTEMTDFKPWKPTJIWWTFJMSLMOPMSRWRWHPCO7TORVQPGFWWOCVPIRXIQ3YQJQMPP1ppTGADFNWHFNRAUUAOUDQBPKGBNJUPECXZTJGTXHQAYTJGNKMCZKIAXODODGZZZOKLHZU97PPXPGWFZSOXXENXSG7JTFILMFZLIFEUBFT0tfbuefilzfmliftjgsxnexxoszfwgpxppuzhlkozzzgdodoxaikzcmkngjtyaqhxtgjtzxcepujnbgkpbqduoauuarnfhwnfdagtmqjqyqixripvcowwfgpqvrotocphwrwrsmpomlsmjftwwijtpkwpkfdtmetxiwqwwbtgkediexkkdnwaqqrnmyqoepgslszifdxifkdwrnpqwtlrjbyzcosbvvrtldcglygvrqpshipdh
BDIYFG6KTTSDMZJQSWUQDUCPJYMARIUTTHFPPXKHAGUTGYJNXIBCNSVEDVQCYEBQ8qbeZEP2KWDV6CSNS3sHXJVEEZHEGNIDZDKONMQAOYBNZXMKTLBUQFVTCRMHERKQPOOEYST9tOWISKHWUC3WXCVAM4DTMNQDTOOHAHRFETNMD5dmntefrhahootdqnmtdmavcxwcuwhksiwosyeoopqkrehmrctvfqubltkmxznbyoaqmnokdzdingehzeevjxhnscvdwkpezycqvdevsncbixnjygtugahkxppfhttuiramyjpcudquwsqjzmdsttkgfyidb

ZYXACBLSNOAAUEVZXEUCGOXSDOINWVHQISP5ZIAGHFFKTDIBSZTGXMFADKYSWMPQPLPHAQHVVWRQUMNFRLNLSFIMZVXPHXXOZPTLPWTTWYXDCVXGOQAQTVONHMZNKWTQJCEDNAPK4kp8LFICIOVTYWGE8egwytvoiciflandecjqtwknzmhnovtqaqogxvcdxywttwpltpzoxxhpxvzmifslnlrfnmuqrwvvhqahplpqpmwsykdafmxgtzsbidtkffhgaizpsiqhvwniodsxogcuexzveuaaonslbcaxyz
RVRKMBTRVCILXWHCQPBJYG8gyjbpqchwxlicvrtbmkrvr
AKQEEBTMQFMIYDWAWZQLLEBXRR2rMJVQGADYXRNUAL9WORVIWVYTXUDCPRUAJRGIFVHWPUDRVXHPVJSRDHIVLVYAUETYAIMIPKZERBKKAEACPWFPBFYMETUEQIETWJ2VBVTANRYUMPOUIIVMFBJINWCYLGUPPCOGAJNXQTRUGKO3LHMCIHLNVYUYU5YFNHYCINNSLPWSCKOXGPH5AXIUNOHKJHIHKML9lmkhihjkhonuixahpgxokcswplsnnicyhnfyuyuyvnlhicmhlokgurtqxnjagocppuglycwnijbfmviiuopmuyrnatvbvjwteiqeutemyfbpfwpcaeakkbrezkpimiayteuayvlvihdrsjvphxvrdupwhvfigrjaurpcduxtyvwivrowlaunrxydagqvjmrxbellqzwawdyimfqmtbeeqka
ODFHAR0SX0ZYRQBRVQIMEBOBFRGZLXDBCHTASPWCMDBWDUIQHOWRJLHWGSDSONJUUFQQUCPJGQTUHHPYMIUFCXVJVLRHMTCVREJYAEGSPXFDVUJWTYJZHUJNJEJWVAUGEUYNLCZCJEHMRNMWESLDUPPOXESSPYVPW6NXHKKQFOEOOLHZZFZZVRLNFSKUMHPLLAVDNSJCKWKXAAMFBHMQZCBHMKYRZVT7GMIH2himgtvzrykmhbczqmhbfmaaxkwkcjsndvallphmuksfnlrvzzfzzhlooeofqkkhxnwpvypssexoppudlsewmnrmhejczclnyueguavwjejnjuhzjytwjuvdfxpsgeayjervctmhrlvjvxcfuimyphhutqgjpcuqqfuujnosdsgwhljrwohqiudwbdmcwpsathcbdxlzgrfbobemiqvrbqryzxsrahfdo
JQPRMWQ7LPWRGUBDZRWVHMAGFWJHVCWKWIKXZOIFNLKAHTZYWRQQLYHUGAKALFEGTZXHKQMXXRGKPLZQDWCAYIHNZRP7pXYXQNZXCQNLSDMJPZGGLBCLIKHHKQCDOYRNQ2qMFSWOV0UPESMS8MIOHSVHTDZSCRMXSMONSWTCCOPMFQGNQBJDDBI3RSGJFQDWNSJQAMOSABEGV8XMAYKAVUEBRFSGJILOQXNUELKURAYVDM7mdvyarukleunxqolijgsfrbeuvakyamxvgebasomaqjsnwdqfjgsribddjbqngqfmpocctwsnomsxmrcszdthvshoimsmsepuvowsfmnryodcqkhhkilcblggzpjmdslnqcxznqxyxrznhiyacwdqzlpkgrxxmqkhxztgeflakaguhylqqrwyzthaklnfiozxkiwkwcvhjwfgamhvwrzdbugrwplqwmrpqj
EEUTTJVWTJEDJZUKCDEOCXPILBIGVQABAEPHAQMPMUTEUVYXIP7YF9fyFKUJEUNEZWLZHYMYZPEQFMWKAJCHVPDMILQHUGUECLPXWWMWOJXQA3T9HHLLTBBYHMJ6PDZ0PBDSEAJXULPVREIYRKBRUXHQBF8fbqhxurbkryiervpluxjaesdbpzdpjmhybbtllhhtaqxjowmwwxplceuguhqlimdpvhcjakwmfqepzymyhzlwzenuejukfpixyvuetumpmqahpeabaqvgiblipxcoedckuzjdejtwvjttuee
FGKEQDUKARUJZLEYSVBR7rbF0SXGFHJQLEEBDXZUOLLDNQOUBWYUVXWREQJHTSWIGQVNBKOQYLJWD0dwIJZEDDMECVMCQUSKPDSTCGVZTSYTFXYFNODXFJJMDEXCZLDGJVTDJHATOOHJWKRLJOCYKNEUOKTEKIAUXAVMDXUPUYPHOVEMKQQSMAKQZHYYNGDTXJBBHSQDPZKCFYBWYVGEQJJKSDWXEDFLHVXH9SSSVLLDSMNTXWHNZ6znhwxtnmsdllvssshxvhlfdexwdskjjqegvywbyfckzpdqshbbjxtdgnyyhzqkamsqqkmevohpyupuxdmvaxuaiketkouenkycojlrkwjhootahjdtvjgdlzcxedmjjfxdonfyxftystzvgctsdpksuqcmvcemddezjijlyqokbnvqgiwsthjqerwxvuywbuoqndllouzxdbeelqjhfgxsfvsyelzjurakudqekgf
KPZPSVEDUEPSTQNOVQHZPYLZIUSVFWUWTWTPEEBUDTEVLGQHQSHZQEAHXVWKREUERHXXAQPMIOAJFANZXWYORGIVDNXIVXVILHOQKGENXUOHVGYDFZEZEIAJXAJGCYJCFRKIRXWWJLYDDUPXKNUBIYFHTXVSCOFECEOWHIDCYDOFEBYOAPPWJEHGWUMZICGJGPRRQTLPMC4cmpltqrrpgjgcizmuwghejwppaoybefodycdihwoecefocsvxthfyibunkxpuddyljwwxrikrfcjycgjaxjaiezezfdygvhouxnegkqohlivxvixndvigroywxznafjaoimpqaxxhreuerkwvxhaeqzhsqhqglvetdubeeptwtwuwfvsuizlypzhqvonqtspeudevspzpk
BFUXUACJJJEWXXHZJREKKWLMWMEBAAHRIPDSVXHCWFNGYXCYB2YKKYYXBTSMRPWPIABYKPIIYAGADXUDENGAUJWRQLEQBEMXDZFRWZUDOWRMGRQXSJACWONWFSPORPDIHGQJHQQAEDHJOCWUY5KSZOVEUVNQSGKPXDSOMAYOMAMGKMZZKGRZOPMZIEXBAJSE5DUZTBZZ2W6NFWVYVQNUNK5knunqvyvwfnwzzbtzudesjabxeizmpozrgkzzmkgmamoyamosdxpkgsqnvuevozskyuwcojhdeaqqhjqghidpropsfwnowcajsxqrgmrwoduzwrfzdxmebqelqrwjuagneduxdagayiipkybaipwprmstbxyykkybycxygnfwchxvsdpirhaabemwmlwkkerjzhxxwejjjcauxufb
VTUMNRBZBRGIWPEDVILDKMOVUBKYZWWQIOKWKWHSEVAENTIQEVTKUOCIPHUAFYQQOTRSLDARSMKETM8BPVBMNDIDJNJQFQQZTSWCWGQAXFCZOBKSWGHTKGZPFRIWBUISFYRZSEL5YVFPQGIFUIQMYWIEJZTLEANWINNDZVNLCTTAOGEUCOLZCGKNNZACTPPYJUGZDYYYQPN89NNFPYHBWIADOKODQSYPIKJESKTEDMMSJ9jsmmdetksejkipysqdokodaiwbhypfnnnpqyyydzgujypptcaznnkgczlocuegoattclnvzdnniwnaeltzjeiwymqiufigqpfvyleszryfsiubwirfpzgkthgwskbozcfxaqgwcwstzqqfqjnjdidnmbvpbmtekmsradlsrtoqqyfauhpicouktveqitneaveshwkwkoiqwwzykbuvomkdlivdepwigrbzbrnmutv
BLMGNAIYUCZVKOZDNHYVMDDCPLDARNSCSKWPTOQODRPSCECLWWWQJTDPXRMCHWTSBAIXNRXOYETRPFFUZHLWURUGRYOTJDKAYTJEMMPPEDQGJNY6ynjCMZG9gzmcgqdeppmmejtyakdjtoyrguruwlhzuffprteyoxrnxiabstwhcmrxpdtjqwwwlcecsprdoqotpwkscsnradlpcddmvyhndzokvzcuyiangmlb
DH1IOKLZJNVTGEBPHOKCBYNYITJNYPASUTDCMGEYOZDJFASMSYULXZ5VHKPMAQBVNVOFLVKGIJGTXVVMNXVMNXEJPGIRXSOWBSHYQMFYGVGYRZTKKWTWHLPKAABVDPANKAMDTGIXMRZEBSXFDEWKRLEWTVOXFSWPJUZEOZWDETDRNVJIIDEXGIPAJYOAIJIAAPAXYWELOVWRZLE2elzrwvolewyxapaaijiaoyjapigxediijvnrdtedwzoezujpwsfxovtwelrkwedfxsbezrmxigtdmaknapdvbaakplhwtwkktzrygvgyfmqyhsbwosxrigpjexnmvxnmvvxtgjigkvlfovnvbqampkhvzxluysmsafjdzoyegmcdtusapynjtiynybckohpbegtvnjzlkoihd
LRFMTLSKRWVSDEXANTPWYDQNBTHRXNXQPVKQDLKDYPJKDWCUSDCDVQBSGRDCQJBMKIAZTPDIQZLXWCNZDPKFNAHBRAYHWNLKKIDOBKEENCMEFRHLDFQBFIWOXAZNGCMNFMJPVOPRXRFCBFDMXXRLTRAAJNYEOVZASZH3SLELKPKPVUOWFACZSEBVKQYMSJDQHSYVRVREMYQB6bqymervrvyshqdjsmyqkvbeszcafwouvpkpklelshzsazvoeynjaartlrxxmdfbcfrxrpovpjmfnmcgnzaxowifbqfdlhrfemcneekbodikklnwhyarbhanfkpdzncwxlzqidptzaikmbjqcdrgsbqvdcdsucwdkjpydkldqkvpqxnxrhtbnqdywptnaxedsvwrksltmfrl
OFXBHPYZNZDTTZVVUJHGQAATMVKVCVZFWBDIMIBEJLFXZHLEZMQUXAUGGTLAQGETFPXQADSUOTIQUELEARVDBYFLFZOBXKPSJYNZSILCZGULPWYDYPJGQIQDDESZKBRTFGDLTPXHBGHPPFEFIMYWWNV9vnwwymifefpphgbhxptldgftrbkzseddqiqgjpydywplugzclisznyjspkxbozflfybdvraeleuqitousdaqxpftegqaltgguaxuqmzelhzxfljebimidbwfzvcvkvmtaaqghjuvvzttdznzyphbxfo
BZPR3rMMOFOKRFR3HTHUASRQAERAP3BHUXWPJNH6UOGMSARFSZTTJZBDMJ25VDVHSLWKKEVWOBABTLJOTEDIYJSEBQNVAWGRSJBUYJRXDRUOAWEUJVNTPAXSKRTLQTOMFGGQBFCOBAJVKIDSKNXXENIOKGFEYGWSNWTUKEAGEHEXNCBMVRLIAQYGJARQISUKRTGZPADFSFLWMIJXTCVGJIWOINLVKINCTRYGOQLIALONP1pnolailqogyrtcnikvlniowijgvctxjimwlfsfdapzgtrkusiqrajgyqailrvmbcnxehegaekutwnswgyefgkoinexxnksdikvjabocfbqggfmotqltrksxaptnvjuewaourdxrjyubjsrgwavnqbesjyidetojltbabowvekkwlshvdvjmdbzjttzsfrasmgouhnjpwxuhbpareaqrsauhthrfrkofommpzb
QTGPRCHDXYHEHJAPOGNRMLXHSPBAKMXV4MHDRZTRBPMAMIBQPDVGJ5CJX5UQSGTJNMGUSREPI2BDLFWSPYPEYOXFZEDEGBLNMTCZDADVUFBBJSEAZIS6EWDMXEQNROUNSOCKPUPNDHBGCDDBIHNWCRYQQLJANDKIZMEKRFZVVIVRSBFUGUIMBQVTRHXHLIDVMLGPQSLVETENACPSLKKWJDK9kdjwkklspcanetevlsqpglmvdilhxhrtvqbmiugufbsrvivvzfrkemzikdnajlqqyrcwnhibddcgbhdnpupkcosnuornqexmdwesizaesjbbfuvdadzctmnlbgedezfxoyepypswfldbipersugmnjtgsquxjcjgvdpqbimampbrtzrdhmvxmkabpshxlmrngopajhehyxdhcrpgtq
CMKAFGISS9WUFGRIVZWWTTLDPRZG8KISKZAAFQFYEMGEBOPMORQWL2lLDFVJNRFLQIKCFZZE3EYBEOAMQSAERSKQCPUHAGSWRRWQWXWLQAWIILLWVBULGBBYT5GCRIBRNTCFHZJURVIKVKGXBYCGOBBAJILQLDDSNJBGSTBUFJAVCPZONPIP5pipnozpcvajfubtsgbjnsddlqlijabbogcybxgkvkivrujzhfctnrbircgtybbglubvwlliiwaqlwxwqwrrwsgahupcqksreasqmaoebyeezzfckiqlfrnjvfdlwqrompobegmeyfqfaazksikgzrpdlttwwzvirgfuwssigfakmc
ILEMTTFCKUOHVIMUHCKJIWHHWTUMWWAMCAFFOSVAKFELSBXUCEBQFZAXPCKLNQHXGZZDCTNZBWJXXJYOHQXNJADKRXXCPLFVAJQGEYBM1mBBAJGXOZLXHSHFILLPGCDMCIGKTWMSLH2hCQFODP3pBKTOJEWLSGISEEENGZHMNFBYNVZ4zvGDFZRCYGXBAENCFCUHFCJ7QMURXDDLCKE9ekclddxrumqjcfhucfcneabxgycrzfdgnybfnmhzgneeesigslwejotkbdofqclsmwtkgicmdcgpllifhshxlzoxgjabbbyegqjavflpcxxrkdajnxqhoyjxxjwbzntcdzzgxhqnlkcpxazfqbecuxbslefkavsoffacmawwmutwhhwijkchumivhoukcfttmeli
U6IQBQUWMQCYMLQN8UNANLZYSQSOAEUIEUEOTKEFSVXDKEOYUVMSVJRJHKPBCUOFIVZCYGLJWZN0CVVNZMGMGASPIBLQNCUCKXXBCSPKVYHFRISAAQNPRRJDDRLCZORIBHB4JINTOGJQZBVHJJCFFUAXRFFURZHVAVIZVWELHQCYFXHTJPHY2AQRGAJSNBIVZJZOBDVHLLW1KKNFPNMO7TKSCUAVUAXLIDGGSAYYSDROL19lordsyyasggdilxauvaucsktomnpfnkkwllhvdbozjzvibnsjagrqayhpjthxfycqhlewvzivavhzruffrxauffcjjhvbzqjgotnijbhbirozclrddjrrpnqaasirfhyvkpscbxxkcucnqlbipsagmgmznvvcnzwjlgyczvifoucbpkhjrjvsmvuyoekdxvsfektoeueiueaosqsyzlnanunqlmycqmwuqbqiu
KANFDOGZPSKQMUCFCDBMLCWHOITXM8VLJDFIMWHFVPH1VJHRARFCFTUGQQHXOGXNRFAEKGTQNSFABORIMMONLICJRBEKKWFOHTDOPUUMWWNYNQPEWXJIPIVIHDVOKGCKC9YGXHJZZGGZQPQBPLNVVUZPSMURSDEGYVFWAHEDPUQFLKWFBDWEZGMASENVAIO9oiavnesamgzewdbfwklfqupdehawfvygedsrumspzuvvnlpbqpqzggzzjhxgyckcgkovdhivipijxwepqnynwwmuupodthofwkkebrjcilnommirobafsnqtgkeafrnxgoxhqqgutfcfrarhjvhpvfhwmifdjlvmxtiohwclmbdcfcumqkspzgodfnak
ZSR2YUCCJFTIXIOJNMTYZUTCGZCXI0iPYXGAGVHIWWQVNHLVDRYKUZXDJKFVRMLEOVCMABGCQYJZCVDDHAYRSTRHCCEOZQOLHEWSAFNTUQSBQXLPSYISGBLJPH3hAJBHUTWQONVWHAUYUWYL7KSUWMCUTUVDROLVBTGMAAXBHORCSSWIFMFNTXADCSBJTHHUKPIITCDAUKZGXZXPWOYJQKBQAEZQXEADAMRGKJWFYSJAQU0uqajsyfwjkgrmadaexqzeaqbkqjyowpxzxgzkuadctiipkuhhtjbscdaxtnfmfiwsscrohbxaamgtbvlordvutucmwusklywuyuahwvnoqwtuhbjapjlbgsiysplxqbsqutnfaswehloqzoecchrtsryahddvczjyqcgbamcvoelmrvfkjdxzukyrdvlhnvqwwihvgagxypxczgctuzytmnjoixitfjccuyrsz
