4GXUULVYFETJKFC0cfX1RH4ZZVT3tvzzhrxkjtefyvluuxg
UJXLJ2FWUMB1RV865RNVMOJG0Y2YM5myygjomvnrvrbmuwfjlxju
UH0hJ2OWDZYPDQZJLGA0agK8kljzN2nqdpyzdwoju
ZLIHKULJMPEXHINC8RLPOSK1ZWH8AZNYXIMDVA9avdmixynzahwzksoplrcnihxepmjlukhilz
8WZ9zw
59OHQATV8QFNE3ZFOMM9LYISZFFY1yffzsiylmmofzenfqvtaqho
Z6MNINGOBUNIDC9cd7MF8fmiX7xnubogninmz
NTQBMPVDVWYY8yyVNWBES8JSLNXW4KEJJO6ojjekwxnlsjsebwnvwvdvpmbqtn
7MDKU9ukXJZRZEFLCZZNSOR6rosnzzclfezrzjxdm
AVLGR1JRR7rrjrglva
