CP0AF7VEFUZFDYZCCD7UUFCH0hcfuudcczydfzufevfapc
V3PVMDDPBT8tbBRFFBI7ibffrbpddmvpv
VXKXNWVTN0NGWX7xwgnntvwnxkxv
CKT0US0suJMAGAZ6VCWODJOQZHO8PX5Z52zxpohzqojdowcvzagamjtkc
BKXQKA3aVDRBC1IB2Y3KFX6xfkybicbrdvkqxkb
SEB7ZR7rzL81S2GSHS9KSF6fsYWCLEZGT3tgzelcwykshsgslbes
39H7VIE9VYM9myvAYQEBGK5LHV7ZJ8jzvhlkgbeqyaeivh
AUOJAIDVSUXV0VJXYT5XS4sxtyxjvvxusvdiajoua
INJIVCHYU06uyDBT5tbBALZGQQPSFXNT0UVS5svutnxfspqqgzlabdhcvijni
H7MMFB47ATV6HVLK2PLAOQH4Y4NH6CPI16ipchnyhqoalpklvhvtabfmmh
ENY9SOFYUPRXL5J3A3ajl3xrpuyfosyne
ECJBG18GDCL9ITKQ4FG6G0YPWKWU6uwkwpyggfqktilcdggbjce
NOVZVWPTBR20PYKWMI2imwkyprbtpwvzvon
WGRC441APMXYGDY6yCTJED6dejtcdgyxmpacrgw
KOYHHFSVKXYIIUYZXOU6uoxzyuiiyxkvsfhhyok
AONEIZ8VHEWTZTPCNRNIHFYXRELYT5tTVHTY7ythvtylerxyfhinrncptztwehvzienoa
I3VCH9IOCMUYU5DDQR61rqdduWCTKI5iBPTFZKV8vkzftpbktcwyumcoihcvi
0H2hUFA1afHILSWQKXEGY9yYHVUNBJ8jB97bbnuvhygexkqwslihu
0PVNH5PCQUBNMUGHKJ89AI7PGGJPIFP2pfipjggpiajkhgumnbuqcphnvp
KDDM0mddk
SW0TXGDSGEIVZCSPOXOVDN3MR77rmndvoxopsczviegsdgxtws
RTMGVFYXECOQD975NDZZGVQOYTB3YX7xybtyoqvgzzdndqocexyfvgmtr
HJK28CIBE0QI7A8ai3KCZ4OCH37hcozckqebickjh
ARGBL2lbgraLAL9A9TE6RZ4M2mzretalal
RGKLZWB7UIFERUB1DAAVBYXSY5NGQ5qgnysxybvaadburefiubwzlkgr
9ZLHAXMPLFMO8DTEDYRNJ0P5CQV5vqcpjnrydetdomflpmxahlz
D29UFSGVOA4CR1SYKEVVXIZ9zixvvekysrcaovgsfud
3YNX9URECWS27PIVWHIRSIFU4J9L9FM4DU4udmfljufisrihwvipswceruxny
5AHUF6YQKMW9wmkqyfuha
ZUY8GAWB7bw1aBLCKAGWGGUOJB7bjouggwgakclbgyuz
RXOSX6TANKSTEGJJPG3LAX08SM4msxalgpjjgetsknatxsoxr
FHITPWGY32FPU9upfygwptihf
EFPS0XYX5xyxspfe
LULAZQPAEPD9ANF6O9of3SPXTPIGD7dgiptxpsnadpeapqzalul
X8xWR7UI4iuXVEHNOV97BBI5ibbHSN8nshvonhevxrw
T7SELLRJNRJIBWV78vwbijrnjrllest
SI1I78H2PT52Q2LQSLH6hlsqlqtphiis
FEZOZUQ298RDHVAJK886kjavhdrquzozef
DAR07JUL748JPIEXIL6lixeipjlujrad
WC7FQZNN0nn5zVUISBCT8tcbsiuvqfcw
L7l9IIOYTACTTHOZDBUF1AUVR1DW1Z1LK4klzwdrvuafubdzohttcatyoii
WV7vwCBDNL7PSDV8S5sv2dspWTXD2dxtwlndbc
KDZJIQEXWM4FZOJ50jozfmwxeqijzdk
QF7fqXX4QZ4zBRTAJO9WC1cwojatrbqxx
PEBWQF3fYKXJ5WXQWQWAS9sN2LH8DWLGSDO1odsglwdhlnawqwqxwjxkyqwbep
CW7wcJWANYSFIWYVDFIEXLCNUN8PB9S6sbpnunclxeifdvywifsynawj
SDM3FT1UDEQGFS9C6csfgqedutfmds
VWVSESDLI5ESKYOXLANNXQDMP5XHAXGW9wgxahxpmdqxnnalxoykseildsesvwv
BVDCNZ420LOSLMUAT9LPAD7dRFH08hfrKRQYPP8X6xppyqrkapltaumlsolzncdvb
Q0YDIINDDKJGX95D0dxgP0YK7L4lkypjkddniidyq
BNRBWZKTEUYBUDOGL2IBCLP8plcbilgodubyuetkzwbrnb
O06ULLOD9DNPRM00VU5uv2mrpMX9ODF3fdoxmnddolluo
JOLADCRASRFPHFSBXAGPN1ZHS1shznpgaxbsfhpfrsarcdaloj
AOIDOM1U1NOJCAJIHH0hZUD4duzhijacjonumodioa
7XZS00OP2BR6rb7ZSDN6RS7OIPD8U7udpiosrndszposzx
Y1HFDEMAMACM6LTEEC8ceetQ6qH2TLRF4frlt0hlmcamamedfhy
7WLYXLV9QMCJB73ABXBLDJHN7TISD2dsitnhjdlbxbabjcmqvlxylw
SSP3E4ERKPOBO5oSR5KLFNSSNC4UDF9fducnssnflkrsbopkreepss
Q8HZPMCXZ5zA8SDSDLS7RWAPV4vpawrsldsdsaxcmpzhq
IENLXR98rSK9ksLDC9YKQG1SXPY7ySDQTBGK7kgbtqdspxsgqkycdlxlnei
CRAIWBSIPVSQXKDEZANZB7BNC7V1vcnbbznazedkxqsvpisbwiarc
P35YCZC1BMXWNBW4wbnwxmbczcyp
AWWLPWAZPSLXIEFEVCXL1WTWFYQTIR2ritqyfwtwlxcvefeixlspzawplwwa
TNOAATY7CNL1lZW9V51VEBJMZV9TUP3pu7tvzmjbevvwzncytaaont
8ZX6xzFIN8O9o6YJWYP4QZL6lzqpywjynif
TLQJ4jWFPW0RGYG0FDFXPB2W1Y5ywbpxfdfgygrwpfwqlt
RZJ9FTANTO6VROFBTRRKWO2owkrrtbforvotnatfjzr
MMOZX0EU8H1A9EMBWJJGDSNWSR4rswnsdgjjwbmeahuexzomm
DWEUWTCYZK2kzyctwuewd
JQGYNQGRYQOFLVR74EN4FEBVJS4sjvbefnervlfoqyrgqnygqj
NTSV0ZBFRC1WVIO5NUVN2nvunoivwcrfbzvstn
HLY8yKQQGMSJXSAXILJRULX2AJFTR2IOSG5gsoirtfjaxlurjlixasxjsmgqqklh
A4a8Q8EFRHVM8IWMR01C76crmwimvhrfeq
SCMFS0G3VHURNSSU9CNAGS0PA6R48rapsgancussnruhvgsfmcs
2HXAZUKHBDHURK9MQQN6HFUMWTFGYVE2evygftwmufhnqqmkruhdbhkuzaxh
P62p7L1MBJXKMIHQYXHRL8NV5vMKHNQ14qnhkmnlrhxyqhimkxjbml
PZCM6RA8S4T84IKWTKUJ0QPI8ipHDVNGMDX6RDS3sdrxdmgnvdhqjuktwkitsarmczp
KPZ6zUXBARZ8zQTC1RDVJ5IBJUC6cu7j7bijvdrctqrabxupk
WXQPHQKIKV6Y6NLFGBAIQFXXIODAMD92NRA6aAY4yarndmadoixxfqiabgflnyvkikqhpqxw
Y1Z3ING1gS4GCUO4oucgsnizy
ZEEMKKZDOZQDG0QOK3k7oqENJZXJERBT5GU7ugtbrejxzjnegdqzodzkkmeez
SAWSQ85RTO1otrqswas
GY9ygBXLO45RQADATIC38c121JJOLTMTAT9tatmtlojjitadaqrolxb
ZZBNCRBETRGS2MQ7L3K9klqmsgrtebrcnbzz
F0fTM2HZJSFYXEJQUQ4NH2OBLW5wlbohnquqjexyfsjzhmt
MKEGJCKJIVCY9YFPNDGFVD0dvfgdnpfyycvijkcjgekm
NQK1XSBCKTGJ35X6xjgtkcbsxkqn
4YFM384VLCKEL5BHJGXAOEXE4O8oexeoaxgjhblekclvmfy
JXYNFR9NAPPLC8clppanrfnyxj
WKKJRCGOJ9C3cjogcrjkkw
5HDZYZ7zyERSZSWLFJY8yjNK4kHOQ2qohnflwszsrezdh
7SYH4W1YRI5OSPJKORJEZCC90cczejrokjpsoirywhys
92IFBLFUELVNNPDGTYZKRMSPA5RT8LZ19zltrapsmrkzytgdpnnvleuflbfi
WYMDBXC12OHIZXZTVFQU6MF4fmuqfvtzxzihocxbdmyw
DBDTR6rN5RWSF4SJB2VZYLE9elyzW1IXACCKZS8szkccaxiwvbjsfswrntdbd
ZBGFYEL81lBBJDK2kdjbbeyfgbz
4TBEOZX7xSUD6duszoebt
BAQQVAMIGN6RPNI9FMZ5A30FP5pfazmfinprngimavqqab
DNWJ6ZHHOUQ4UVXQC3cqxvuquohhzjwnd
OQ0JCAW8wacjqo
6ZLNUC7cuJPAT14MELA4LN4nlalemtapjnlz
O4UVXG9gxvuo
CRTCVG7UJAMFPTWR2rwtpfmajugvctrc
RJYY2MQMRP61pYRA1SONW7F9RLA9FNR9rnfalrfwnosaryrmqmyyjr
85K7HXWZPLB4SONQXOM6m5E41MN1nmeoxqnosblpzwxhk
7XUW8RNIINJBKX83YRWE1QXPPYCYSR9rsycyppxqewryxkbjniinrwux
KONPYYVWZGVQKJJZ4CWRUHEA8aehurwczjjkqvgzwvyypnok
8
W24U4XU4AJRJDGMOV3QQC2cqqvomgdjrjauxuw
MHQ7YASFUTXDOYYX4xyyodxtufsayqhm
V7EL8leAASEUXD1FJLK5kljfdxuesaav
HDTKUWYTT0N5HCMZBDRRSBXVVJK8ZYAY1yayzkjvvxbsrrdbzmchnttywuktdh
OLI4IMKYFQBRCSOJO7ojoscrbqfykmiilo
106AZSOPNHT2FPRJ0CQHNS6A8asnhqcjrpfthnposza
K2EQOYVDB5bdvyoqek
1MXCBOZAURN6BDEE3RJNTKUXTA8atxuktnjreedbnruazobcxm
JVJBDNABACUYIZFWNNQNDJ1jdnqF2NKN4nknfnnwfziyucabandbjvj
HZ6VVGLVWDSZBU8FRD9H8UBF50fbuhdrfubzsdwvlgvvzh
E0eML5N48ZIFLF3LSUVQJJE9ejjqvuslflfiznlm
QSLHOWVSF9IHQNUIUS58LGOMYN2nymoglsuiunqhifsvwohlsq
8JTUKMYSYS1NMMVNAF5TIXXRH9DD1ddhrxxitfanvmmnsysymkutj
PQDYDXZCZFXWXEGLPPZYH5hyzpplgexwxfzczxdydqp
RAP1HKMGQ8qKI70HYZ81RN4nrzyhikgmkhpar
A8XU7u8xaDZP7WOHN1ZOV0vGUMX6xmugoznhowpzd
WZ1zIMWPRCXQI7iqx4c3LUUO8JV5vQJ6jqjouulrpwmiw
RMX7LNMQXYNC15PZ1SB4bszpDE5edFI0ifcnyxqmnlxmr
3DZ9zdPPL18U1ulp4UAMW4UNFJNBQ4QH1hqqbnjfnuwmaup
4U5ZWAUGSDXBELIY2yilebxdsguawzu
GNFCSJKJFJYCWLQKCIHB4ZEYYVEBR3GS0sgrbevyyezbhickqlwcyjfjkjscfng
BCVWDQW7PHONGHWSFAKMTV5vtmFVBGZXB1bxzgbvfkafswhgnohpwqdwvcb
GMB7IIETPYCTKJLKTNQ4qntkljktcypteiibmg
3FXNSAK7ADBXZLNQCJKOFPRT9trpfokjcqnlzxbdakasnxf
PNWAYAC8JKCGDBBVXFJXFWNGQ476qgnwfxjfxvbbdgckjcayawnp
NWIRPOICX7MX3xmxciopriwn
6OHFLE0JWV8vVZ7F2fzvwjelfho
KBXZ5zx7bZP6LU157LZZPT8tpzzlulpzk
VTSEIEVPSNHYJ2K9kjC8cF2fyhnspveiestv
F7UV4VB5bv1YDGK6ZY8FYYEPMETCA9actempeyyfyzkgdyvuf
A7aGTBMOZB8MVBQY9NY20HYOPKBQ1RRP42prrqbkpoyhynyqbvmbzombtg
WDDXT6KSVOFGHKL9MX136V5vxmlkhgfovsktxddw
IBMCALGJ2SRA2HCG4W6V3PNRKNHH7hhnkrnpvwgcharsjglacmbi
PQPNQHKEQGE12FDKL6VLEAY3yaelvlkdfegqekhqnpqp
BPF4TPRPLUUHFA1U1uafhuulprptfpb
BHVYET7YEHN27AMJGXSWYBH9h7bywsxgjmanheyteyvhb
S25WZTENF2FTMW4LB4bl5wmtffnetzws
5PZDLQAIWPPQUGQGF0TEN5netfgqguqppwiaqldzp
EXPUTYHT8tXYZUVNIWNWHFDFVOT1tovfdfhwnwinvuzyxhytupxe
4SWRMJILXFMUJRRAYPNDR0rdnpyarrjumfxlijmrws
P8WLQX1xGJUK4GPUQKMRRD6OIVY1yviodrrmkqupgkujgqlwp
YE4C8JQSKON8T3HMUF3H7hfumhtnoksqjcey
48HOVRNSOU3H5CHYYA2EU8TPAV1vaptueayyhchuosnrvoh
B612QNYHJWDYTJ44YTSDJN94EPFZ8zfpenjdstyjtydwjhynqb
RNPHXCZRE2ILERRQAFOC9cofaqrrelierzcxhpnr
1KQYAXKDGJIUL07lJLKKWAXYZ4WWFV26vfwwzyxawkkljuijgdkxayqk
XSIPKU51NDW3Y2ywdnukpisx
CIS5WS01M5XAECBOIV6AUZFRIBOJA2ajobirfzuaviobceaxmswsic
NYLRNZV2U2uvznrlyn
LL217ML0lmXN2nxll
1NG5VZRINNI7innPYIPKDPWWYSYA0L2EH3helaysywwpdkpiypirzvgn
ZLPZORKY2yYWEVMCXZVSIZOHEOJRWN6WEFOX0xofewnwrjoehozisvzxcmvewykrozplz
SVEQVB1LDCO8AKL4151lW94wkaocdlbvqevs
Z5TR9LU9ulZEZJ715WC6cwjzezrtz
XOZTFYSEXKD3VPUPQBMCDMGQ2qgmdcmbqpupvdkxesyftzox
C0BDB0ARUN94JLZMSIEYXEBMEJPBTOC4cotbpjembexyeismzljnurabdbc
T8tDGQ1EDSSGT81tgssdeqgd
NITHYI0iT9KXY7yMUNDUH30hudnumxktyhtin
A1DRVCM7UTBRTJTGZJEGASFGAO4oa2gfsagejzgtjtrbtumcvrda
JCQ57XEYHFY8yfAHB2bhaOZ22zohyexqcj
4CCUCGNIPF7fpUVGGDOHPXIEYCJOBOTQ0qtobojcyeixphodggvuingcucc
CHTUESGPEU3V3vuG0gepgBDUXGQEUCDBV6vbdcueqgxudbseuthc
NQXVSYSAJIFLRMOZVIZ6BEJW6QO6oqwjebzivzomrlfijasysvxqn
DJDEU6ueE7eAG2PRP9prpgadjd
WYQAWYWEVX7NJABIYELX6xleyiT5B5C2cbtbajnxvewywaqyw
BMOUIEOTCNVJER6F2BODPAZMRBM1mbrmzapdobfrejvnctoeiuomb
PO72BKDTXIGTOMBTMCVXQEETVTLIZ6ziltvteeqxvcmtbmotgixtdkbop
CKN9UAWOAO5BLNXIBVWODPTD1QQYTNPLW6wlpntyqqdtpdowvbixnlboaowaunkc
6UK1S6RALW1ZMWXUGMOPT8VIDQEUTMTX4xtmtueqdivtpomguxwmzwlarsku
18L63CV3NXMHEBAOJOB4bojoabehmxnvcl
IRJ9BASFQ30ALIFI09U76V0YHGP8pghyvuifilaqfsabjri
WODKJN2njkT9XBURDTSY2PVV3vvUJT23U4utjupystdrubxtdow
DR44rdXFU51ZXHLHPKSCTJE7ejtcskphlhxzufx
XWVBY7X9xybvwx
2MWLK2AHPBR2EMOI1TZFUHCRS5srchufztiomerbphaklwm
UHSZCKA18PHSJUYJ1jyuB4X3RWTYNOV3vonytwrxbjshpakczshu
FTVTLIRF3fVV7vvYRU5DFV9ADMMDHMIZ0zimhdmmdavfduryriltvtf
VM5G1gmEZHUWNHM4RJSXJCOXWH2hwxocjxsjrmhnwuhzev
2BNK7PZSGXOEAEAIYT4tyiaeaeoxgszpknb
EWOBAQ6YDH8BFFBZF65fzbffbhdyqabowe
CJVCRAGVCCY4yY9W9KY9ykwyccvgarcvjc
CWKKKY2GV7WGUE8QENOUFT0tfuoneqeugwvgykkkwc
UCYZRG0gUKN7SPZZYNBN9T5tnbnyzzpsnkurzycu
QAQBWKX7RXE2ZB1V39RARTVRLTE77etlrvtrarvbzexrxkwbqaq
XAWIKBHOYTNNPLJRXHF2RLOIPAKDM7mdkapiolrfhxrjlpnntyohbkiwax
TL9LDI9ONDDOPIZTNDOBYY2QJSIQ3qisjqyybodntzipoddnoidllt
K103NNU1EQRI5DWY29ywdirqeunnk
BGHDQPQ04GV0PCFYVRNJOFH6PE1ephfojnrvyfcpvgqpqdhgb
P5JUZ0ARZJRCIBE3e4bicrjzrazujp
KXB4P5PC7UC0ZMNKK2KNR7rRTSUIGQ2SIBW1wbisqgiustrnkkknmzcucppbxk
CG9JLCLYW6HESRWROYNBHYR0Y8VW0wvyryhbnyorwrsehwylcljgc
PZFLYTWCMWVWQO1oENAU3uaneqwvwmcwtylfzp
VCHCSME3emIAS0J6EB0bejsaischcv
2NZTCQVFYN71EIAWXDOMVUKZ3zkuvmodxwaienyfvqctzn
9EZ8BRTEH4WHCZBOE74ANJV5vjnaeobzchwhetrbze
0Z5FFU5WHKAG6EJWZ4XZ8zxzwjegakhwuffz
X1HQPAXTZXT5OEBO9PWJJXMGNINSX7xsJ6jningmxjjwpobeotxztxapqhx
DK6PK4kp75FERM6Q5KDPSTLS9sltspdkqmrefkd
A2aAU0G67RBZASYXGUC9S5KP1pkscugxysazbrgua
CVOEOBGR5rgXR4TJGD3QXFXGFWTKAV7V1vvaktwfgxfxqdgjtrxboeovc
AADEVITYTWZ0zwHJXMUGCM4SLI9LO3olilsmcgumxjhtytivedaa
WV2vwX0NVZ6zZ01MD8UGGXDI3HYLZSH0hszlyhidxggudmzvnx
S7UQ6qDBWS0E8OIZNCUEG8XH57hxgeucnzioeswbdus
XCNJGUQKYSQG4HDDLT052SI4XYHS3shyxistlddhgqsykqugjncx
GIBWVOWPRLTZ1DXBFH2PHZDPC9cpdzhphfbxdztlrpwovwbig
1RFJ65DN5FHIBNKRY2OGOORWO1KGYO7VMB4bmvoygkowroogoyrknbihfndjfr
NVFKDU8ZZTBCE9eV1FOYQRRGJEQG4WGGFMM6mmfggwgqejgrrqyofvcbtzzudkfvn
PHURFOAIQCSEJN131njescqiaofruhp
OGDNRSHJBP4P2ppbjhsrndgo
KO6oD27FOKI7iGTGXCECGUEFZ4SXY5E6eAJIZP0pzijayxszfeugcecxgtgkofdk
DPPZR1BRJMJPHKIVFFS9FGDTWUZBP9H7hpbzuwtdgfsffvikhpjmjrbrzppd
NTEVDC31J2jMQDNHMWDIX8xidwmhndqmcdvetn
8FDKZ8zkO5MEA1PEK7kA3SSJLOSWFXWD5dwxfwsoljssaepaemodf
2ZUFJZMYPOPR8Q5AR4raUBAN8nVGJ9jgNWMK6kmD6dwnvabuqrpopymzjfuz
DYYFC8cfyydA0J24BFH2OFKAPK43DSB3bsdkpakfohfbja
RPT8M7MPPR7HYXMXBNBSBXSAYO1OG4gooyasxbsbnbxmxyhrppmmtpr
9OTT3EPBSJ9IDBRXZ366zxrbdijsbpetto
DQIKSX0xGMURBOQISYOXHRQ7RRE7errqrhxoysiqobrumgskiqd
GJHJA5ZW8XT3txwzajhjg
OAJSBSUBSEDLENOF3T1FLJXWMHN2QBE0SM8msebqnhmwxjlftfoneldesbusbsjao
VPBHOUS686AOXM9RJREUBUZ9YDDHDHVP3pvhdhddyzubuerjrmxoasuohbpv
AWERNNW4B9BUOATVANXRDQFHULF3V5vfluhfqdrxnavtaoubbwnnrewa
U2ZIQB2L1QWXG9gKEQIFHN4BS1sbnhfiqekxwqlbqizu
NVDF9fPYRTWL8ZRKT54SZ6B6ZPZK4kzpzbzstkrzlwtrypdvn
B29VVNPQYXVENKMAXJYAEQMI1imqeayjxamknevxyqpnvvb
O4CEPUOKZPSBHCQQTXR0rxtK3kqqchbspzkoupeco
GBZ3zbgKMMMVH1hYIOC0cK2koiyvmmmk
LGWRFAYGHSDNYXOGXANRQB4UPUAPUJEE36G0geejupaupubqrnaxgoxyndshgyafrwgl
IA8XEJOUDVUXATM62PXZVUALUWO7M30mowulauvzxpmtaxuvduojexai
GXX8xxgJGSACGCU75BGAWVELMRJ9jrmlevwagbucgcasgj
DBXNTCY9PXL9lxpyctnxbd
WGPQW8QYNQAJLST68VYPWN16JJFCARZW2DDAO772oaddwzracfjjnwpyvtsljaqnyqwqpgw
YHG8ghGYHGAIFFJWXPETMI2C6cimtepxwjffiaghygy
MX3X6JZT0RNUP0punrtzjxxm
GIHGKHMNJYZLG2H8GBURHSY4Q7qy8s5J3jhrubghglzyjnmhkghig
MZMCFYYMWTBN1nAO6QJSNL0WVTN8ntvwlnsjqoabtwmyyfcmzm
KIR1E3TFIPIRO6D9dF092C1cforipifterik
F9fNTO4WX8RC4crxwotn
ZKABPV9WCWLKNUFGP8J8WX2xwR1rjpgfunklwcwvpbakz
RPOPQPHOPNBSXQGFPXAZ7A1azaxpfgqxsbnpohpqpopr
AT02WORNHYOMYAG9gaymoyhnrowta
CDEEPKUBUTVSSEMJ8CK95B8UW3wubkcjmessvtubukpeedc
AXKUKPDPJIVJA5BZ5zSM5KPABUB4bubapkmsbajvijpdpkukxa
L61LCGSQK4YFYZS243OC4coBHMGYJFKFJ5jfkfjygmhbszyfykqsgcll
AD9GVNOXEZYVZJF6NBM9mbnfjzvyzexonvgda
W9GGD1M49LFQFQGNTSCBCZ5RU3ZODY4WG0gwydozurzcbcstngqfqflmdggw
SU648RGRUTYR7ry9FKYHVZFCIPCK93S8skcpicfzvhykfturgrus
P0MB22bmAQWB06GJKW9U49uUC0XZ0zxcuwkjgbwqap
A6PTVAFDXX8VGTGQEN6SSQGZGX9xgzgqssneqgtgvxxdfavtpa
CYJ2NKZTGDBVAAJEERJQB4bqjrIVG1gvieejaavbdgtzknjyc
ALZJYVD2ZQGPXV4GB9KIWNAUO7ouanwikbgvxpgqzdvyjzla
PF6IPKALCLQYCUQREFKUKNHGEH17heghnkukferqucyqlclakpifp
BIBHWVMIPHO2TA5N4nJ3jaOABON14Z1zA5anobaotohpimvwhbib
BD0GQX2FKJVISX0xsivjkfxqgdb
MBSO8HIPJPHL66SQFESLHE4BWNJK7kjnwbehlsefqslhpjpihosbm
RT5tTC7AZAQFLAGWKCRAJ28EN8nejarckwgalfqazactr
GLX1xlMWYSRPTIU5FQ5EWX0xweqfuitprsywmg
UBF8SIPHPF8LXHFYXPZ5GOZPLTFPNT3t8Z6znpftlpzogzpxyfhxlfphpisfbu
CG5gWSTSDT0tAKVUEJU0uj7AFN9WYIAECBWNC2cnwbceaiywnfaeuvkadstswc
GZK6KQL5lqN0n1kPAYVEYXDGK5BOBXWKS5skwxbobkgdxyevyapkzg
6XNUTXYYPGLCTJIVD8ZZ2zzdAQPLCNJ6jnclpqavijtclgpyyxtunx
RTIKILWHYEQRCVPHIRKVJ2EVU1uvejvkrihpvcrqeyhwlikitr
MD3KUTTUN8VBCQY7EKPQJYN3nyjqpkeyqcbvnuttukdm
MCIWSAFNPNPDQFSR8NU2WN2MYVK5XVP4ZKP8pkzpvxkvymnwunrsfqdpnpnfaswicm
6I9J6CHZCQPC0CCPL6lPR6QK7kqrppcccpqczhcji
XTOCWDUIIFALW9U3FHYIGKPZQ6HOR2rohqzpkgiyhfuwlafiiudwcotx
ZIMSFKFHDEKZOLF9fPTN00ntplozkedhfkfsmiz
HK5X8G5RQITNFBZXH8hxzbfntiqrgxkh
LGETYOSDS8sRN0n29OF9fordsoytegl
GBNI8KEMO5omekinbg
Q8RYXQW48wqxyrq
Q8BEAIQY7POCPRHZ3zhrpcopyqiaebq
TA7NGMHY13VCH1hAQQ1qq4SMMBMN1GB4VE9evbgnmbmmsacvyhmgnat
CC3JAXC3cx6BXYKDSAULRYTIDBUYZK7kzyubdityrluasdkyxbajcc
5BYTHYXEDSYW8V0LODD5ddolOEHFEB0befheovwysdexyhtyb
FPZIE0eRIXFQXMWKONCHMZPPI0ippC5TD9dtczmhcnokwmxqfxirizpf
ZW46w4OVB7CCA4accbV2vvoz
K8X4Y0ZVBLBQD6NVWDCGNUNJ8F9LOFLO2olfolfjnungcdwvndqblbvzyxk
PDEYFF6RRGQ7YUYLQ5q0SDVLXOWGYEC3ceygwoxlvdslyuyqgrrffyedp
IIZ3F9fzii
827QNDVCZSFD7QFIZSTQJJ9jjqtszifqdfszcvdnq
AO9PTRKFKFV7vf2NSTTFBKQBNJOZH2hzoP2pjnbqkbfttsnkfkrtpoa
Y7SET2tRUILM7mS8BNC1c3DX2xVTB2R4MFN85nfmrbtvdnbsliuresy
UDNUV7D63YUFDU4YMDR3rd9671RAHT0tL2E7elharmyudfuydvundu
UOCRMVPPVGKJWLO0BONQPCAIT5UVOIMWUOPT9tpouwmiovutiacpqnobolwjkgvppvmrcou
0HJ34QCPLQQLRWXILWD12KSIBVFV0RC8crvfvbiskdwlixwrlqqlpcqjh
9ULPRBSUCQ7CHHBGIXMBOAV18vaobmxigbhhcqcusbrplu
TWTQ4QIGPSE9esWRXWY5CIDE9JPA0apjedicywxrwpgiqqtwt
PYORIILNM7G9X3A2ZOR6rozaxgmnliiroyp
IQQD683QQUW1PEQFDIEVFWSUR9GD6dgruswfveidfqepwuqqdqqi
KRMQTBM5F0AUB8buafmbtqmrk
OHU6uhoP7C3cPWGI2igwpp
VONJY0ySYVJPCOXJGW7DO6HQQFTK21BOR4robktfqqhodwgjxocpjvysjnov
PJLV8vH0SG7gshljp
XDF8Z7UIGNG31gFDSXUUNAICGLX2INGSHD6dhsgnixlgcianuuxsdfngiuzfdx
FQTULXVIEDF4E6efdeivxlutqf
IGUSLIEM2UHVMMRHPZDMJCNXJOGN063ngojxncjmdzphrmmvhumeilsugi
OIEQKVEJSNS0J9K1CZRZ7SNRKJW1wjkrnszrzckjsnsjevkqeio
ZDSTFP5NROXMSJYPXZ6PDZ6zdpzxpyjsmxornpftsdz
0HAMLIOKF1QKZCI2NZCNEC1cenczniczkqfkoilmah
QOMLYE6ELVLJJAPIW7wipajjlvleeylmoq
I3CSBJRHWYXX6RMDIAFCU5BI7GQ82qgibucfaidmrxxywhrjbsci
FBAVCWCYBUYFSI1KVN9MME4emmnvkisfyubycwcvabf
113OBKYA9RGOYWLSUQZANUPV9vpunazquslwyograykbo
EUFY6FP8OTNLIWKR6UAYYWDJX9Y7yxjdwyyaurkwilntopfyfue
RBKDUY4PGSTSYHICZCPQ9Q3qqpczcihystsgpyudkbr
GQ5VKXYC5K4J4jkI1CC5ccicyxkvqg
WPOI46EVLVJJC4W8ZR1T7U3JLSLKQ3qklsljutrzwcjjvlveiopw
ZTBQHNIBG2gbT89ANL2PUTJHR463rh4jtKQ5POR8ropqkuplnatinhqbtz
MUFTOJTOMA9HLLJDYMEZ7WACBK9kbcawzemydjllhamotjotfum
0QYZDZLCIGARORC6cr5DIOTYJSFMFI6ifmfsjytoidoragiclzdzyq
YROLFDRDCRG5E8e58UEXNA4ZHRC9crhzanxeugrcdrdflory
AKFZVMCJXXS38J2NUW8NE8enwunjsxxjcmvzfka
65YDB3WOFFTXHQW5OXILO857oZ9zlixowqhxtffowbdy
CYV20E7PE4R25J8ZPJOO1CLQLELWNYNNZZ4V9vzznnynwlelqlcoojpzjrepevyc
ZITEOYCUS7ZDWKO2oXOIY5UI4QF4GAJSGG5ggsjagfqiuyioxkwdzsucyoetiz
1OLF5LF8f57lfOOIXAB56ZCDUB87budczbaxioolo
YOSJ1UFTO765ZYODRU2GEQJBI7ibB2bjqegurdoyzotfujsoy
LI5ZIRKXZQATAYCH9IFO1ofihcyataqzxkrizil
QDARRKBCJKVMDYBJ5V0vjbydmvkjcbkrradq
O4H2M7mGMBZIAFJ3GPGLWMSHLBSH7SPO9opshsblhsmwlgpgjfaizbmgho
P5DIEHLKC3cklheidp
XYNT2LLEOLZ2zloelltnyx
2JZ2zjV2EFMM5TWWWZWE5ewzwwwtmmfev
EPZSPJ5jpsTDDQ5qddtzpe
9HSK1SET55E3PY2PEN7nepypetesksh
TCPBMIEPT7YSFTIOSMEGFER2refgemsoitfsytpeimbpct
OE2QFTK3ZQOL90lGCT2tcgoqz1VQIHMZXU4uxzmhiqvktfqeo
PBUKUDUTLEHXZ1O98DYBW5W8wwbydozxheltudukubp
TZGL02SQQQ13OHI6Z3zV5vQ0WPPUW5wuppwqihoqqqslgzt
X5JS4D5dsLX4AJJOAOJ5KDH2hAY0E5PM8mpeyadkjoaojjaxljx
LBEKRPATJABZNPF77UZLX2xlzufpnzbajtaprkebl
F9RYTWHI4EM3CR8rQSHRDA6adrhsqcmeihwtyrf
BNA6T6ZG4OT9JUOMNYRHCKWX8GM0mgxwkchrynmoujtogztanb
BKRXGDQYWTUXMOUFBZCEU09NDYUTDNQL0T4tlqndtuydnueczbfuomxutwyqdgxrkb
XO2Y4IY1E1JM0KJ49WWAY8DWRWO8KFW7w9fkowrwdyawwjkmjeyiyox
ICIQC8NHJSFBIGVVTAZGQWU3VEPEPV1vpepevuwqgzatvvgibfsjhncqici
4BFFRXK7SLYQICE7LZT6SR4rstzleciqylskxrffb
QLI2ilq
IAWCDVSDQAY9SCK2kcF2RSG1gsrfsyaqdsvdcwai
4S8sZ7V8BJGZKTAUEZ6OSXFKKE0W6wekkfxsozeuatkzgjbvz
NSJGV3AJAKYKTFNFMKN8WIPOZUIN2niuT3tzopiwnkmfnftkykajavgjsn
RNWHA6KKX0S7KQ2IAEFEJ7j3GTFNGCDFEER08reefdcgnftgefeaiqksxkkahwnr
V3vMGMACBKYC6CXGSPFAR4rDXMM1IY4BF3f8byimmxdafpsgxccykbcamgm
QDCZXK6k43xzcdq
8BKXOVBY9LCSN97NDC5ODKUC2cukdocdnnsclybvoxkb
DEWUWJTIXG8VADDBUGQETWLTSKSLU0ulsk1CA9acstlwteqgubddavgxitjwuwed
G0FMNKID2dMUFD8DNTNCBDQYEHSAHMP8pOWA4awUGK87kguomhasheyqdbcntnddfumiknmfg
QU266B1bE2ZWE6B2W2w9beARZ6W5wzrawzeuq
SM7msISQQGY6TBQDASKMBY9ybCYPHB3bhpycmksadqbtygqqsi
L53QKWR8rwW9KINSF2ECWXKREQVHTIKO4okithvqerkxwcefsnikwkql
PPHLD8LQOHQCMV67SBJKL2VXTERS3366sretxvlkjbsvmcqhoqldlhpp
ZMPT9CXTRXFWE37C9cKG8gkewfxrtxctpmz
786OAGOGAESLHZA5QQGJYNT8tnyjgqqazhlseagogao
Z2A8HXIJC8cjAQEIYQTRNTABXYS8syxbatnrtqyieqaixhaz
8CVLG44NWRVLNFNOCZHN9T69tnhzconfnlvrwnglvc
TGPXEYV5vUGO6NAF54FDSJ0jsdffanoguyexpgt
7ZFOP7AKZOGYFPBLA5ADQB3bMQ0Z0zqmqdaalbpfygozkapofz
UTQLCCXYVJHXCYP7VRFQCZNE47enzcqfrvpycxhjvyxcclqtu
C3DW009DS3RUCDSPAB97bapsdcursdwdc
SL7lYLCYCAIABVPPBXR6rPQ6qpxbppvbaiacyclys
L3GBWCI5JMQV0vqmjicwbgl
WLHFFM2EY7yemNI0iE8ZZW9wzzenffhlw
P9QFPYUURMPMPPKZL56UASE4esaulzkppmpmruuypfqp
WFZIYNISGFSFTY7S07EJ4jesytfsfgsinyizfw
DX4xdCKFJV235N4YGB6V3T4ISM38msitvbgynvjfkc
L7MFKII6NP6pn6JUZZEVSCELOB1bolecsvezzujiikfml
FX3YFJFF7VCSNNVGQCJ5PGY16RL4EDDA3addelrygpjcqgvnnscvffjfyxf
ABVLEBIVZ0V6HXGRG3grCXANI8inaxcgxhvzvibelvba
GIND0dnCASFBOUYOG5goyuobfsacig
1NIIPWFRUMXQF57OYKEUQVY4yvquekyofqxmurfwpiin
ZFDRDK2QDOQGTUVXPJUBTMPFPY24yp8fpmtbujpxvutgqodqkdrdfz
XSYUJCLYIO1LVLSXUTDZWTET0291S6stetwzdtuxslvloiylcjuysx
2TCI8ict94UDJHTSN0C37WF3fwVAFI2POSB2bsopifavcnsthjdu
AKOFQMC2IPASAS0YXHYDGTP6pH7htgdyhxysasapicmqfoka
9RXFVAU2NLODX2IYMYW3wyWP09X6xpwmyixdolnuavfxr
F7fIAUM4RE5BL3RU40YX2xBSLGXPB4bpxglsbyurlbermuai
4KA1MTE9CDTB61btKAMTMCS0QK14ORRO62orrokqscmtmakdcetmak
285PYT4QDZWFQMSQ1VXPQCKC0QTC7ctqckcqpxvqsmqfwzdqtyp
HHJA0aBW3KSJWHWA2aH4OHIE3eihohwhwjskwbjhh
I1UWM4XBE6ebxmwui
I69FGEDFIYOA5NQ7FXRLFX4OQGZYC3cyzgqoxflrxfqnaoyifdegfi
M2GTSYSK0LD56EYTRV7NXKYDOQ9qodykxnvrtyedlksystgm
YCPH81MITWCOIBGNHG3ghIBISN8nsibingbiocwtimhpcy
9NLVSF2fVEHGFJNESW87RLFUHF9fhuflrwsenjfghevsvln
FPTHJK3CEKDHNIFHPE5Y1yephfinhdkeckjhtpf
HJ9jh2NQ0qKRJI40iFDWJG4gjwdfjrkn
0CST5JG5gGRLZYDEE8eeVXBIMG5PJ8jpgmibxvdyzlrgjtsc
ITTBPUPUX51VEZSRRSO0osrrszevxupupbtti
U9HYTIPSRPU6upNOYCKKGB1Z5KP2USZ7zsupkzbgkkcyonrspityhu
HZOORIRVKR40OS27TLJQK5CMRP9JX1Z9zxjprmckqjltsorkvriroozh
UIHWLZH02JKANTFCXACXMQDYS5sydqmxcaxcftnakjhzlwhiu
6UQXNQBCLSYBXRV0NSYGB8bgysnvrxbyslcbqnxqu
M77HK5FFRRAAP2WSQ7qYH7J2L9A5aljhyswpaarrffkhm
IUNHPSUOUEUCNGS6sKWTY1PTQWYE7TOO2V4vooteywqtpytwkgncueuousphnui
OYWAAYJAQ7JGC5cg5jXIWYK0kywixqajyaawyo
FVVDPFUZB18L7K2HIEINGP3YROJ4PXUWPC5cpwuxpjorypgnieihklbzufpdvvf
5P4pYWGPZI414XEFQR6SBMLR1rlmbsrqfexizpgwy
JUQZCZBQBPBY3JDLXWJPJCUV0CJAYVLWXZ4zxwlvyajcvucjpjwxldjybpbqbzczquj
JIBABSTXXQFST5tsJENPGDXXR4rxxdgpnejfqxxtsbabij
OQ8KXGF8fF03WMURZCJVHUGBX3xbguhvjczrumwfgxkqo
STXDWSCHSOUK7W7LJIXTTYCL0R6T0tU6urlcyttxijlwkuoshcswdxts
BKTZQHSWJYH1QTRSJ2HXNWFXPV52vpxfwnxhjsrtqhyjwshqztkb
P6PAHZQLUDVZ2V6D0HGFAM3MKIX5xikmmafghdvzvdulqzhapp
YZQHA0IUDU7WNNVUDRXSOSIFECTU6utMN8nmcefisosxrduvnnwuduiahqzy
87DDRRU9SJOA1WF0fwaojsurrdd
EYVC9OECCPENO7HBGBYQSQ8I9iqsqybgbhonepcceocvye
2Y2KQVBOUMWVSZBQKVDDXKT39tkxddvkqbzsvwmuobvqky
QOY1EWOKEWNBOUY49BTKQ2LNOFQTB773btqfonlqktbyuobnwekoweyoq
ZJ3EGEBCIUXWAF2JOSSN4nK6ksI0isojfawxuicbegejz
DSEZQGE5PWYIMRYF9XBX67PNKJ2jknpxbxfyrmiywpegqzesd
8ESB9T3TQUQIQ7TYFQWNCUEUUG44guueucnwqfytqiquqttbse
T6tBBB7MW8wmb3ZGMOYHV6vQXGLQKV1vkqlgxqhyomgzbb
D4KZYGJ46jFNS1sGPHWDVFUJM8WHDXZ632FRII8iirfzxdhwmjufvdwhpgnfgyzkd
8SNLUNAISPQYALW75UWEVSEW9we1s06Y6yvewuwlayqpsianulns
KVZLF6VPSI0H2UJUJEVOSLSVX0xvslsovejujuhispvflzvk
D2B0GU6HNFUZPQURRKUMWQZ6zqwmukrruqpzufnhugbd
CDBNTDUGNWAD8daw6VWMTYD8dytmwvngudtnbdc
WCGQJCHOFMM6OIEJRV18QDCY8014ycdqvrjeiommfohcjqgcw
KZDF4fdE7UY50y89IJ8jiuezk
Z281NDJBIVP0pvibjdnz
NZLGHCTWFVDYUCCL14IGFKSBY3ybskfgilccuydvfwtchglzn
RE5er
Z1zOJQ5qjoYEFE7eGUAIZLM6EHO4ohemlziaugfey
HAAVGPB5GM4AWGPHOVTNS1sntvohpgwamgbpgvaah
HSWFHUDBQIZ8zILTDVNLO6olnvdtliiqbduhfwsh
ZKWIRAZ2XCV2MWFVYGM8mgyvfwmvcxzariwkz
9TCR4QFYXOVSHMB7KSCXU7IDNP8ECQ5XTZ9DF61fdztxqcepndiuxcskbmhsvoxyfqrct
VIIO0D3ZLQRAQFTUAWNZP0DAMEM9NSPCG7gcpsnmemadpznwautfqarqlzdoiiv
T9H2XXVRBLB9X1xblbrvxxht
8AYPBFSONNO846o5IBACQ3qcabinnosfbpya
WYUGROBQ33CCQCKLXKYSHS2WCWD1dwcwshsykxlkcqccqborguyw
PKLCQGVXZGE8MQRZOINTJXWENDUFS1sfudnewxjtniozrqmegzxvgqclkp
VJUN2nuj4USLAQD4NROSUVG6EZA9azegvusorndqalsuv
BER8F4PDUKWP6NXFRXFXTGVDXPVIPC3cpivpxdvgtxfxrfxnpwkudpfreb
5TWEUB4GK1EI9iEZSQFXZTGQNNQBEEOSZJ1jzsoeebqnnqgtzxfqszeekgbuewt
Q7MQI17iq6URHKBHX0xhbkhrumq
11JNOXFUFIFBCQXYPJJT1tj9jpy4T1Z6ztxqcbfifufxonj
PLKWXTOW4EYUKAB3YQXOKTX4O0oxtkoxqybakuyewotxwklp
Y4EIGMILXTQ2qtWCDVZKIG9gikzvdcwxlimgiey
RTLNFTF38FI7ifKOI4D5dRLYOVMCJ7jcmvoylriokftfnltr
OANOCFNWVB42UX9WNHSKRVMZDWUQQ4qquwdzmvrkshnwxubvwnfconao
VMMPRWUHB1YFYR7NUE7eun6rYUKYK7kykuyyfybhuwrpmmv
QOHZTJOR8LCWOQSUK0kusqowclrojtzhoq
MIVYM1RAHKCCIT1ASQTEPE4epetqsaticckharmyvim
XLGWBJCQKQV64VCZMCHIHQCBILXB2b0BDL1JU7ujldbxlibcqhihcmzcvvqkqcjbwglx
CMESDNCYKB6FV395A0a9vfbkycndsemc
D7IVXGBVNJRBZ6J4jzY6DXI6ixdybrjnvbgxvid
MMCLJ3EMS7BR7TZIIOIWIV2ZY6TJAN6najtyzviwioiiztrbsmejlcmm
WTC5F41H87HNNK1JGLV525T6t3CH9B0KAH1hakbhcvlgjknnhhfctw
VKO4ZMPF3OE9KKQPIHZTC0ctzhipqkkeofpmzokv
BM6UZXC7JRSBVKW4wk5NHO20ohnvbsrjcxzumb
KEGBEBNGZULEDZYSB9IQM5CPKY6K4kykpcmqibsyzdeluzgnbebgek
2N6nFHJ3AVM2mvGP8GGP4AOAPVSOAFX3NAXSZMMBQ3qbmmzsxanxfaosvpaoapggpgajhf
NW8GE0HJHLFWOPHEJXPM1SBPPRS8N5nsrppbsmpxjehpowflhjhegwn
FGZ2F7QXRJ4TOVLXXQXABRF3frbaxqxxlvotjrxqfzgf
89KNNFX2XPMZFYK6BSCNCFZG1gzfcncsbkyfzmpxxfnnk
Z2LAL9S70s1YCRZBPWRU9u5rOA8LFFHISU7YXG1E0egxyusihfflaowpbzrcylalz
42WQKBYUXP0SGK0kPY0y2pgspxuybkqw
UQO7JXXJ5U7T8tWCDIBE8ebiOZ7zodcwujxxjoqu
5XCN2ncDQEGLSBZP7pzbslgeqdx
NBREIKA4RVWTYW9WLMIRH0E6ehrimlwwytwvrakierbn
LQQ9IPAGF9TXQ5qxtRUUWRUKDLZ9ROZYULINXFQXI7ixqfxniluyzorzldkurwuurfgapiqql
02QDNTJHGNVJXQ6OAPFBDAF3OW19F9WG7gwfwofadbfpaoqxjvnghjtndq
J6PWAGWKSV4NILBO1XATBUOPDKQEIY7yieqkdpoubtaxoblinvskwgawpj
ARGP3E3TSBYPHVBLNZAJYKVLX9O5oxlvkyjaznlbvhpybstepgra
7O8GTLXJWUHEOH8YPLL7B4YF8RQ3qrfybllpyhoehuwjxltgo
ZEJUIHDVIXRRFMSH5hsmfrrxivdhiujez
6
M5DBRGMCO6HCA2YWS3CSH2HS2shhscswyachocmgrbdm
UTB8OGUCMUSUJWXZCJLAGPAB0baJ5jpgaljczxwjusumcugobtu
O8WFSQGOKXT5QYQ6LYQCSKT5EWI4iwetkscqylqyqtxkogqsfwo
XDV4ZSXWONN3E8RVQVXNM7mnxvqvrennowxszvdx
6SYXBDYZ4HZKWRNH5UTYO4RZAYDQ19qdyazroytuhnrwkzhzydbxys
MD0VTHYER77BPQ3OGQWUST3K7ktsuwqgoqpbreyhtvdm
CW4ZHPJIJA9ajijphzwc
SYB1bysH5UPDH93KEY7VNT0tnvyekhdpuh
IMWRR1NCVMRSPO7opsrmvcnrrwmi
VJRL2lNFMUHZHFJOVTLZ1Q4qzltvojfhzhumfnrjv
BDCMB6bHK86H5XTTLVZAS3saTQISV8vsiqtzvlttxhkhmcdb
S9DRHUT6UNMJOAZFVCU5CKA3akcucvfzaojmnutuhrds
VKXDBRY378CM3mcWTY6yDNUYP97PLQWEXSMQEUG5gueqmsxewqlppyundtwyrbdxkv
EQXUEIQDNN30JLP67A1RUO8ourapljnndqieuxqe
8KO0LREIGCG3DB6504HUYT9tyuhbdgcgierlok
KCQ68CL9KC6ESDYN5FUDDGAQFB7bfqagddufnydsecklcqck
0YNEQRP3CRIOOWNBWFXHSCLQZCDUZS9S6sszudczqlcshxfwbnwooircprqeny
4YYTVTA9HC2OJCKR6rkcjochatvtyy
W7RCCVAZWHLWB8M1YTJO2SFMGKDNSNS520Z9zsnsndkgmfsojtymbwlhwzavccrw
2ZHCB44MGM4mgI4XWKLOAPNV7C2161D0dF7fcvnpaolkwximbchz
QPTOJ5CPPNT1OECYMXKPEFP4pfepkxmyceotnppcjotpq
YGTFNGINYE3ET4II9TKRFGYHOEEHAA2aaheeohygfrktiiteeynignftgy
SZJ7j7TUGRZ2QITKJ7OI7iojktiqzrgutzs
BNQHIO4JRVAJXONBUMUTKVYE0VKI2ikveyvktumubnoxjavrjoihqnb
Q3BTZ7HCJDVCDHOM6YYQUAYPHD4dA8ahpyauqyymohdcvdjchztbq
C0c
LVHKO8AAP6W4SVOJWETE8B45betewjovswpaaokhvl
59Y0Q1TTYYEZMYJKFNUVOHRXV2vxrhovunfkjymzeyyttqy
0NJFT7F4Y9FT2tfyfXDBZUBH8UELVDP9pdvlGRPMZCS9sczmprgeuhbuzbdxtfjn
MOGJD7LRBSTMIJYPOANCV8YVMQ3qmvyvcnaopyjimtsbrldjgom
PADJBITMVXSPPSUTEWTP4Q9qptwetusppsxvmtibjdap
ZGHTAC3cKPHEKOAQSP88XN4F9I0I0iifnxpsqaokehpkathgz
O5TRTAN0YQFJZXDU5udxzjfqynatrto
0U9EEQWKSXU3uxYIZL1NKAFXQDH8FYFCP8pcfyfhdqxfaknlziyskwqeeu
IWKQRFZYNJKNOVAF0ZI9JPEQ8DW30wdqepjizfavonkjnyzfrqkwi
GXT3FZLCOUJAW2SAZ5D4IMGAG1DJHS0FHGODA3adoghfshjdgagmidzaswajuoclzftxg
VNQU5LRYZRSCIW3wicsrzyrluqnv
PPP1C9GOYXN1n6MWDBZJPN52MFGFLYK4kG9gylfgfmnpjzbdwmxyogcppp
XAMEFPVMI1ZF9f0Z2zWXVOUCOEVBPCQAJGW1wgjaqcpbveocuovxwzimvpfemax
CTJBIH31CA7aBR6BXJC6cA7ajBGAN3LCPKSP7pskpclnagbxbrbchibjtc
5WJFHE76EPX8TCVTOAL19DR7IKUJR4rjukirdlaotvctxpeehfjw
OFXNEIQFZSKVEVUHK2MIVJQCF924MJW5wjmfcqjvimkhuvevkszfqienxfo
HVNKPX3GFD0SU0G4QZCEQPCBYP2pybcpqeczqgusdfgxpknvh
CZ3zMB5UB22DV2vKD1dkdbubmc
XL0lLNYUC5c4WQFDSSLCE62XTR6E7BDR1rdbertxeclssdfqwuynlx
E60BASFJDVWIO1D2dF8fH0hoiwvdjfsabe
N8FRHM2WE6ewmh4GGNQRSW9wIB45LBH7hblbisrqnggrfn
HE3NIU1BNMITF3UHF59fhuftimnbuineh
KYVDWNCIDQKN36nkqJ7C8cjdicnwdvyk
GNSTNCUK4kK58EL2DJDHE8IHWIK9AGPFSDV8vdsfpgakiwhiehdjdlekucntsng
LRKDVEFVJ6SSR1rsM1L55lmsjvfevdkrl
NPAHLAEFI4UOYACSZCH9XCL8AHUH2huhalcxhczscayouifealhapn
3OBJVDFKJQ1JCGMQOQZOR1XM34mxrozqoqmgcjqjkfdvjbo
UP93pU2u3OFG2GFUFJX0xjUCFI6GU3ugifcufufggfou
A6OGL9N42QTSRL6lGMNTO3oZYSIBHDBRBL4lbrbdhbisyztnmgrstqnlgoa
LQDVQDUDO6XQGYZ9BGRREYUMR97N5nrmuyerrgbzygqxodudqvdql
MMDK1CT0MUI5iNFNWNGXXC5cxxgnwnfnumtckdmm
BCKHYWZGRIO6XX68M3mxxoirgzwyhkcb
QVV9DWF7HZALTTYGPGBU5HI3GGFA9afggihubgpgyttlazhfwdvvq
48NIGDL9JY1yOTVROBH4hbVPOEXV7vxeopvorvtojldgin
78FRXGUWGPMCGEG8G6HKYBN4nbykhggegcmpgwugxrf
7OPTHORGIZOPPMJWRECR0YT8CQEH0heq7ctyrcerwjmppozigrohtpo
GK4OSIXO0oJ1CJZBKH3YF3fySIJ7jishkbzjcjxisokg
EPV9FRVMOHQOJKEE0eekjoqhomvrfvpe
HXQTE4H6TUVYHVJD6QMRTOZFS87T7tsfzotrmqdjvhyvuthetqxh
NE3JK6kRZ511FSU83FTAKK6kkatfusfzrjen
3D7AERVW1DPWSUCRK6UK8k6JZHOM7CMHBETTQ4qttebhmcmohzjukrcuswpdwvread
XVEN02W4F9MSUOAAQKWSUER5reuswkqaaousmfwnevx
JZ4KQGFXVZTZNK93QCZ5TRKRFDBIXCNJGYKF6U2ufkygjncxibdfrkrtzcqknztzvxfgqkzj
ATLQMHMOWFJVFPMM63IMN0JX5xjnmimmpfvjfwomhmqlta
L0DSDSG0Q7AU1JLLTTDNN0nndttlljuaqgsdsdl
API5ipPBDWKBJT7tTYM4myH82AEUUID28diuueahtjbkwdbpa
QGDE6FGOVURO1K15SDU98QAH7haqudskoruvogfedgq
SI6iXRKGRF8T1ZQLOZJRSXTYDMI2imdytxsrjzolqztfrgkrxs
SHBENIIUHTSGIPBTGXRX5S3JXTM7mtxjsxrxgtbpigsthuiinebhs
NBEGQUU6OU0AOPBUIQA7OMML0lmmoaqiubpoauouuqgebn
X4ACQFSDR7LJRIQFT6tfqirVEOBNZNEXX4YL0lyxxenznboevjlrdsfqcax
KTQVTHI7QIFJB5bBW7wbjfiqihtvqtk
WIXDXHLKXZYM4m7QMTANE1MTXKFBWP6HJ0jD5dhpwbfkxtmenatmqyzxklhxdxiw
MYB0AUVCDBB7C1cZ7zbbdcvuabym
38SXKW8H5OJBUTQWKM5m0kwqtubjohwkxs
6NQ37TQSHGXNRJZQOBKGLG5XGCOGO2ogocgxglgkboqzjrnxghsqtqn
7DB7R16VH6Q29RI2PSQCS0L5lscqspirqhvrbd
FIKJ3FK6LOLDHUW6wu7R4RBNMB5S2sbmnbrrhdlolkfjkif
KTKFGQSBIPAYAMWYF6fywmayapibsqgfktk
5MY6FLCOTYC44EPKUFVB6WEAOVIP46pivoaewbvfukpecytoclfym
F2TDTPWC8cFIMB7EOXQUGXDAX3xadxguqxoebmifwptdtf
NEC3MWGR2CK98kXBFLOWUJGLFCXBX0xbxcflgjuwolfbxcrgwmcen
DEC5PPB04HIHYGK4kg31yhihbppced
M4PAFZIYXOL5GZNBE7ebnzgloxyizfapm
RXEL986lexXBBTBFYPK5VLOZGRUFLS9VNRY8yrnvslfurgzolvkpyfbtbbxr
HYXSOKWO7CJG8FCV9XZH9H1hU4uhzxQNDK15GB3bgkdnqvcfgjcowkosxyh
8T6tWVGSF9W06RJ0FBF1fbfjrwfsgvw
0ZRKAVAV6HLDWJPNRFZRNNNPLK7SMK35kmsklpnnnrzfrnpjwdlhvavakrz
TGJUSBTTYGCR6rEISG42gsiecgyttbsujgt
AUAZBWZXVBWHQNVERGXLOZ7zolxgrevnqhwbvxzwbzaua
DG4UBIKMHCBQ09qbchmkibugd
MBXB3T5t6PFMGUTOXFXWPUDPDLASFH8hfsaldpdupwxfxotugmfpbxbm
UTH5IDFWJADOXJYYBUBYTM0mtybubyyjxodajwfdihtu
WDJTJMPANS9XUOFY33KZZ4zzkyfouxsnapmjtjdw
PBQGFXPQFY78TUBP4IAQ6R3JOX68U7uxojrqaipbutyfqpxfgqbp
BIFD9PBCBYIVWPVO4OFAFDDJJEZLB4A7ablzejjddfafoovpwviybcbpdfib
J68j0ZNK1WCO0ocwFCW3wcfMAUYNT2tnJ6R8BN1nbrjyuamknz
HT4D3GASLBHTLWKXY0FFEYFAIC1PW093wpciafyeffyxkwlthblsagdth
A9GGS0ZDSF8NJQPW6wpqjnfsdzsgga
ZBPOUYEUVKAWSXMXKEAAGNGQV4vqgngaaekxmxswakvueyuopbz
JFPVQY8T3LECHLUTR0BPHD6dhpbrtulhceltyqvpfj
FGDT5FW1XFCBV8RVXNITYI7iytinxvrvbcfxwftdgf
Q1F0fTPMAJSEANEOUPL9PA7O6oaplpuoenaesjamptq
LMXTSLXESQIOZSL76SEPUTOVXI3ixvotupeslszoiqsexlstxml
QLL823PLP16plp01llW0wq
8U8FDBINLOW1wACOVLY2ylvocaolnibdfu
ZRFFPFU0WP7TA1NCMDA7HXIHHOJYN7nyjohhixhadmcnatpwufpffrz
ZTCHAR1OGTI3K1HNB6S3HU5ZYEHPPOUI8iuoppheyzuhsbnhkitgorahctz
7ZHFQORCLLJZKEG2geSSJ8OWAWLZBGE9egbzlwawojsskzjllcroqfhz
6RD7BUZDEJJG0L3MB409CLIU3RF4fWGUQX9xqugwruilcbmlgjjedzubdr
YQHMIBDH9h4I1iWVQQ7qqvwdbimhqy
F6PEQ0BZ7VBLS9slbvzbqepf
FIZ0C6GSXBEML7TAS2saEADJKUIYQEVO3oveqyiukjdaetlmebxsgczif
41SENRFHLGACCWSEU1ues2OXUWQSFNC6cFS4sfnfsqwuxowccaglhfrnes
RBCWLIUIQE2DCWX6FUKAV8OI6KMXHC8chxmkiovakufxwcdeqiuilwcbr
9FFTSRZHILZ8MCOE6EZ44zeeocmzlihzrstff
ICXLXJTOLW7CSGHSHKY0ykhshgscwlotjxlxci
6QLNMNKA23aH14KPVTTAZJFNTPPXRW16wrxpptnfjzattvpkhknmnlq
ADB4PFLHWGC7RPSI5UD2duisprcgwhlfpbda
PTLB6NDJX0DVF9ZSUHFIPA6DSU4UYOF1IB9bifoyuusdapifhuszfvdxjdnbltp
KWW2IQ1URTXKETOQTV5PE0epFOM63moI0ifvtqotekxtruqiwwk
4LNUVUH4AEOALWJLDS5sdljwlaoeahuvunl
DKAGORRPOTSSEWHP8BFSUPCCYA0ayccpusfbphwesstoprrogakd
TD6SDWYMNYWYJ3EREUMTXU0uxtmuerejywynmywdsdt
RH15R7SZLRWVPV8LFJXSZXCLJOW9GFUB9bufgwojlcxzsxjflvpvwrlzsrhr
AUMRIGPFL6lOJ0F1LTROOIB5bioortlfjofpgirmua
ZTEXLOG4PIIRB9brCL8QXZC2W5wczxqlciipgolxetz
WIINI95DJOWN4nBTA9WFIKC0RW0OMM9mmowrckifwatbwojdiniiw
7YC6QBN7CUIGPCYTGL7lgtycpgiucnbqcy
2JF2MSFWLK6R8GOM8QWP67RNQXS9DUVV5vvudsxqnrpwqmogrklwfsmfj
QYAIA0EGC0XEBAYX0BA9K5kBDCMZNJG0gjnzmcdbabxyabexcgeaiayq
IMW0BBEZUHHEP15K34DQP0FKU6ukfpqdkpehhuzebbwmi
HVSNK6knsvhKVO3ovkLWA10awl7BPF0fX9xpb
GDOCLTYB29T5DKQLVY1IG1EXYQ0JF3fjqyxegiyvlqkdtbytlcodg
3SV57PPZVY7SYPZPB9bpzpysyvzppvs
0OCNAKIXPZDX99SJF26P4ZX9T4txzpfjsxdzpxikanco
VVS23TZG3gXE3ZREOHAP2pBJCU5uBDI9idbcjbahoerzexztsvv
H3I3ihUVYBTE3KK5M4mkketbyvu
NTGPZGOHTAVUPG6AG9JBHI8YVQ4qv7HM9mhyih6bjgagpuvathogzpgtn
4LDWUQVYLTPLPQXFSB5bsVNZG1gzVP5SILL6llispvnvfxqplptlyvquwdl
V0v7HHMQZ7D53ERJ0jreND9CRWGYG8gygwrcdndzqmhh
YCXMLUXMFIZWHMILNODS6JIGCVCL7lcvcgijsdonlimhwzifmxulmxcy
3ZAAEGSD6IQJ5jqidsgeaaz
VHODTU9AQPTBURBH4ICGC2MTS40M19IQ4qimstmcgcihbrubtpqautdohv
HFX7xfFR0AYPKZEF8PFMLOE4eolmfpfezkpyarfh
I4KLEGGUB6bEHMFAT69JP4GVZSBC2UJITWBG2gbwtijucbszvgpjtafmheuggelki
2OOEBILHJSU24uVP16pvsjhlibeoo
QI1KDR4EZUZF6fPEUJT77T1ttjuepzuzerdkiq
EN2E8ZJZH7Y1AEIRTPU8NWYB3bywnuptrieayhzjzene
XSQK9BM3mbRCOUVQFLX6X77QNG5gnqxxlfqvuocrkqsx
CEY1WRIQCW67wNHXXI0ixxhncqirwyec
FZTTX8xtFQSVBQ2WTAZA4aza8E3etwqbvsqftzf
SSPCE500ecpssJBSYYM6RAKAYTUMA9CYWNUD0dunwycamutyakarmyysbj

YXZDELTXRISI84KBIX4X81DQ745WTQNG0gnqtwqdxxibkisirxtledzxy
NTLW7WGXO5oxgNIFIGRSFGBW1wbgfsrgifinwwltn
HBHGK0UG8B1XCZMDUIUITSFBTABCD75dcbatbfstiuiudmzcxbgukghbh
Z27XA3BKUOR6roukbaxz
3LXJ44jUIUX8x1LDIWD3dwidluiuxl
MDBEKVO2XJYAMQDBCZNL3JT5tj1lnzcbdqmayjxovkebdm
R4rE7SBQGHSKCINAV8GF3RZZCMU5umczzrfgvanickshgqbse
GTV6JUND1dnuFPMM5N8nXARQ8qraxmmpfjvtg
N9KZFWHZTTRMLN0GSKQMYWB7bwymqksgnlmrttzhwfzkn
RC8ZMX0xCEPFGGSWTLACQQAW9waDSYY6yysdqqcaltwsggfpecmzcr
IOHMTEGTVQCC8OZ8zoccqvtgetmhoi
5PBOIAJ6jaio5bpIMZMGMQCMCMJZMBOJOEL5leojobmzjmcmcqmgmzmi
WCMC8BPB0bpb598CKTLJBTK1ktbjltkccmcw
2SRIN41nirsXLKQJWTUY36yutwjqklx
2RSRIGSLAS5sTNR4TXTU1AB8bautxtrntalsgirsr
MDIBE7B18beBMGRORKAARCXW6wDVJ9jvdxcraakrorgmbbidm
B90bUQDTA9N9XHYFS1sfyhxnatdqu
XEZZSW0GFUZP6pC8LCKOHMSI5AP7paismhokclczufgwszzex
OX2J0DATI2itadjxo
YUYPA9XS5AWXF3FE4effxwasxapyuy
F4f
QMG8gPFOSRER3CMZJZ6Z5ZADO6PGFQZ9zqfgpodazzzjzmcrersofpmq
GI5MRMMVWU2uwvmFECHRK74FSXORDAKJ9MU08umjkadroxsfkrhcefmrmig
ZXOCEB7VYHL8J3FI6LZ6zlifjlhyvbecoxz
SWXDKU5ukYNP1ZSN3D89PHCRWFXR2rA69axfwU2urchpdnszpnydxws
LSBEUCJJ2RLRZJRMJADUW4wVMH7hmvudajmrjzrlrjjcuebsl
Q4BGKPYL3B7EN2H4hneblypkgbq
LW6RAIGZRVCAJ9DTPR1rptdjacvrzgiarwl
YMXUU21S7sCLZLP9YZ2zyplzlcuuxmy
O21T8NDBO2T9OG7NRCIVMIMYLGIO9oiglymimvicrngotobdnto
8OUUPZREAG4g277APZJQ1FRP1prfqjzpaaerzpuuo
LR53KMSXVP72EFAJX60xjafepvxsmkrl
IUILFBGDTXXKCABFM523C7cmfbackxxtdgbfliui
ZSL2ZXRHQXMCZHDA33CV7vcJMXGRZJ4RMXH8hxmrjzrgxmjadhzcmxqhrxzlsz
BGHUORMUCVUTLV2LZMUGYLCDJE1BFCHH98hhcfbejdclygumzlvltuvcumrouhgb
OAQ2FVF3XFK9CKEVWZ6EDUCIT92GH2UR4ruhgticudezwvekckfxfvfqao
MNBHMSDNINVJPDK3kdpjvniLFNHNNE5ennhnflndsmhbnm
Z2AIO8GVGXWFA0RLMTFR6AIRSSUI1iuQ6qssriarftmlrafwxgvgoiaz
PRDWZXPWTCC7ccXVBAJGS2FYGOBFS9sfbogyfsgjabvxtwpxzwdrp
ZQ6qzJ7KVY48HU9FCCPDKI3iVN9nvkdpccfuhyvkj
PUCD9VFGPQ0SVVBB0NX8xnbbvvsqpgfvdcup
3CTTVI6YBDUUP8QG4BZ9zbgqpuudbyivttc
CL9DJF4JU8LHTBLMPJYKNSPSC5cLLCEAS5saecllspsnkyjpmlbthlujfjdlc
VYXSPVKGZV4UEPAO7oapeuvzgkvpsxyv
XBJ1INBP8G64SGKAG1INIF6finigakgsgpbnijbx
YLM6UUHWKKKLC8SVJZYOG8goyzjvsclkkkwhuumly
2QGON2BU9ubnogqQGYKQYL5Y8WJDO5odjT8t6wylyqkygq
VPM3mpUOTZZJNIQEEFQOXDPOG9gopdxoqfeeqinjzztouv
6OVZXKBA75ERA3R1OMRZWYY2yywzrmorareabkxzvo
X84M6mJ2ONRCDUGDCWP3DNJW9U6uRXTIHGK7kghitxrwjndpwcdgudcrnojx
MCJYJBVEGOQMNZXKJKOLOW0POQD4dqopwolokjkxznmqogevbjyjcm
XHXUUIZEO5FWB3ZXFTPWTCIXGHHNLWCX8xcwlnhhgxictwptfxzbwfoeziuuxhx
5NKUULFUL9EZLXDLECYW7wL54FMX6V9vY41yxmflyceldxlzelufluukn
O3AMPGZO1Y5F3LP6PUNJN1nF4L27EXXE0exxelfjnupplfyozgpmao
RALAOJU6RQFUVFMC3cmfvufqrujoalar
LNCMEV7v1NSOIYPVWGH7hgwvpyiosnemcnl
B7UTLKCT7AGX9xgatckltub
9IQXWV7VCN4ncvvwxqi
FUOEYFDJA2ST4LBYEG5geybltsajdfyeouf
M4ANRH3FZSFK2GQM4SWHRFEMQUWRBPG5gpbrwuqmefrhwsmqgkfszfhrnam
OC2HJYIHB49S0sbhiyjhco
7VDO6GZ93zg0DIX7xidodv
WJEQINHW6LZ3WJB0bjwzlwhniqejw
CDPKGMB6IUO0EYWM5mwyeouibmgkpdc
6B6E7TC1cteb
ELIHLGEFCNGEX59DERAWC7cwTCBTE21R0GX3xgretbctaredxegncfeglhile
YW6JBRXOE235YYSITA0atisyyeoxrbjwy
USW8wsP3pYJVCCBYWZX91JZQOZMWYEXL1lGX7xX4xgxeywmzoqzjxzwybccvjyu
TT5WB25HQ5UDYYTDZVFXHY2UXUZ3zWHTFR9rfthwuxuyhxfvzdtyyduqhbwtt
LDQKGSBQSMKJV60vjkmsqbsgkqdl
7HGYASOIDS3FLPKHLWAODMEN0nUICEWF2fweciuemdoawlhkplfsdiosaygh
FYMFPNOIY3V6vC9DMNWKZCY7MK7APCN6n7IJEP6pejicpakmyczkwnmdcyionpfmyf
Q0LCSTKOR2IMSPEPIGO5EOPY92FHMT9T3ttmhfypoeogipepsmiroktsclq
T3tAL8EIY186RS4JHFIB8OB4bobifhjsryiela
05I93iAHGAOVC6KC88WCWO6O4oowcwckcvoagha
W5KGV8FJJETSUHB4bhustejjfvgkw
WVCYSSDDYIPY6PNRADQ4qdarnpypiyddssycvw
K5C5HETEE7QQKWXOQIBAM6NDTKJE8ejktdnmabiqoxwkqqeetehck
BWWPWJIHUYSIALXDXRTJ7jtrxdxlaisyuhijwpwwb
L1lS5LE1BFXYLJGWELQGW7FVBTS3W7PYN5nypwstbvfwgqlewgjlyxfbels
MOGK92E4ekg3KDF5JLAD9dX3U2uxaljfdkom
2P0LDNE9B52YBYEZPVIXFGCHYDSJ2jsdyhcgfxivpzeybybendlp
OBAA5ND6ZLJZJLWGRAIN9niargwljzjlzdnaabo
UVMRXB5BKVAUCJBPACDOKH2VPKNQZ7WFMFZU0uzfmfwzqnkpvhkodcapbjcuavkbbxrmvu
KUPIOM0GPTZAZ0O4FHMQSP4pCVL4lvcsqmhfozaztpgmoipuk
BLEDT5NMBZDZH5hzdzbmntdelb
KYMQQWSBRMATVAQADM6HRZQ1qzrhmdaqavtamrbswqqmyk
H37hCILH6NDFGTBXLVUEE9R7reeuvlxbtgfdnhlic
FJZ1P9XIOCGD7LHSV4vHYNEL04EKB45bkelenyhshldgcoixpzjf
RKJQNPKDRNEO5oenrdkpnqjkr
JOCZAZCFBYVK0NLYEMUJCYLAHZR6JEHCHYB3byhchejrzhalycjumeylnkvybfczazcoj
0D4ANKQGGHTZ20DJPN2nQMK2kmqpjdzthggqknad
QGSRK9krsgqUEMNHF1SFONNPNB4bnpnnofsfhnmeu
TSVSRIGGL5lI7iWLVVUHBZGD1SJBMT7N63ntmbjsdgzbhuvvlwggirsvst
ZG8G24YPQ2qpyDOG1X3E0exYJL5UKTR9X0xrtkuljygodggz
UAFU6JBBHCPDU0KR90r9HVPZ1XWJYS0syjwxzpvhkudpchbbjufau
QLQLFCHLLKA9G4VPU6DVSAVWPU758upwvasvdupvgakllhcflqlq
GK0S789HXW5U5RBG5gb5D8OPWAZB6bzawpodruwxhskg
H7hAIRML7G0gY6GA5RFJDFPC4cpfdjfragylmria
BFJLCWRKGEWKDRFZDLBT34PQYE8eyqptbldzfrdkwegkrwcljfb
SUKPQTOWU7uwVG9QQQFW9MGM0IG4YLUX4xulygimgmwfqqqgvotqpkus
1TMO4DVQDSVBWYNET1N20nteBD2PHT1thpdbnywbvsdqvdomt
Y6MNJC0YQ8YXYFRUPC1K4kcpurfyxyqycjnmy
914JYVEC2J7jceZ1zXKFKZMIN4nimzkfkxvyj
M1KZSKCPKMTBDUY1yudbtmkpckszkm
NOBT8PULPXQF1fqKTFST1tsftkxpluptbon
WCT2tcwNTPSTZYI10PPFEKY0ykefppiyztsptn
REIM4MLL9VMULMPEX8xepmlGVDA720advgumvllmmier
S2FIRGIULFQSLS8UWFS4sfwuslsqfluigrifs
CPJ9jpcVDTPXLSMQ0qY5y0TJ7jtmslxptdv
BZVG7ANQ8TRFAZCYXOOWDJ5ZIRB3br7izjdwooxyczafrtqnagvzb
JJEV83MSSMKORZI2JZCP85pczjizrokmssmvejj
XFT90EIQWQU7MEMM9VXYQBOHXB4bxhobqyxvmmemuqwqietfx

WQ37qw
HGDNXHPZSH4IN2PC6CCHKYMMUXUWDE79SRN4nrsedwuxummykhcccpnihszphxndgh
8OMQWXKQH8UHCF2GQ9QZX5xzqqgfchuhqkxwqmo
PVHGVRUEGI5LY3JKC71ZNTAQBHT7thbqatnzckjyligeurvghvp
S2s1HA8a7h
H4K9HWJHJBB1YES7RKLHQC4VU6uvcqhlkrseybbjhjwhkh
NCVHPJ3ZQEFBA8abHLWQ4M9DDBEZ8zebddmqwlhfeqzjphvcn
XAPY4ypaLCVLY3PIP6pXXQIVBKTU08utkbviqxxipylvclx
L0VQEYQESBNEHIBN5nbUBYNK4knybuihenbseqyeqvl
ATR5P1VT3LNG9g2I4inltvprta
NXPPKBEDUX5xuIKLIHMXZ0N1UPPA1D3dappunzxmhilkidebkppxn
G8UIYL1lZIGTLGLS16sJHHLIJLIM3P0pmiljilhhjlgltgizyiug
XY1yx4P5p2AFHARU3MVWQUSK0SX3xsksuqwvmurahfa
PRCGTTVFBOO6oobfvttgcrp
Y3QBSJJBWHXAKRZXQ9qxzrkaxhwbjjsbqy
G5EZB6bzeFMVPQGFZEAT0UZGYYANOOMF0fmoonayygzutaezfgqpvmfg
HPG4N1G7863MDXBNZ1A1MLZE0FW8wfezlmaznbxdmgngph
JS1KSFGNM0BZMB11RG0gUHWUNJL7ljnuwhurbmzbmngfsksj
D5ADJL75W5wPYB6CCBRWXACBJLJABN88nbajljbcaxwrbccbypljdad
MGM5mB9KC3ECZNWSNYZNK5KU8ukknzynswnzceckbgm
P0JGNTTBKOKHTSEQGY8ygqesthkokbttngjp
UWCICCHGIF3G9XEU6uexgfighccicwu
TKGB20BDS7CQLVIRZL8lzrivlqcsdbbgkt
QRS9S77BTDN0VUE06eFUGVIQKD7dkqivgufuvndtbssrq
XEWBDOTVBZC4cYUXAPJMW2PITA2GGIA7aiggatipwmjpaxuyzbvtodbwex
Z3ZLCUBM1SYTRQO0DJFCCG3WH71hwgccfjdoqrtysmbuclzz
SQG0gqBUCSW3H4JOZ41NXEIIQPLAPO6opalpqiiexnzojhwscubs
RMI4SWID89MEVCFPMZHSMQ9qmshzmpfcvemdiwsimr
QAHHWNOJYTHE2R6JXCZT7E0etzcxjrehtyjonwhhaq
HRPMMZ163QOUFKXESSIUXVXIMQJ42X7xjqmixvxuissexkfuoqzmmprh
QGPTCGY9y8g3ctpND9QWAJYR9AG4IOGQADV26vdaqgoigaryjawqdngq
CHFYRGXHSMBDMQ91qmdbmshxgryfhc
DHYVTLSLBVICTKNT5FNRJRCIW4wicrjrnftnktcivblsltvyhd
YB3BBF8KXH2hPZKOAX0EB4ATF2YSXPLKSR1P6prsklpxsyftabexaokzpxkfbbby
VRDRNSE4eZJB8PU6O7QTG5gtqoupbjzsnrdrv
NNAGYDZ4BXD9W5LZA5azlwdxbzdygann
2IJTZDGKTSXGBWJIZGAWVDA3advwagzijwbgxstkgdztji
LUHYQ7qyZZH3G9QJOFWBSK7W2wQPVQB58bqvpqksbwfojqghzzhul
P3UVMUIO26S04soLCYOMJBICQUVQR7PR35rprqvuqcibjmoycliumvup
ZGSHB5AIMFVS0svfmiabhsgz
GYBYZWA4VA2OUDRM8CAY8DFD34dfdyacmrduoavawzybyg
QTK64RCBZKTST7ts8SHKIG27LH20PGR8rgphlgikhstkzbcrktq
KHNK0PX3xXXMMD6N1ZQQH3WT2twhPYYN5nyypqqzndmmxxpknhk
C7CTVI01RL36SNH3JCMGMM6mmgmcjhnslrivtcc
AJL1MLXCT1VHZ5zhvAMDVAS2K4ksavdmatcxlmlja
MJ6ST48MILETMQ2IL1PPOWHRAX5xarhwoppliqmtelimtsjm
FUGZ5ZGG1KZFYPHBW4Y0RELR9rlerywbhpyfzkggzzguf
ZHRUYN6nRSADFHTD7JOBQNLV657vlnqbojdthfdasryurhz
4FFA5OG03EWBSWVJM4mjvwsbwegoaff
YGICKDEGUZGIYAKFKWEEX3DFQR6rqfdxeewkfkayigzugedkcigy
SSI2FPXTX9GVNW0wEP4penvGE1Z80IJGMMGDAPX9xpadgmmgjizeggxtxpfiss
9HG7IPSSDFIDY4ydiSGRLRPADJA6aL6lERWN4S40snwrejdaprlrgsfdsspigh
7EFDPZ9WRAXWU3U5uuLZAKZOQ5FCREG2B0TZ3ztbgercfqozkazlwxarwzpdfe
A1aHNTU66ut9nhY9yB7E8ebBUFH4KFQQXUY2ME9emyuxqqfkhfub
AIPPTFK2OCZFM5H1h2BQUEV0veuqbmfzcokftppia
QVVFIILJ03ZGXZKICN8ncikzxgzjliifvvq
9ABFVHUP7WHLVSGL764ZAAHTXTIKBCYUA9auycbkitxthaazlgsvlhwpuhvfba
O7oVPONANJQWCXK1HJT7XF0DHO8oRC5MZ9zmcrhdfxtjhkxcwqjnanopv
SZ1zM22R8WVHKGL4lgkhvwrms
AD8DMWVPGDT29O38otdgpvwmdda
GEBLTURNZPRW2wr2JLNU51MEZW0ZONT9tnozwzemunljpznrutlbeg
8YJBTU3COLX4UDLSZ9BMJ3jmbzslduxlocutbjy
4XPVIDEXFNCSMTQMOUSQ9qsuomqtmscnfxedivpx
PPC2QVJOKSARXXKMZISDNHM5mhndsizmkxxraskojvqcpp
MMJ8AX3LR2T3HBX854XXWI4iCWA3WR4rwawcwxxxbhtrlxajmm
PI6ip
VFKAGJQZUVUYF6DJ2E1M5ANV6vnJ1jamejdfyuvuzqjgakfv
XT5YACAZ9NNRZL0lzrnnzacaytx
HZC6YUZQPBUDTTGQRG8S7sgrqgttdubpqzuyczh
BVKON40RJEUBC4NHCCEPNIFM2G9gmfinpecchncbuejrnokvb
VYROH42ZL9CSUXFYWHTY8WCBOASMW4GH9hgwmsaobcwythwyfxusclzhoryv
HXA0a9EAYJF8G4YJ709YJGTZGH22Z3LYGDG0gdgylzhgztgjyjygfjyaexh
TKRW5ZW66wzwrkt
FIB52XUQUVQCGMZ5IRBHK84khbrizmgcqvuquxbif
EI7IIOXIERL7HL67lhlreixoiiie
TD43dTU3YIPVYDAHSNJNEI1EVRY2yrveienjnshadyvpiyutt
QGNNBZJXQVJMAGD7A5adgamjvqxjzbnngq
2TVBAAGQXWOPOZUNJWRDGV1vgdrwjnuzopowxqgaabvt
Y62y9VA1UAJ9O3OR0NPVFBUC4cGOAZIHUKE6ekuhizaogubfvpnroojauav
KRJ6D3dNCF1MWIJ0KRL6AVRB4brvalrkjiwmfcnjrk
8RYNGTR1rKKLI0ilU2SRASKYEWTT7ttweyksarsukktgnyr
MDCHLFURHRNRLL1ZJRYAF4fHG6ghayrjzllrnrhruflhcdm
PAHLRSCXKEQUFSLJ9LX1XPV7vpxxljlsfuqekxcsrlhap
D8HQCAZJXL73HDT1MGWBACDG5ORZFWFBDDBV3vLLPW4wpllbddbfwfzrogdcabwgmtdhlxjzacqhd
BRRCCAXB5OM4JAPXZ2XPM7mpxzxpajmobxaccrrb
OQXVDKEXM0CHA9J6JL4ljjahcmxekdvxqo
QKQYQP6p9Y7NAJ44XPQQHRBONKVKUNL8lnUK9kuukvknobrhqqpxjanyqyqkq
R5JFZUHGQENSZKROUQJHUTBB2bbtuhjquorkzsneqghuzfjr
KK8E4M5mUSWVI3KFBG37gbfkivwsuekk
6KIHQGBYS0JRCS1AGJOOUYYJKOAD6W7HZ7zhwdaokjyyuoojgascrjsybgqhik
JECXGTNGGW6DIARIACA6acairaidwggntgxcej
N1Z7PDN0UWRLFLV0vNQEWHTD0dtW3whweqnlflrwundpzn
ZQ1GTPYGPXY0y4xpSDZRTIYUESYAAA7a1aayseuyitrzdsgyptgqz
DNCATF5FX3IVTQQ6C0P0pYWMWSPVIDE8edivpswmwycqqtvixfftacnd
HX1xPHEUQ8queTD1dthph
CXCG5DFVWJ6D5djwvfVHC7chvW4IGTHNPAT9tapnhtgiwdgcxc
6VFGRKWZD1dzEE4TJWZBHYHGCMUWGZE7eY7NF4Y0yfnyzgwumcghyhbzwjteewkrgfv
LG3889VFQOQ2IMC0ZA0MP9pmazcmiqoqfvgl
W8TQK5kZ7U8uzDZDYFXIAK1kaUISMVCNZ7zncvmsiuixfydzdqtw
MV1ZPWUTIK3YHAR9C4cEYSNONT82tETHY0yhtenonsyerahykituwpzvm
A0SALRTIWMWDC0MWUF7SIHKTAFZXDI1idxzfatkhisfuwmcdwmwitrlasa
5AUM4Q8XAMH5UBPBK63kGUF3fugbpbuhmaxqmua
OI1SMS0sZRGYYNLZWVQHHG1gZYLH68hlyzhhqvwzlnyygrzmsio
NZGHAKM2JAYGVTTDZETB8C2cbtezdttvgyajmkahgzn
51EQXJWC3DHPGHSZXZTN0D6dntzxzshgphdcwjxqe
4RIH6hFNPKDETX9xtZ4TNS1sntzedkpnfir
ZM13FQJCQCYE0TCZS7sJDXZHUOIPLTS4stlpiouhzxdjzcteycqcjqfmz
NDULR8OIV5viorVQLCIIOG0XV8F1BGBM3mbgbfvxgoiiclqvludn
NUS3VRILJJZL3EV7WNHRCXCO9oAP2A2apacxcrhnwvelzjjlirvsun
CUCLSWJQRSLJN7N9nZNJATUF6futajnznjlsrqjwslcuc
5DXW2wxd
QADJJAEQFKDATX8QL1MNABFD7dfbanmlqxtadkfqeajjdaq
SJ9WXFRPDMJHI2EUZEV5vezueihjmdprfxwjs
A6aXR2rSNV0vnsx
ZGJZROFGT1tYBHWYPXFIS288sifxpywhbygforzjgz
GGXPY5ECFS73sJ7FR5EBUZR3rzuberfjfceypxgg
VR7CCGJKLFBEOVYBBQIR4riqbbyvoebflkjgccrv
XAABAXWTK6kAAPGIATIX2MXH6hxmxitaigpaatwxabaax
QHMMBSDRUOUGDKK0kB5TYTQP2VRDTSLB4blstdrvpqtytbkdguourdsbmmhq
UODQP1UPIMVZBNZTGPFWUISIQHSQLC86clqshqisiuwfpgtznbzvmipupqdou
N89FKFHJIMSKUSB3S1BNOJZYAYPTFL4lftpyayzjonbsbsuksmijhfkfn
JKAP6p2BE9e4Z4E5HKOSCW5ICZOBU0L43lubozciwcsokhezbakj
MZSFYN2ZY9EK0NG2UP0E3eQIQD5dqiqpugnkeyznyfszm
FKCHU9ZG0OJW1VUXQ7SCBFCYD1dC60cycfbcsqxuvwjogzuhckf
1WAF6MDEQSVRYGTKADOZ0zodaktgyrvsqedmfaw
AFFJYA29KHSNVZ821zvnshkayjffa
DT48tdMSDLSTVYXCXKIFNX29NXFZT5tzfxnxnfikxcxyvtsldsm
RVSW83WN5DS5GTGIDR1GJHOQ2qENMK1kmneohjgrdigtgsdnwwsvr
TS1MOCJNEYTXDKATFZ5W0IY07yiwzftakdxtyenjcomst
H8518DA8HS2WGHEWWSC5KS6skcswwehgwshadh
OCXQXGVXFGXX7XZCL68DIH9hidlczxxxgfxvgxqxco
MVGFINIVDEDVKVKZWEVFXVNHDEQXL5lxqedhnvxfvewzkvkvdedvinifgvm
XEZ6SZQPVQFCJDH9V7A3JRTLF3fltrjavhdjcfqvpqzszex
T2UEL2VYL7WNWFTP7FI5DE7edifptfwnwlyvleut
QB0XOSAVYKZ9XUSKR6XCMH1DSJS8sjsdhmcxrksuxzkyvasoxbq
AFPEWRRC0APNW2TXRGHPL8DL9ldlphgrxtwnpacrrwepfa
KIXA3axikIEKFG7gfkYDHE4XO8VB3CW0wcbvoxehdyei
ZB3Z8zbWYBYA5OUNL1lPEQP8pqepnuoaybywz
NLNIJ7PPRSTB0RNGC89cgnrbtsrppjinln
OVXX2GYULNCXFUPX3xpufxcnluygxxvo
0LLOHJ0jTYANDBGNZ9KTGCNRPUX1358YGDTM3mtdgyxuprncgtkzngbdnaytholl
ALD6SDYMC9R9rP4SABE6eNYHNJBUP5PTII6iitppubjnhynbaspcmydsdla
JIKBJVGDFLYZGRVBCDEPIOUMLK7klmuoipedcbvrgzylfdgvjbkij
BDA7aY0G3BQO3oqIT7BTJKFQQDF52fdqqfkjtbtibgydb
HLFBTMB0H8LZ8zlXYBPUHZNB3TGT2DTG6gtdtgtbnzhupbyxhbmtbflh
WVYYLEDAGQU0YA0J8SCYSI5isycsjayuqgadelyyvw
E03YFYA7ID2MOYNRAOCBPFQEVB5BMGQZ7zqgmbbveqfpbcoarnyomdiayfye
XBGLMO7XS3DZ0zdsxomlgbx
EFAI8M7OZRU6H3hO3ZVDPOZ9zoFUV3vDS5Q4IC0ciqsdufpdvzourzomiafe
LOVSZXJET6RENU4BLZ6z2lbunertejxzsvol
4KZRDOS6AREKUJMVABKJXCOSTZHQXREMG6gmerxqhztsocxjkbavmjukerasodrzk
QGYBJN75DLEQKQNYQU8uqynqkqeldnjbygq
HDF1JFPASUADAGMQ76JNAXH7hxanjqmgadausapfjfdh
P2pZAEMQDLA9JKQIGT3tPTAQT0IML1lmitqatpgiqkjaldqmeaz
MGYGEAVARAAKOAPDZSKULG9C9cglukszdpaokaaravaegygm
CQJNDDP3pTB3PZELD6OV2YKX8F5fxkyvodlezpbtddnjqc
GQB1GEGFQKEDIIJIRFLJGTW2w3tgjlfrijiidekqfgegbqg
DUD2d4udZXN3ZLQDEMNM6mFVX4OO4ooxvfnmedqlznxz
5LPIEZJ0AYAFKED8L6RVLJ4jlvrldekfayajzeipl
UOKQKIBLBQOROR9MINRGLTM6mtlgrnimroroqblbikqkou
YGHTP7pthgy
8YUVEURTS7O8BIHN9RI3ZXKBEBV1E9evbebkxzirnhibostruevuy
AEWSYZ3K3KORXQHRVR1r66JLCEX6xecljvrhqxrokkzyswea
M7AXFUBY2yEFDVBBZ3zbbvdfebufxam
OOEKOLFN9ODR5ZDGV6YFAZFXCBFA6afbcxfzafyvgdzrdonflokeoo
DURSINATJ08HHA1ahhjtanisrud
SY3yPWKRSJRQOJZDG6gdzjoqrjsrkwps
T0GM164J3P9pOF1UBLWICBQ6RP0G7gprqbciwlbufojmgt
AUGJ57VPLXEA8DG7gdaexlpvjgua
QV0MFVTVK4AJVVPKWOPDKJIH0hijkdpowkpvvjakvtvfmvq
M0G88TPJKVIDTIAC8AEKWEPJOS0sE6eojpewkeacaitdivkjptgm
AFNWO4O3F110VATHR43KA3DII7iidakrhtavfoownfa
VIXBOWAIQTOTVWDZ9IX3QVD9dEJ0J74jjevqxizdwvtotqiawobxiv
WF9VGWHYNXPDC9NCML71lPD4JQL9lqjdpmcncdpxnyhwgvfw
U4W9T5tIO12XFWUWCSV5vscwuwfxoiwu
8K4kLG2YQIACJBLFNIZQJR5G6grjqzinflbjcaiqygl
3CBDYBRHBG6IYV5vATIFAG3DNUCVNS9QSIMQ0qmisqsnvcundgafitayigbhrbydbc
DX0B0HJAPEXZYE7WFNQ454S9sqnfweyzxepajhbxd
YM76SZHDVYWY5F3RS2srfywyvdhzsmy
KFIFT4OKF1L7CDJXCGL0lgcxjdclfkotfifk
9YJSW6wsjIKVWJRPWBUJJXL16HTNIBDFB0L6lbfdbinthlxjjubwprjwvkiy
MSAGUCYT4tycu8MGW1wRQLTQTP8ptqtlqrgmgasm
O89UOI9WQMOOCFV3CE04ecv8VXSRPF5fprsxvfcoomqwiouo
BGMCISPZJFUAUKP62KPESBZ0zMWSJ1jswmbsepkpkuaufjzpsicmgb
KXRDPH244YW5wAGJTELHE5COB6bocehletjgayhpdrxk
TS8Y2y88LOMJ8LYOEEBFBAIR2riabfbeeoyljmolst
PCHDS4C0HA2WQ8qSSHB1bhsswahcsdhcp
5SQCG77XS1GNEGTJD0djtgengsxgcqs
AWMDQTQDUJMNKM9mkTH7DZ9DFFPOR4roO4opffdzdhtnmjudqtqdmwa
YMLJ6jl1mSKLDOMSUU2NHWPVNR7rnvpwhnuusmodlksy
JD8A3RPW5XGCALNF2ZPMFBWUVIJDECBO1V2vobcedjivuwbfmpzfnlacgxwpradj
RNXJTQ3PSHM7TEFGOE8UAW4waueogfetmhspqtjxnr
E7HDJGVN9GGKG3BYKWBVL9RBA4abrlvbwkybgkggnvgjdhe
LOOGMEHSS74OMBDFMWBLHXMHGVCI8icvghmxhlbwmfdbmosshemgool
WD1EXTTYP80FZPUV7VTRM6mrtvvupzfpyttxedw
JQYL4RJTVXSD7dsxLRU78RS8srurlvtjrlyqj
YISZ0SQ7LZV9O4RZNBJFVWDB7bdwvfjbnzrovzlqszsiy
XLG7YKB6E4MYUIWXQZ4PI3P5X3TJ2D44djtxpipzqxwiuymebkyglx
9KDV6O2R2KX6PEJUCJ4KUYR4F4fJDC5cdjryukjcujepxkrovdk
5W59ICJVLPOAHP42phaoplvjciw
VLJV4VXTJDUN91XB1V576CY7ycvbxnudjtxvvjlv
KBR3HUHYYNUSAUEIU8uieuasunyyhuhrbk
R1USXNHCBMKP9WRLOR8I0irolrwpkmbchnxsur
8YI6FG97E4eNSM3GCP2pcgmsngfiy
0DV0KWMJMQUMYFMM3mEL64FWN1nQHVW5wvhqwflemfymuqmjmwkvd
7Z8XC1KR6LJ2jZXSVHDAS11s9adhvsxzlrkcxz
8A5U1ua
UNGDLJCGEHHAEH9SEGAWA1aIACAQN0nqacaiwagesheahhegcjldgnu
F6fLBTJRYV3EGYJK6BF6fbkjygevyrjtbl
DTZELGM0CUFFXUFPLA1aU3ulpfuxffucmgleztd
YE0RYGCXPUZLIXTI6itxilzupxcgyrey
4W4Z1MIYVIQT856tqivyimzw
TBDD9XPK7BD0XDYKYFZCTDDL2lddtczfykydxdbkpxddbt
H2LN8RJBKROAXQHY30QXOPXRY9yrxpoxqyhqxaorkbjrnlh
NCIAQIWLE0elwiqaicn
5UZZWGX5MHRP4HNWAKAKXSA1E1BFDX4xdfbeasxkakawnhprhmxgwzzu
92WH8BKLMKMSKCHHXH3FO5ofhxhhcksmkmlkbhw
CIZQWPMBPQJHAACEH7hecLN8IX6xinlaahjqpbmpwqzic
UENNEIIYFYGOLUFQ35qfulogyfyiienneu
J54QIOHEMXJ0R55RTZPYB1HBQVCY94ycvqbhbypztrrjxmehoiqj
7UGF8KJQUWJOTMTVTMGZR3GWX5XBCY54ycbx3xwgrzgmtvtmtojwuqjkfgu
HAFWQXMWG3gwmxqwfah
UPWKITVEHGJP47pY3yjghevtikwpu
PJM8AQ2HZPIHQIFJKKFS3sfWW2AE17e9awwkkjfiqhipzhqamjp
BOCYEVDMGRI9KE6ekirgmdveycob
VDM0mdZPVREJTUKAVJUH1YE41W9weyhujvakutjervpzv
XNJANQ3N8nNBLUCF54C14cfculbnqnajnx
ELDHPNOHC48HYJWFSUOFTUOJYOFL7lfoyjoutfousfwjyhchonphdle
J5jIERFBAGLC1VI30IIIWW969Y9ywwiiiivclgabfrei
XUEJVMEAN5CJJGG2OF5IHB1bhifoggjjcnaemvjeux
FLUUS5suulDQ5AFYU80uyfaqdf
WJFC5YFCCUNOCD1BQCZC1N0nczcqbdconuccfycfjw
QGVB1R7rZWQZCO6UA2a253uoczqwzbvgq
EJYRM1NNTNVMDZOHESVKOCFFPMN5nmpffcokvsehozdmvntnnmryje
9QL8YN7CJ9jcnylq
VUPLCIQCJ5CLXHUURYYXMKO3okmxyyruuhxlcjcqiclpuv
3T0EZ9z0AV2FBUZSSQ3PQ6qpqsszubfvaet
VDYHYTERBB7bbretyhydv
EF70Q3GI6UNSTHQTKAQA8aqaktqhtsnuigqfe
MZJXXFBHIUDHULB3bTIGL4F9flgitluhduihbfxxjzm
GOVKOUU5LBSCYAVSU7usvaPYFF0PNKAY5ON9noyaknpffypycsbluuokvog
JGBSANWU3uMRALJJVJEW0O02owejvjjlarmwnasbgj
KMBKIOHD7QXVD5BREPAJDVNJE2ejnvdjaperbdvxqdhoikbmk
HI4PHDJWPJJVMLMXJXHA9SHUTU3utuhsahxjxmlmvjjpwjdhpih
DYGMU2JDEECKEV00OZQYRET0teQ5qryqzovekceedjumgyd
QCQLIJXME3ICATYNB9VCFXG0gxfcvbnytaciemxjilqcq
WZCBYIO2SNXOWE4ewoV8K0kvxnsoiybczw
MUBQBS3VL2STYQWN6nwqytslvsbqbum
BOFWF1fw3GV6vPDC6QXPVVU8uvvpxqcdpgfob
