bbbbppbpbppppbpbpppppbpppppbbbbbpbppbbpppppbpb4pbp7ppbpppbppppbbpppppbbbpbbbbpbbpbbpp5bbbppbppbbbppbppbbbpbbbbbpbpbpppbb8bpbpbppppppbbppbbpppppbbppppbppbpbbbpbbbbpbbpppbpppbpbpbpbpbbbppbbpbppbpbbpbbpbbppbpppbpppbppbpppbpbbpbppbpppbbbbppppbbppb6dqqddqqqqddddqqqdqqdqddqdqqqdqqdqqqdqqqdqqddqddqddqdqqdqddqqdddqdqdqdqdqqqdqqqddqddddqdddqdqqdqqqqddqqqqqddqqddqqqqqqdqdqdddqqqdqdqdddddqdddqqdqqdddqqdqqdddqqddqddqddddqdddqqqqqddqqqqdqqqdqqqdqdqdqqqqqddqqdqdddddqqqqqdqqqqqdqdqqqqdqdqqdddd
pbpbpppbppbp5ppbbpppppbpppbpbppbppbbpp2b9bbbbbp6pbbbbbbppppppbbppbpbbpbbbbbpbbbbbbpbbppbbpbbpbbpbbpbbbppbppbbpppbbpbppbbbpbbbpbpbbbbpbbpbbppbpbpbbpppbpbbpbpbppppbpbbpbpbpbbbbppbbpbpbbpppbpbbbpbbbppbbbpbpp2pbbbb1ddddqqqdqdddqqdddqdddqdqqqddqdqddqqddddqdqdqddqdqqqqdqdqddqdqqqddqdqdqqddqddqddddqdqdddqdddqqdqddqqqddqqdqqdddqddqddqddqddqqddqddddddqdddddqddqdqqddqqqqqqddddddqqddddddqqddqqdqqdqdqqqdqqqqqddqqqdqqdqqqdqdq
pbpbbppbpbpbbbpbpbbbbpbbbbpbpppbpppbbbppbpbbbpbbbpbpbbbbbbbbpp9pppbbbbbpbbpbbppppbpbbpbbbpppbbpppbpbpbbbbbbbbbpbbbpbbbppbpbbppbbbbpppbbbppbpbpbbbppbppppbp7qdqqqqdqqdddqdqdqqdddqqqddddqqddqdqqdddqdddqdddddddddqdqdqqqddqqqdddqddqdqqqqddqddqdddddqqqqqddddddddqdqdddqdddqdqqdddqqqdqqqdqddddqddddqdqdddqdqdqqddqdq
pbbbpbbbbbbpbpppbbppbbbpbppppppbbppbpppbppbpppbpbpbpbppbbbppbppbppbpbbbpbbbbb0bpbppppbpbpbbpbbbbbbbpbpb4ppbbpppppbppbpbpbpppbppbpp5qpbpppppppbppbbbppbppb5pbpppb8ppbbpppbpbppbbbpbpbpbpbpbppbpppbpbbpb40ppb7dqqdqddqdqqqdqqdqdqdqdqdqdddqqdqdqqqddqqdqqqdqdqqdqqdddqqdqqqqqqqdqqdqqdqqqdqdqdqqdqqqqqddqqdqdqdddddddqddqdqdqqqqdqddddddqdddqdqqdqqdqqdddqqdqdqdqdqqqdqqdqqqdqqddqqqqqqdqdddqqddqqqdqddddddqdddq
pbpppbbbbpbbpbbppbppbbbpbbbbbbbpbpbbbbpppppppbpbppbbbbpbpppppbbbbpbpbpbbbbb7bpbbpp4pbppbpbppbpbpbbpppp1bpbpbbbbpbbpbbpbbpbpppb2dqppbbbpb1pbpbpbbbbppppbppbbbbbbbbbbbbpbpbpbppp3bppppbbpbppbpb7bbppppbbbpbppbppbbbbpbbpbppbbbpbbbbbbbpp2qqdddddddqdddqqdqddqddddqqdqqdqdddqqqqdddqdqqdqddqqqqdqqqdqdqdqddddddddddddqqdqqqqddddqdqdqdqdddqqqqdqddqddqddqddddqdqdqqqqddqdqdqqdqdqqdqqqddqddddddqdqdqddddqqqqqdqddddqqdqdqqqqqqqddddqdqdddddddqdddqqdqqddqddqddddqqqdq
pbbbpbbppppbpbpbpp5bbpbbbppppbbbppbbppbpppppppbpbpbbppbbp1qpbpppbppbpbbpbpppb4dbbbpbbbpppbpbppbbppbpbppppbpbpbpppbbpbbpbpppppbbppbpbp4ppbpbpp9bpppbbbpbbpbppbppbbbpb7pbppbpbb5pbbppppbpbbpppbbbpbpbpbbbb1ddddqdqdqdddqqqddqdqqqqddqddqdqqdqdqdddqqdqqdqddqdddqqqdqqdqdqqqdqdqqddqqqqqdqddqddqqqdqdqdqqqqdqdqqddqqdqdqqqdddqdddqqqdqddqdqqdqqqdqddqqddqdqdqqqqqqqdqqddqqdddqqqqdddqddqqdqdqdqqqqddqdddq
bpbpppbbbppbbpbbbbpppbppbpbbbbbppbpbppbbpbbpppppbpppbppbbpbpppbbppbbp1bbbpbppbpppb47ppbpppppbbbppbbpbpbpppbbppbp6pbbb3pbppppbpbbbpbbpppbbbpbbpppbppppppppbpbp5bppbppp2bppbbpb6bbpbpbbbbbpbbpbpbpbbbpbppbpbppbppbppbbppbppbppbbpbbppbpbppbbpppbppbbpbbbbppb9dqqddddqddqqdqqqddqqdqdqqddqddqqdqqdqqddqqdqqdqqdqdqqdqdddqdqdqddqdddddqdqdddqddqqdqqqdqqdqdqdqqqqqqqqdqqqddqdddqqqddqdddqdqqqqdqdddqqdqqddqqqdqdqddqqdddqqqqqdqqdqqqdqqdqdddqddqqddqqqdqddqqdqqqdqqqqqddqddqqdqdqqdddddqdqqdqqqddddqddqqdddqqqdqd
ppbbbbbbbbpppppppppbbbbpbbbpppppbppbbbpbpbbpbpbbp22pbbpppbbpbpbppbpbpbpbppbbpbpppbbppbbpppbbpbppbpbbbpbpbpbbppbpbppbbbbbpbppbbbbppppbpbbpppbpppppppbpbbppbpbbppbbbbbppbb4pbbppbpbbbbppbbpbppbpppbppppbppbpbbbpbpbpbbppppbbbbbppbbbpp6qqdddqqdddddqqqqddqdqdqdddqdqqdqqqqdqqqdqqdqddqqddddqdqqddqddqqdddddqqddqdqqddqdqqqqqqqdqqqddqdqqqqddddqqdqdddddqqdqdqqddqdqdqdddqdqqdqddqqqddqqddqqqdqddqqdqdqdqdqqdqdqddqqqddqqddqdqddqdqdddqqdqqqqqdddqddddqqqqqqqqqddddddddqq
pbb9pbpbbpbbbpppbbbbbbbbbbbppppbbpbpbpbppbbbbpbpbppbpbpbpbbppppbppbbbpbppbpbbpbpppbpbbppbpppbbbpbbbbpbbbbbpbpppppbbppppbbpbpbppbpbbbbbbppbbppbbpbpbpbbbbbbppbpbpbbbbppppppbbpbpbbpbpppbbpbpppppbbbbbbpbppbbppbbpbbppppbbpppbpbbbbb3dddddqdqqqddqqqqddqddqqddqqdqddddddqqqqqdqddqqqdqddqdqddqqqqqqddddqdqdqqddddddqdqdqddqqddqqddddddqdqqdqdqddqqqqddqqqqqdqdddddqddddqdddqqqdqqddqdqqqdqddqdqqdqdddqqdqqqqddqdqdqdqqdqdqddddqqdqdqdqddqqqqdddddddddddqqqdddqddqdqddq
bpppbppppppbbp5pbpppppbbpbbbbbbbpbbbbbpppbbppppbbbbbpbpbbbbbpbbpbbbbpbppbppbbppbp8qdqqddqqdqqdqddddqddqdddddqdqdddddqqqqddqqqdddddqdddddddqddqqqqqdqqddqqqqqqdqqqd
