bppbbb33b3bbp0ppbb0pppppbbbb4ddddqqqqqddqqqddddddqqd
p3q7bpbppp46qqqdqd
77bpbppppbb8b2bpbbbppp98qqqdddqddddqqqqdqd
1b0dpppbpbb7bpbbppbbbppbpbpbp6qdqdqdqqdddqqddqdddqdqqq
pp686bbbpbbbbbppbbpbbpbb2ddqddqddqqdddddqdddqq
5pppbp7pp00ppppbp07qdqqqq3b7pbpppb9dqqqdqdqqqdqqq
p3pp0qqqbpbbbpppbbppbpppbbpb9pbppbb3ddqqdqdqddqqqdqqddqqqdddqd
8
bp7qdb2dpbppbb0dbpbpbb0ppbbpbbpbpp6qqdb9dqddqddqqddqdqddqqdq
pbbpbpbb6bpppb8pbbb4dddbp8qdqdqqqdddqdqddq
