b454bpb6b7ddqdd
p4bpbpbb1d5dpbppp9pbbbpbppbbpb9dqddqqdqdddqqqqdqqdqdq
pppb7pbppbpppbbpb9dqddqqqdqqdqdqqq
pppb9pbb3dpbpbpp0pbpbppbb1b71dddqqdqdqqqdqdqdqdqqq
b5bbpbbpbbpbbppbbpbppp0qqbbbpbpbbb87dddqdqdddqdqddqqddqddqddqddd
p8qbbppbbbbpppppppbbp1qddqqqqqqqddddqqdd
bpbb9ddqpbb8ddqd
pbpbbbpbbbbppbp2b2dpb2dqqdqqddddqdddqdq
bpbbbbppbb6pbpp69bpbpbp32pbpbb3ddqdqqdqdqdqqdqddqqddddqd
ppppbppbbbppbbbbb8p7qdppbbp5qddqqddddqqdddqqdqqqq
ppppbb4pbb4bpbbpb0dqddqdddqddqqqq
bpp0bppbppb2b9pb2dqbpb9dbp0qdqdddqqdqqdqqd
ppbbbpp8bppppp2p3qqqp3pppppp29p9bpp3qqdqqqqqqqqqqqdqqdddqq
bpb4p32bppbpp2bbbbpbpppp2bbbb9ddddqqqqdqddddqqdqqdqdqd
bpbb0dpbbbpbpbbbb84dp3pbb8bbp8qddddqqdddqdqdddqdqd
ppbbbpbp0qbpbbbbb44bp7bb8p7qddqddddddqddqdddqq
b1d73ppbbpbpp6qqdqddqq
ppppppbppbb419ddp8bp6qdqqqdqqqqqq
4pbbpppbbpbbbp8bppppbb86pbp2qdqddqqqqdqdddqddqqqddq
ppbpb3bpb2bbppbpp413qpbpb8dqdqqdqqdddqddqdqq

b8d3bpbbpp24bbbppppbppppbbpb6dqddqqqqdqqqqdddqqddqd
pbbb6pppbpbbbp0qpppbpppbbbpp59qqdddqqqdqqqdddqdqqqdddq
bppbpbbbbbbppbbpb5b2pb76dqddqddqqddddddqdqqd
pb6ppbpbp0qppbp4qpbbbpbb0d1b3ddqdddqdqqdqdqqdq
pppb6dppb6dqqqpbbpbpbpbbppbpbpp7qqdqdqqddqdqdqddqqq
b3ppbbp7pb1bpbbbp4qdddqddqqddqqd
bbpbbb8pp7qqdddqdd
bpb3pbbp5pbbb2dddqqddqdqd
ppbppbpbbp7bbpbpbb6bbp7qddddqdqddqddqdqqdqq
60pbbbbbpppbpppppbbbppb7dqqdddqqqqqdqqqdddddq
bpbbbbbbpbpbbbbpbbpbbpbppb65pbp6qdqdqqdqddqddqddddqdqddddddqd
b9dbbbb5b9p1b3ppp6qqbbpppbppbpp8qqdqqdqqqddqdqddddd
pp98bp22bbbbpb3pb06dqdqddddqdqq
ppbpbbbppbb1pp2pbpppbbb1b9ddddqqqdqqqddqqdddqdqq
p4pbp3bb4bp5qdddqdqq
5bbbppp47bbpbbbbbbbpb6p4pbbp1qddqqdqdddddddqddqqqddd
bp3qd840970bbpbp6qdbbbbbbpbbpbppb4dbb5ddqqdqddqddddddqdd
pbpbbp51ppbpbpbb09ddqdqdqqqddqdq
pbp6pppbbbbbppbppbpbpppp2p8b27dqqqqqdqdqqdqqdddddqqqqdq
bbbppp0qqqddd
pb9dppbpbbpbpbb2p5qddqdqddqdqqq
pppbpb7pppbpbpbbbpb45d7bpp9qqpb8pbbpppbpbb5ddqdqqqddqdqdqdddqdqdqqqdqdqqq
5506p99b3ppbbbpppb8dppbp1bbp2p3qqddqdqqqqqdddqqdq
pbbpppbbppb74b4bbppp5bb8ddqqqddddqqddqqqddq
ppbpbbbb4bbbpp2pbb451ddpbppb8bpp7qqddqqdqqqqdddddddqdqq
p6p4bbb0dddpp5qqppb2pppbpbpb9bbpp2qqdddqdqdqqqdqqqq
bbpbbb2dbpbbb7pb5dqbb867bpbbpp29qqddqddddddqdddqdd
pbpppbpppb7pbb5b9d9b5dddqdqqqdqqqdq
bbppp9b9b9bbpbpp7bppp2bpbb00ddqdqqqdqqdqddddqqqdd
pb5bppbpppbbp2b3dpp2bpppbbpbppp264qqqdqddqqqdqqqddqqqdqqddq
p9p2bbppbbpbbbb7bbbpbppbbpbbpbp10qdqddqddqqdqdddddddqddqqddqq
pbpbp30qppbppb1dbpbppp6qqqdqdqqdqqdqdq
pbpp6qqdqbbb75bpp3qqpbpbpbpppp3p5qbbbbb5p6qdddddqqqqdqdqdqdddd
2ppb3pbbb4bbppbbbbppbpppppbp1b1dqdqqqqqdqqddddqqdddddqdqq
bpbppp9qbbbppbpb0dpp1pbbpbbp5qddqddqqqqdqqdddqqdqd
bbpbb05bbpppbbb7dddqqqddddqdd
p7b0pbppbppppbp5bb9dd1p7qqdqqqqdqqdqdq
bpppp90pb4pbpppb2p0qppbpbppbpbb4ddqdqqdqdqqdqqqdqdqqqqqd
b7pbppppbpbpppbbppppb82bbb9ddddqqqqddqqqdqdqqqqdqd
bpbpbbpb0bppbppppppbppppbp262qdqqqqdqqqqqqdqqddqddqdqd
p4pb38bbbppppbbbbbbbbbpbpbp1pppp3qqqqqdqdqdddddddddqqqqddddqq
ppppp5q9qqqq
8pb3dq9ppp5bb5ddb1bb7bpbbbpb3dqdddqddddqqq
pb2ppbpbpbbppbp2qdqqddqdqdqqdq
ppbbp9b1dppbbpbpppbp8qdqpbb41ddqqqdqddqqqddqq
b8pbppb4pp3pbbbpbpbppbppppb1dqqqqdqqdqdqdddqqqdqqdqd
pbppbb4dbbpppbb6d4ppbbbbbbbbb6dddddddddqqdqqqdddqqdq
pp2q6q4p8q
bbp0qdd
pbppbppbbbbbb8bbb6pp7qqdddddddddqqdqqdq
pbb2ddqbpbbpbbbppbb0b3b7bbbp3b3dqdddddddqqdddqddqd
bbpp7bp1ppbppbppp1bppbpppbpp9p6pppp8qqqqqqqdqqqdqqdqqqdqqdqqqdqqdd
ppbpppbppp1bpbp00qdbpppb5bb8dddqqqdqdqqqdqqqdqq
ppppppppppbppbppbpppb8bpppbbppp2qqqddqqqddqqqdqqdqqdqqqqqqqqqq
p7qpbbbbppbppbb5b6bbpppbpbb8ddqdqqqdddddqqdqqddddq
bpbpppbpbbbppbbbbpp3pbbbbbbppbbp2qddqqddddddqqqddddqqdddqdqqqdqd
b4dpppbpbbbpbppp99bpp6qqdqqqdqdddqdqqq
ppbbbpb000bbbb8b1p6bbppbppbbpbppb4dqqdqddqqdqqddqddddddqdddqq
bpbbbpb6bb6pbppppb2pppb2ppbbbppbp37p5b9dqqdqqdddqqdqqqdqqqqdqdddqdddqd
bppbb9bb6bppbpbbb6dddqdqqdddddqqd
pbbp772bppbpp9qpbbppb6dqqddqqdqqdqddq
bppb6dbbp5bbpppbpb7p6qdqdqqqddqddqqd
p89bppbbbp8bp9ppp3bbbbpp1qqddddqqqqdqdddqqdq
pbbb0b0p3qpbbbpp7pbbb4bbpbbbppp6b3dqqqdddqdddddqqqdddqddddq
bppb4pbpbpbpp9381bpb2pbp8qdqdqdqqdqdqdqdqqd
pbbbb3ppbppbbpppppp2ppbpb5dqdqqqqqqqqddqqdqqddddq
6p0bbppb2pbbbppbp7bbbpbpbb5ddqdqdddqdqqdddqdqqddq
bp4qdpbpbbbpbb6ddqdddqdq
pppbpbbbbpbbb5bbbp1b79dqdddbpbbbb5ddddqddddqddddqdqqq
0pbpppbpbpppppbpbbbbbpbbpbppbp5qdp6qqqdqddqdddddqdqqqqqdqdqqqdq
5bbbbbp1bp7pp6qqqdqddb7dddpppppb6bbp0qdddqqqqqd
0pbpbpb1pp1p8ppp0pp7qqqqqqqqdqdqdq
b9bppbbbp0bpbb1dpppbb48bp0p2qqdddqqqdqdqdddqqdd
pbpbb6bppbp5bppbpbbpbp15qdqddqdqqdqdqqdddqdq
pbpbppbbppbpbbbpbb2bbppp4pppbbp9p1qqddqqqqqqddddqdddqdqqddqqdqdq
71bppbpbppb9pbbp8qddqdqqdqdqqd
pbpp5pbp2pbb3bppbbbbp3qddddqqdddqqdqqqdq
pbbpbbbbppbbpbb8bbbbbp4p4qqp9qdddddddqddqqddddqddq
pbb8bppb6bpppbppbb9ddqqdqqqddqqdddq
