bbbbpbppbbbp008bp9pb2ppp1qqqdqqdqdddqqdqdddd
p9qb0dbbbb6dpp1bpp9qqdqqddd
1ppppppbbb8bbppbbbbbbppbppp0b83dqqqdqqddddddqqdddddqqqqqq
pbpppppbp5pppppbb07bp7pbbpbpbp9qdqdqddqqdddqqqqqqdqqqqqdq
bbpbpbbpbppb9b4b1ppbbpbbp3qddqddqqdddqqdqddqdqdd
bp1pbpbbpbpbpbpppbp1qd5bb1ddqqqdqdqdqddqdqqd
214bbbb7pbpbbpppb2dqqqddqdqdddd
bppppp60bpp8qqp3ppbb15ddqqqdqqqqqd
ppbp39pbbb2b7bp9qdddddqqdqq
pbbbpp2bbp9bbbbbbpp8qqddddddqddqqdddq
pbbp25qddq
5bbb7b1ppp6bpbbp5qd39dbppbp9q2p9pbp7qdq7qdqqdqdqqqdddd
bppbbbbpbpp2pbbb3pp65bppb0pbppbpp03qqdqqdqdqqdqqdddqqqdqddddqqd
pbbbppbbpb5dppbppb5ppp1p3qqqqdqqdqqqddqqdddq
bpbbp0pbppb9817bpbpb4pbpbpbp7bp6qdqdqdqdqdqdqddqqdqqddqd
9pb2pbbppbpb7bbppppbpbpbbpppp5qqqqddqdqdqqqqdddqdqqddqdq
pbb8bppp7pbbpb950dqddqqqqdddq
bpppbbbbb61bbbbppbbbpp0qqdddqqdddddddddqqqd
bpb8pppppbpbpbppppbb7dbpp2qqddqqqqdqdqdqqqqqdqd
bpppbp5p6qqdqqqd
bpbpbp8p3pb2bb6pbpbbppp9ppb7pp6qqdqqqqqddqdqdddqqqdqdqd
bppbb3pbbppbbbbb10bp1qdddbppbp3ppbbb0dddqqqdqqddddqqddqddqqd
21pb2dpbb5pp5b5ppbpbbbpp8qqdddqdqqdqqddqq
9bp1qdp148p0bpbpppppppbpppp5qqqqdqqqqqqqdqdqq
p8bpbbbbppb9pbppb5bbp5p9b6dqqdddqqdqdqqddddqdq
p9bb6dpbppppb4bpp7b9bpp4qqddqqddqqqqdqdq
bbpp3pp7p38p6ppb2bp3qdppbppp1qqqdqqdqqqqqqqqdd

bbbp4pbpbbppppbbb2dddqqqqddqdqqddd
pppbpppbbpppppbpb7dbbb0ppbpbb1ddqdqqdddqdqqqqqddqqqdqqq
pppbb4ppb1ppbpppbpb2dqpbppp0qqqdqdqqqdqqdqqddqqq
pppp7ppbpbppp0qqqdqdqqqqqq
bpp0pbbbpppbpbbppbbppppbbpbbp2pp4qqqddqddqqqqddqqddqdqqqdddqqqd
bpb1pbbbbbbppbpbb8b4dddqdqqddddddqdqd
b4bppb5pbpbbpbbpppbbbbpbbbb5dddbbpbpp3bbbbp5qddddqqdqdddqddddqqqddqddqdqdqqdd
pbbpb4bpbbbbpp6bbp7pbbbppb7dbp0qdqqdddqqddqqddddqddqddq
p5qbpbbbbbpppbpbpbbp5bbpbp7qdqddqddqdqdqqqdddddqd
7pb2dqb9bbbbpbbpbpppbbbpbp13p4bbpppb1dqqqddqqdqdddqqqdqddqddddd
p3ppb6bbppbp6bpb2b0ddqdqdqqdddqqq
pbpppbpbbbbbppbbbbbb4pp5p4qqqddddddqqdddddqdqqqdq
bpbbbbbb8bbb89ppbbpbpbppppbp6qdqqqqdqdqddqqdddddddddqd
ppppbppbpbb3dbbpbbpbppp5qqqdqddqdddqdqqdqqqq
1pbbbpp2bpb6b4bbbpbpb3dbb4p29bbbpbpppp0qqqqdqdddqddqdqdddddqdqqdddq
b3pp9bpppbpbbpbpbp6qdqdqddqdqqqdqqd
p1bp3p8pppbb4bb8pbbbbbp39bpp0qqdqdddddqddddqqqqqdq
bbpbpb2p4qbbbppbbp4qddpppbb86ddqqqqqddddqdqdd
6pbbbpbppbpbbbbp0bppbbbp1pp9qqqdddqqdqddddqdqqdqdddq
pbbpbp5qpbpbb4bpbbbbpbbp4qddqddddqdddqdqdqddq
pppbpbbbpppb0bppbpbpbp7qdqdqdqqddqqqdddqdqqq
bp2p4p1qp1qqqd
pbppbppb89bbbppbpppb7pp91b1dqqb7ddqqqdqqddddqqdqqdq
bbpp6b5dqbbbbbpppp0qqqqdddddqdd
bp6qdpbbpbbb5ppp1qqqbppbbb7dddqqddddqddq
bbppbp2bbbpppbpbpbbpbbp9qddqddqdqdqqqdddqdqqdd
bbpbpppb519bbb9b1pb6dqdddddqqqdqdd
pb44bpppbbbpbbbbpp4qb2bp889p1bpbp4qdqdqqddqddddqdddqqqddq
0b9dbbbpp9b9bbpppppppb8bpp08qqddqqqqqqqdddqqddd
ppbbb3ppppbbb0dpbppppppbpbbbbbbb1p27qdddddddqdqqqqqqdqddqqqqdddqq
bbpppbp67pb8dqqb0ddqqqdd
6ppbpbp3qbppppppppbb5pp5qqddqqqqqqqqddqdqq
7pbb9bpbpb2bbpp2qpbp8b6pbpbb1ddqdqdqdqqdddqdqdddq
pbbbbbbbpp0q461q5p3qbbpbb4bbbbbbp3qddddddddqdddddddddq
bpbpb9716b4ppbbbbb2ddddbbpbbpp6qqddqdddqqddqdqd
b7p3pp09pb48dqqqqd
p1q4pbbbp5q6pb88bbb7pb10dqddddqdddq
bbpbpb2ppbppbpbbpbbbbb0ddb5pbbbpb2dqdddqddddqddqdqqdqqdqdqdd
pppb9bpbppbpbpbb75bb0ddddqdqdqqdqddqqq
4pp43bpbbp7qppbbpbpppbpbbb0bp4qddddqdqqqdqddqqddqdqq
b5p20bppp0b8bpbb8ppbp2qpbp7qdqdqqddqddqqqdqd
bppb5dpbpbbpp4qqddqdqppppppbbbbbbpbb9ddqddddddqqqqqqqqd
bbbppbppbppp4bppb8dqqdqqqdqqdqqddd
0bbp9p8bb6ddbppbpb6d0ppppbpbbbpp1qqdddqdqqqqqdqqdqqdd
bppbbpbppp69bbb1bpbbbbbppbpb4dqdqqdddddqddddqqqdqddqqd
p0pb2dqqpbppbpbpb5d5q6p9qdqdqqdq
pbbpb2bbpppbpbp3bbbbbpbpbpb0bp3qddqdqdqdddddqdqdqqqdddqddq
ppb4bp936ppb2bbbppppppbpbb8ddqdqqqqqqddddqqqddqq
bpbpbb44bp8pp20qqbbppbpppb9dqqqdqqddqdddqdqd
bppp3bbpbp5pbbppbbpbpp0bppbbp6qddqqdqqdqddqqddqqdqddqqqd
bppbbpbppbbpbbbbbb4bbbpbpp69qqdqdddddddddqddqqdqddqqd
bbbbpp0p67bp9bppb0pppbppb8dqqdqqqdqqdqdqqqdddd
4bpbb8bpbbbpp4qqdddqdddqd
pb81bbpbpppp4q8qqqdbpb320pb3dq8b26ddqdqdddq
pbbbpbpbbb9bb9dddddqdqdddq
bb6bpb4ppbbbbbbbb6pbb8ddqddddddddqqdqddd
pbbp5p1ppp471ppbb6dbbb09bbbbppbb2ddqqddddddddqqqqqqqddq
pbbbppppbbbp0qpb1dp43pbb2db5ddqqqdddqqqqdddq
p6bpbpp4bbp2bbbppbppbbbpbp0bbbb7pbp7qdqddddqdqdddqqdqqdddqddqqdqdq
bbbbpbbpb44bbpbp9qbb7dddqdddqddqdddd
pp7qqpp3bbbbbpbp1bpbpbpppbpbbbbppbppp4pp1qqqqqdqqddddqdqqqdqdqdqdqdddddqq
7ppppppp7qppbbpbp9ppb0pp8qqdqqqdqddqqqqqqqq
bbp7b9dppbbp8pbpbpbbpbp4qdqpb3dqddqdqdqqddqqqdd
9pbppbppbpbbpbpp9qqdqddqdqqdqqdq
bbbpbpbbb0dppp7p6qqbpb5pbbpbpp2qqdqddqdqdqqddqdqddd
bpp2p5pb51p1qpbpbb3ddqdqdqqqqd
bbpbpbpb1dqdqdqdd
bbp2p1bbpppbbb6ddppbppbbppppbpbbpbbp8qddqddqdqqqqddqqdqqdqqqddqqdd
bp7ppp5bb7bbp7q9bppb8dqqdddddqqqqd
3pbpbbbpbppbppbp6p7p8qppbb1pbb9ddqddqqqqdqqdqqdqdddqdq
pbbbbbpppbpbbbbbbbbpppbbpp7qqddqqqddddddddqdqqqdddddq
bbppbbpbbpbbbbpbbp0pbp0p6qqdqqddqddddqddqddqqdd
pbpbpb4048b4dpp9qqdqbpbbpbpbp3qdqdqddqddqdq
ppb694b7pbbbbppppppb4dbbbbpb2dqddddqqqqqqddddqddqq
bpppbpbpbbbbpb9p3qbp2qppbbpb8pppppp6qqqqqqdqddqqddqddddqdqdqqqd
bpppppp8bpb8d7pb7p3qdbbpp9ppbp1qdqqqqddqqdqqqqqqd
bppbpbpbpppbbpbbppp1bpppppbb5pb75dqddqqqqqdqqqddqddqqqdqdqdqqd
bpbb8ppbbbbbbbpp8ppbp2qbppp3qqqpppppbppbpp8qqdqqdqqqqqddqqqqdddddddqqddqd
bpb8pp3pbbpbbpbbppbpbppb6dqqdqdqqddqddqddqqqdqd
bbp1pbbp6bbp8bbpbpppb2ppbpp777b14dqqdqqdqqqdqddqddqddqqdd
ppppbb9dbbbp1ppbpp6qqdqq8bb3ddqddddqqqq
pppp92bbpbpp0qqdqddqqqq
bpppbbppbbpbppbbppbbbppbpbppp04qqqdqdqqdddqqddqqdqddqqddqqqd
bppbbpbppp9b8ppbbpp826qqddqqdqqqdqddqqd
bbbbbppbppbbbpb3bp0qb8bp0qddddqdddqqdqqddddd
ppbppppp97pbpbpbp0bbpppp6p4qqqqqddqdqdqdqqqqqqdqq
3ppbpppbppbb3bp1qd7pbp1bbbbbbbpbpbb8ddqdqdddddddqdqddqqdqqqdqq
pbbbp2bbpbp2pbpbpbppb2dqqdqdqdqqdqddqdddq
bppbb4bpbbbppbbp3p3qqddqqdddqdddqqd
b3bpbbbpbppbpppb3dbb7pp4qqddqqqdqqdqdddqdd
ppbbbppbpppb1dbppb4p2qdqqdqqqdqqdddqq
5bbb5bbb82b3dbbpb7dqddpp9qqdddddd
ppp5b63pbbpppb09b9ppbb57bbbbp3p9qqddddddqqddqqqddqdqqq
pbp1bbb8dddqdq
p7pb4pbpppppppbbb1dddqqqqqqqdqdqq
pppbppbbppbpbbpbppppbpbb5pbbp0bbbb8ddddqddqddqdqqqqdqddqdqqddqqdqqq
bbppbbpb7d2ppbp4p7bbpp27qqddqqdqqqddqqdd
b0bbpppppbbpppbpb4bpbpbb3ddqdqddqdqqqddqqqqqddd
b92bbppb5bbpbppppbpb6dpbp1qdqqdqqqqdqdddqqddd
6bbpb0bpbbbpbbpbbpp3bp6p4pbb1ddqqqdqqddqddqdddqddqdd
bb4bbpbppbbppbpbp3qdqbbb2bpbbpbp9ppp3qqqqdqddqdddddqqddqqdqdddd
4p7bbbb159bbb7pppbbpb3p6pbpbb0818ddqdqqdqddqqqdddddddq
p4bpb9p7ppppbbpbp7bbpbb1dbb48dddqddqdqddqqqqqdqdq
pppppp5ppp7q9p2qqqqqqqqq
ppbpppppbppbbbbb4pbpppbppbpbpb0dqdqdqqdqqqdqdddddqqdqqqqqdqq
b6bpp2bbbb3ddbpbbb48p9qb3ddddqdddqqdd
bp5pppbbb1dbpbpb4bbppb1dppbppb6b0ddqqdqqqqdddqdqdddqqqqd
bppbp0ppbbpbpbbbpp0qqdddqdqddqqqdqqd
bbpp84pppbpbppppbpbpbbb4b8ddddqdqdqqqqdqdqqqqqdd
b9b05746pbb3ddqdd
b4b4bppppbbp8p7bbbppb8dqbppbbb6dddqqdqdddqqddqqqqddd
pbbppb2pbbbb3pbb2bbp2qbpppb8dqqqdddddqddddqdqqddq
bpppppbpbppbbpbbpp6pbpbbbpp5b1dqqdddqdqqqddqddqqdqdqqqqqd
8bbp5qp7pppbppbpp4pp6ppp4qqqqqqqdqqdqqqqdd
ppp0pb3bpb9dbppbbbbb2pbpppppp2qqqqqqdqdddddqqdqddqqqq
p0pbb5ddbp8b0pbb7ddqdqdqq
bbppbppbppbbppp8p3qqqqddqqdqqdqqdd
ppbpb5dqdbpppppbpbb3bbbbbb5bp5p9qpbpp63qqdqqdddddddddqdqqqqqdqq
ppb2b9dpppbbppbppb8bp7qddqqdqqddqqqdqq
p5bpbbpbppbbbbbp0pbppp5qqqdqqdddddqqdqddqdq
55pbbpbbbpp86ppbb6bb6ddddqqqqdddqddq
bbpb8bpbbb5ppbpb7bpbpbpp493qqdqdqddqdqqdddqddqdd
bppp1bbbbpp22b1dqqddddqqqd
pppb4dqqqbbpbpbpb2bpbppbbbbbbbbppppbbb2dddqqqqddddddddqqdqddqdqdqdd
pbbp1q48bp3ppp1b3dqqqqdddq
p1pbp2qpp2qqdqq

b3dbpp8pbbpp2bbbb34bbb3pb7dqdddddddqqddqqqd
8bbppppppbbbbbp6pp2bp7pbp1ppp0b5dqqqqdqqdqqqdddddqqqqqqdd
pb394b9p3pbbbbb3bbppbppbb98ddqqdqqdddddddqqddq
ppppbp5bpbpp78b89bbbppb8pp2qqdqqddddqqdqdqdqqqq
bb517ppbpbbbpbbpbpbbbb1pppbb4ddqqqddddqdqddqdddqdqqdd
pbbpppbbbp6qdddqqqddq
pbpppppbb7bbpb9bpp8qqddqddddqqqqqdq
ppbpbp7bbpbbbpbb6b3bpbb7bppbpbppbb2pb9dqddqqdqdqqdddqddddqdddqddqdqdqq
bbpbpbpppb4bppp4ppp2bpppppb3dqqqqqdqqqqqqddqqqdqdqdd
p9b7bb9pp2qqdddq
pppbpbbbpbb9bbbbpbp4pb2dqqdqddddddqdddqdqqq
bpb7dbpb015bpp6qqdbpbbbppbbpb6pbb66ddqdqddqqdddqddqdqd
pb5bp1bpbp7pbp9qdqqdqdqddq
b9b33pp7qqb8dpb0bppbbppppp4b27dqqqqqddqqddqdd
bbpbbbppbpb0bpbbppb0bp3qpbppp4qqqdqddqqddqddqdqqdddqdd
pbbb2ppbbbbppb7bbppb2dqqdddqqddddqqdddq
pp5bpbpppbpbbpp7bb84pb5d7qddqqddqdqqqdqdqq
pb9dqbbpbbpppb7bpp3pppb0dqqqqqddqqqddqdd
pbb0b1b9dpp1ppp2qqqqqdddq
bpppp88pp4bbpp7qpp0b06dqqqddqqqqqqd
608b1bpbbbpbpbbpbp8qdqddqdqdddqdd
b6b5dpbbp8bbbp12bpbbb6dddqdqdddqddqd
bbbpppbbbbpbbppbpbppbbb1bbbb2dddddddqqdqdqqddqddddqqqddd
bp1bbbbpbbbbbpbp0qdqdddddqddddqd
bbpp4pppbp1pppp1pppp3qqqqqqqqqdqqqqqdd
bbpbpbppbppp7ppp90pppp4qqqqqqqqqqdqqdqdqdd
ppb98p9b8ppppbp2bpbb1ddqd8qdqqqqdqdqq
7bpbbbb6dppb2dqqdddqd
6b9dpbpbpbbb2dddqdqdq
pppbbbppbbpb8ppppbp1qbbbp8p5qqddddqqqqdqddqqdddqqq
pbbpppbppbbp2ppp3pb0bp3qddqbbbbp8qddddqqqqddqqdqqqddq
pp8pbpbb3b1dpbbbbbbb8bb1bp4qddddddddddqddqdqqq
ppppbbpbpppb5p0b5bppppbpp2qqdqqqqddqdqqqdqddqqqq
pb5bpb3ppb9bbb77pp5qqddddqqdqddq
bp9b041bbppppbp5b8bb65dddqdqqqqdddqd
ppbbpppp8bpp9qppppp0qqqqqqdqqqqddqq
pp7bpbbbp4bbpbbb4bp6qddddqddqdddqdqq
47bp8bbbbbpbpbbbbbbpbpbp4pbbppbbb1dddqqddqqdqdqddddddqdqdddddqd
pppb6p2bbb9bpp0qqbbppp4bp9qdqqqddddddqdqqq
pbbbbbbpbbppppppbbbb7ppppbpb8dbbb2dddqdqqqqddddqqqqqqddqddddddq
bbbbpbppbpbpp5pbbp9bbb1dddqddqqqdqdqqdqdddd
5bppppbb2ddb5dqqqqd
bpp9pbbbpbppbb7ddqqdqdddqqqd
pbbbpbbbb2dd1pbbpbbbbbbb962dddddddqddqddqdddq
bbppbpbppbbp2b6dqdpb8pbpbbbp83bbbpbb4b3dddqdddqdddqdqdqdqqdqdqqdd
4p4bpp3pb3ppppbbbbbbp2p6qqddddddqqqqdqqqdq
pbpb76ppbb5ddpbpbpp2qqbbbbpp3pb9dqqqdddddqdqqqdqdq
pbbb7bppbb6ppbpbp6pp3qqp6q2qdqdqqddqqddddq
bp7qpbpbpppp1p36bpp4bpppb0b2pppb7dqqqddqqqdqqdqqqqqdqdqd
bpppppbpbppb5ppppbppbp5bppp6pbbpbp4bppb8dqqdqdqddqqqqdqdqqdqqqqdqqdqdqqqqqd
bbpb1pp4pbpb85ppb1dqqdqdqqqdqdd
7pb5dq
bbbppbbb6b9bpbpp0bpb99dqdqqdqdddddqqddd
bppppbp80ppbppb1pb3b0pbpbp1pb4dqqdqdqddqdqqdqqqdqqqqd
bpbbb0dbb7ddddbpppbbbpp9ppppbbppppbpb2dqdqqqqddqqqqqqdddqqqdqd
pbpbppbp3p4bpppb7ppppp5qqqqqdqqqdqqdqqdqdq
bppbppbpbpppbpbpbppbppbbbbbppbbpbbp0qddqddqqdddddqqdqqdqdqdqqqdqdqqdqqd
pbbppp7bppppppb2bppp0pp4bbp44bp2qdqddqqqqqddqqqqqqdqqqddq
p2p7qpp1qbbbppppppbpp7pp3qqqqdqqqqqqdddqq
pbpbbpbpbbppbbppp7ppbbbpp3bb279ddqqdddqqqqqddqqddqdqddqdq
4bpbbb6pp5bpb40b8ddqdqqdddqd
b9bbbpppbpb08ppppbbb3bbp1qdddddqqqqdqdqqqdddd
b51b4dppbbpb1dqddqqd
p32qbb5ddbpbpppppb2pbbbpppbppppbp26bb23ddqdqqqqdqqqdddqdqqqqqdqd
bbpbpppbbpb0pbppbpppbp5qpppbppp0qqqdqqqdqqqdqqdqdqddqqqdqdd
bbp8bpb4ppbb1p1qddqqdqdqdd
bb9ddbpppbbpbb6p6qppppbbpbbppb4dqqddqddqqqqddqddqqqd
b8b3pppbpbpbbbb5pbbbpbbp4bp9qdqddqdddqddddqdqdqqqdd
pppppbpbb1pbbpbbbpbpb3dqbppppbp7qdqqqqddqdddqddqddqdqqqqq
b6dppb1bppbpp58bpb0bb5b4ddbpbbbpb1d9qdddqdddqdqqdqqddqq
pppppppbbbppbbbbbbp64qddddddqqdddqqqqqqq
4pbppp4bpb4b1bppb2b3ppbbbbbbpbpb9bbbpb71b5ddqddddqdqddddddqqddqqdddqdqqqdq
pbppppp22qbb3db10ppppbbpbppb4dqqdqddqqqqddqqqqdq
ppb6pbbbbbpbb6ddb2bpb84pbbp2qddqdqddqdddddqdqq
bpbb5ddpb9bpb1bpp4pbpbbpbp4qdqddqdqqqddqddqqd
bbpbpb9dpbbbbbbb8dbbp1qpb3pbb8ddqdqddddddddqqdqdd
p54qbbppbbbbpp11ppbpppbbbpp5qqdddqqqdqqqqddddqqdd
bpbbppppppbpbpbpppbpp6bbppp8b9dqqqddqqdqqqdqdqdqqqqqqddqd
bbpbbbpbpbbpp3q5bpbp9pbbbpbbb6dddqdddqqdqdqddqdqdddqdd
b3pppppbb0bpb9b4ppb0dqqddqdddqqqqqd
2bpbbb94bpbbpbbbbpppb5dbpp1qqdqqqddddqddqddddqd
b04d6p56pbbbpbpbbb4dddqdqdddqq
ppbbpb126pb58bppp3bbpbbbb5pp16pp8qqqqddddqddqqqddqdqddqq
bbpbpb4b883bbb8bbp5qdddddddqdqdd
6bbpb5pppbppbbpppbbpbpppp3bb28ddqqqqdqddqqqddqqdqqqdqdd
pbp9bbbpbppbbp60pbb7ddqqddqqdqdddqdq
ppppbpbpb1bpbb9pb4b2d9d0qddqddqdqdqqqq
bp88pp3bpb9bbbbbb0ppbppbpbppbppbb6ddqqdqqdqdqqdqqdddddddqdqqqd
ppppbbp06pbpbpppppbpp2pp7qqqqdqqqqqdqdqqddqqqq
pbpp7qqpb5d7bp7bp4qdqdp076bbbppb6dqqdddqqdq
2pbbbb4p8pppppp7qqb8ppp8b4dqqqdqqqqqddddq
pbbpbppp6bbbpbbpppp2p3qqqqqddqdddqqqdqddq
pp46pb6bb1dbbbpp8qqdddddqqq
6pp1bbpb98bpbb4pbp65pbbbp0qp3qdddqqdqddqddqddqq
ppbbpbpbpp0p8qq9p6bbpp3qqddpb4bbbp92qddddqqqdqdqddqq
ppbp9qdqqpbbppppbb1ppp6pb5dqqqqddqqqqddq
pp551p8bb4bpbbbbbppbppbpp2qb1dqdqqdqqdddddqdddqqq
b5ppppppp8p0bppppppppbb7ddqqqpb2dqqqqqqdqqqqqqqqd
p3pbppb0bb5bbpbbppb2dqqddqdddddqqdqq
p9q5bp9p2qp5bp5qpppbbbp9qdddqqqdqqd
b3pppppbp1p6pppbbbbpbb0ddqddddqqqqqdqqqqqd
bpp4ppbpbppbbpppppbbppp9qqqddqqqqqddqqdqdqqqqd
bbbpbpbppppppp5ppp2qqqqqqqqqqdqdqddd
p7pp0bppppb8pbp85pbpbppbbpb6dqddqqdqdqqdqdqqqqdqqq
bpbpppb8bpbpbbppbpp2pbp1qdqqqdqqddqdqddqqqdqd
p1qbpbpppb8bp4qddqqqdqd
4bpp32b14bppbbbppbpppbbbbbbpp6qqddddddqqqdqqdddqqddqqd
p4p4qqp4bpbpbppppp1qqpbpbp7qbbpb0dqdddqdqqqqdqdqdq
b5pbpbb9bbb0b4p20ppbb2p7q9ddqqqddddddqdqd
7
bbbpb5ppppp8bb5bpbb4pp6bpp74pbb8ddqqqdqqddqdddqqqqqdqddd
pppppppppppb1dq7p2pbbpbbb7pbpbbb1dddqdqdddqddqqqqqqqqqqqq
bb3pp0pppbb3ddqpppp00qqqqqqqqdd
bpp2bpb4p8bbbbbpb5dbpbbbp4bbpbbpbp3qdqddqddqdddqdqdddddqdqdqqd
pbbbbbbpbb9pppbp5bbpp8qqddqdqqqddqddddddq
pp0p7pppp5pb5dqbppbppbpppb6dqqqdqqdqqdqqqqqqq
pbppbbp5pbpp7pbpbbpp22qqddqdqqqdqqddqqdq
pbbpb9bb5bbbpbpbbbbbpp4qqdddddqdqddddddqddq
pbpppbp4bbbpppbbpbbb25p6qdddqddqqqdddqdqqqdq
bbppbbpb5d67qdd1bpbbp2bpb6dqdqddqdqqdd
bpbbbpp0qbpb9bbbpbpbbp5qddqdqddddqdqdddqd
p7bpbbppb7bbpbpbpbbp9bp7p6pbbb9dddqqqdqddqdqdqdddqqddqdq
8pb5dqbbppbbppp2ppp4bbpb4bpp8qqp97qdb3ddqddqqqqqqddqqdd
pbbp4ppb5dqqqddq
ppbppbp4bpbpbp4pbbpb1pbp9qdpb2bbpb1dpbbpppb7p4qdqqqddqqdddqqdqddqqdqdqdqdqqdqq
ppbbpbbppp5p3qqqqpbbbbpp730bb5ddqqddddqddqddqq
bbppp77pbpbbbppp2qpp0qqqqdddqdqqqqdd
44bpp0qqdpbbbppb2dqqdddq
ppbp9p0pbpbbb5dpbpbppb4bp5bbbpb9dqdddqddqqdqdqddqdqqqdqq
pp3bp8bppp9bpb5dqbppp6qqqddqqqdqdqq
b2dpppb6pbb8bp8qdpbbbppb0b0pbb6ddqddqqdddqddqdqqq
bbpbpbppbbb8dddpppb1bbpbbpbbppbpbppbb5ddqqdqdqqddqddqdddqqqqqdqdqdd
ppbbbppbbbb94ppbbbbb3pp5pbb3ddbpp7qqdqqqdddddqqddddqqdddqq
pb4dpbp49qdqpb4dqbbpbppb9bbp7qdddqqdqddq
3b0bbpbppbbbppbppb7dqqdqqdddqqdqddd
bbpbppbbppp3qbpbbbbpb5dqddddqdqqddqqdqdd
bppppp4qpbpbb0dpb7pbbb9b6pppb0dqqqddddqdqdqdqqqqqd
pbbbb6bbbbppppp1ppbbpppbbb77bpb8dqddddqqqddqqqqqqqddddddddq
pbbb47p9qpbb2b9pppb2bbpppppppbp0qdqqqqqqqdddqqqdddqdddq
47pbp7bppb7pbpbb2ppppb9bpbp0qdqddqqqqddqdqdqqdqdq
1pbbbb6dd2b6pbpppbpbbp4bppppp2qqqqqdqddqdqqqdqdddq
pb5dqppbppppppbbbppbpb49dqdqqdddqqqqqqdqq
bbppp9b50bbb84ddddqqqdd
pbbp1b4dbbbppbbbppbppp92qqqdqqdddqqdddqddq
bbbbpppbpbpb8pp9pppp9qqqqqqdqdqdqqqdddd
bpbppbpbbbpppbbbbbpppbbp1qddqqqdddddqqqdddqdqqdqd
ppbbpbbppb77ppbbb6p0bpb60dbbbpbpbbb7dddqdqdddqdqdddqqdqqddqddqq
b9pbbb8pbpp11bpppbbbb8ddddqqqdqqdqdddqd
pbpbppbbppbp2bbbppbbpbpbbpbbbbbp2qdddddqddqdqddqqdddqdqqddqqdqdq
43bbpbbppppbbbpbpb6dqppbppb3bb9dddqqdqqdqdddqqqqddqdd
bpbp0pbbbb1pp4qppbpbbbpbp4qdqdddpppb8dqqqqdqqqddddqqdqd
03pbppbppp5qbppppp21p3p1qpppbpppppbppb1dqqdqqqqqdqqqqqqqqqdqqdqqdq
pbpbpbppbb0pp5pbppb9bbbppppb2pb9dqdqqqqddddqqdqqqddqqdqdqdq
bbbpbbbbpp9bppppp5bbpb4dqddqqqqqdqqddddqddd
bpbpp7pbpp21bpbbpbb7b2dpp1bpb0dqdqqddqddqdqqdqqqdqd
bppbp4ppbpbppppb7dqqqqdqdqqqdqqd
bppppp3bbbbpbppbpbpbb9bbbpppbpbb8ddqdqqqdddddqdqdqqdqddddqqqqqd
bp737ppbbpp9bp94b158dqdqqddqqqd
pbbp0bpbbpppb4dqqqddqdqddq
bp1qd
p0qbpbp32bbppb3dqqddqdqd
bbbpbppppppppbp8bpbb8ddqdqdqqqqqqqqdqddd
bpb6dq5bpppbp7qdqqqdd
bppbpppbbb2bp4pbbbbpbp6bpp3qqdqdqddddqqddddqqqdqqd
b0pbpbbpbp43bp6qdbbbppp8pbb2d8dqqqqdddqdqddqdqd
bpp57pbp32pbbbbpbbbppppb3dqqqqdddqddddqqdqqqd
bpp4bbpp1pbpbppbpb0dqdqqdqdqqqddqqd
b1p6pbpbbbp0bbbppbpbbbpbp9p3qqdqdddqdqqdddqdddqdqqd
bbpppbpbbbpb22pp83pbbbbbbpbp1qdqddddddqqqdqdddqdqqqdd
24bbbbbb6ppb6pb9b1d5pbbb66dddqdqdqqdddddd
pbbbpppbbppbbppb9dpbbppbp786qdqqddqqqddqqddqqqdddq
bppbb81ddpbpbpppp6b1dqqqqdqdqqqd
p8b6b3pppp4pbbbbpbb8ppbbppbp7q8dqqddqqddqddddqqqqqddq
pp3pbbpbpbpbppb3dqqdqdqdqddqqq
pbbbp5qp8bbpp2qqddqdddq
7b2bbppbpbppb6bppp9bpbpp8bpb7dqdqqdqdqqqddqqdqdqqddd
bpbbbpbp28bbbbpbp34bbbbpb9p6qdqddddqdqddddqdqdddqd
bbbbbbpbp6bbpp6pbppbppp75qqqdqqdqqqddqdqdddddd
bppbpbbbpp5p0p1qq486bpbpppbpbp506qdqdqqqdqdqqdddqdqqd
bb5pbpbbbppbpbbpbbpbb0pb4pbp85bbbp04qdddqdqdqddqddqddqdqqdddqdqdd
3pppbbbb26b3dddddqqq

b5bpp4qqdd
bpbpppbbppbppbbbbbb4ddddddqqdqqddqqqdqd
9ppbppp2bbppbp5bbbpbb77pppbppp1pbbb0dddqqqqdqqqddqdddqdqqddqqqdqq
ppbbbppp9ppp8qqppbbpbbbbppbb6ddqqddddqddqqqqqqdddqq
p2pbbpppbbpppbppbpbbbppbb6ddqqdddqdqqdqqqddqqqddqq
pbbpppbbbpbpbpppb6dppp5bbpb5dqddqqqqqqdqdqdddqqqddq
6bpppppppbp3qdqqqqqqqd
3pbb0pb55d53ppb9bpp83bbb5ppbb5ddqqdddqqddqqqddq
bbpppbpbb8bbpbpp6qbbppbp5ppb0b4ddqqqdqqddqdqddddqdqqqdd
bp2bpbbpbpbpb8ppp4bb1pbpb8pb5dqdqdqddqqqdqdqdqddqdqd
b5pbpbbbbpb53bbbbbppbbpbbpppb0bpp4pbbb6dddqqqddqqqddqddqqddddddqddddqdqd
bb6dbpbp3bbp5pbbbbppbbpppp9qqqqddqqddddqqddqdqdd
pbbbbpbpbbbpb5bppbbbp91p7bbp988qddqqdddqqddqdddqdqddddq
6bpp6qpbb7pb70bp3p09bbpp2qqddqqddqddqqd
b71dp3bppbbbbbb14ddddddqqdq
pbbppppb5pbpb88bbbpbpppp1qqqqdqddddqdqdqqqqddq
672pppppbppbb3ddqqdqqqqq
bpbpb2bpbb6ppbbpbppbbpbpp8p1qqqdqddqqdqddqqddqddqdqd
1bppbbppbbbppbbbbpbpb9bbpb2b234ddqdddqdqddddqqdddqqddqqd
bpbpbbbb1pbpb4dqbpbbbbb4pbbpbpp5qqdqddqdddddqddqddddqdqd
bp3bpbp64p29bpbb5dbbb3pb2dqddddqdqqdqdqd
9bp2bbbbbp1qd0b4p85b0dp8qqdddddqd
5ppbbpbppbbbbbpbbbbbb5ddddddqdddddqqdqddqq
pp3qq7bpbp6pbbbbbb9bpb1pbbppppbpp9p9qqqdqqqqddqdqdddddddqqdqd
bpbb8bbpbp5bb7bbbpbpbbpbb6ddqddqdqdddddqdqddddqd
1pbbbpbpppbpp2qp5qqdqqqdqdddq
bpppbpp1b7dq0qpbpbb9bbbpb9dqdddddqdqdqqqd
bbp1ppppppbpppbb0bbbpppbppbbpbpbbbpp4qqdddqdqddqqdqqqdddddqqqdqqqqqqqdd
ppbbpb3bpp7pp6bb0pbpbb4dpbpb4dqdqdqdqddqqqqddqddqq
bb8dd3pp1ppppbb2dbpbbp1bbbbppp7qqqddddqddqddqqqqqq
bb0ddbpb85bbpbppbbpbppppbb2ddqqqqdqddqqdqdddqd
6p6bbp1bp0bb4ddqdbbbppbbp2q0ddqqdddqddq
ppp2pbpbbpbpb5dqppbbppbbpbp40qdqddqqddqqdqddqdqqqq
pbppbbpbbbbbppbppppb9dq8bpbp6bbpppb1dqqqddqdqdqqqdqqdddddqddqqdq
bbbpp6ppp4b34pppbp5qdpb22pbbbpb74dqdddqdqqqqdqqqqqddd
bbp2bpbbppbpp2bbppb2dqqddqqdqqddqdqdd
bpbb8dpbbbbbbpp4ppbbb2bp62p8qqddddqqqqddddddqdqd
pp2qppbbbbb8pb4ppbpbbpbb23ddqddqdqqdqdddddqqq
bp3q2pbpbbbp783bb1bb2pbb4d4dqbpbp39qdqdddddqdddqdqd
pbpb1bbpbppbbpb72bpbpppbb8ddqqqdqddqddqqdqdddqdq
3bpbpbbbppbbbppbpbppp7qqqdqdqqdddqqdddqdqd
ppppbpppb2d8b0dbp7qdqqqdqqqq
pb4dqbpbp06bpbpppp6qqqqdqdqdqd
2bpb6pbpb7bbbbpbpp6bbppbb7bb3ddddqqddqqdqdddddqdqdqd
ppbbbbbbbpppppp7b4dqqqqqqdddddddqq
pbp2qdqbppbp9bbpbpp7qqdqddqdqqd
2bbbppbbbppbpb2dqpbpbbbp5q66b5ddddqdqdqqdddqqddd
bbbbpbpbpb8b1bpppppbpbpbpbpb1dqdqdqdqdqqqqqdddqdqdqdddd
0bbbbpppbbbbbpbpppp8ppb55b92p2p6qqddqqqqqqdqdddddqqqdddd
1pppbppbpbbp0qd5bbppp0bbpbb1ddqddqqqdddqdqqdqqq
ppbbpppbpppbbbpbp3pp3bb7pbpbpbbpbb4ddqddqdqdqddqqqdqdddqqqdqqqddqq
bpbb4pp0qpb7pp2qb8bppbpppb9bpbbp3qddqddqqqdqqddqdqqddqd
bpppb6pp8ppbbpppb6dqqqddqqqqdqqqd
bpbbpbppbbbbb7dddddqqdqddqd
bbbbp2b6pbbbbbpppbbbb0ddddqqqdddddqdqdddd
b7bpb9dqddpbpp2qqpppp862qqqqdq
pbp2bb4p1qddqdq
2pp7bpp54bpbbpp5ppb5pp8qqdqqqqddqdqqdqq
bbbbpbpbb6d6bpbbpbpp12pppp2pbbpbbbb4ddddqddqqqqqqqdqddqddqdqdddd
bpp7p7pbpb18db5dqdqqqqd
bbbpbpbpb6bppbppbpbb8ddb6dppppbbpp77qqddqqqqqdqqdqqddqdqdqddd
pbbpp2bpbbb5dp895ppbbpbb3ddqddqqqddqdqqddq
ppppb5bp59bpb7b3d50bpbbp6qddqddqdqddqqqq
bppb41bppppppbp0bpppbbpppp99qqqqddqqqdqdqqqqqqddqqd
5bbpbpp7bbbpppbp1bpbpbbbp22p8pbpbp6qdqdqqqdddqdqdqdqqqdddqqdqdd
b3bpbp8pbp2qdqbppbbbpppb1dqqqdddqqdqdqdd
bpbppbpbb494ddqdqqd7qd
pb1dp7bp57bpp3bpb2dbbpbbbpbb8ddqdddqddqdqqdqdqq
p3pbbp6qppbp20bp2qbbppbb6b0dd5dqqdddqdqqddqq
6bbb2pppb09dqqqddd
b4bbb5pbbbp5bpbp5pbbb9dbbp3qddddqqdqdqdddqdddd
pppb5dqqq6bppbbpppb31dpppbbb9dddqqqqqqddqqd
pbppppbbpb7pbppppbbppb0dpbpbbpb7dqddqdqqqddqqqqdqdqddqqqqdq
ppb3bpbbpppbbbb11pppb3dq2p6qqqddddqqqddqddqq
bppbb8ddqqdb8pppbbppbbppbpbbppp6qqb23dqddqdqqddqqddqqqd
bpbppb51ppbpppbpbpppp1qqqqdqdpppppbbbpb2dqdddqqqqqqqqdqqdqqdqd
2ppbpbpp10b3pbbbpbbb8dpppp6qqqqddqdddqdqqdqdqq
2ppppb7p4pbp7qbpp2ppb9pp3qqdqqqqddqqdqqqq
bbp8pbbbp22bbbbppbbb0pppp64qqqqdddqqddddqdddqqdd
ppbbbpp8pp3bbpbpbp4qdqpbb8ddqdqddqqqqdddqq
1bbbb316dbbppppbpp5ppbbpbpbpbbbpp6b7dqqdddqdqdqddqqqqdqqqqddddd
pbpbbppbppppp0pb5bbppbbpbpp1qqd7qddqqdddqqqqqqdqqddqdq
bbbbbpbbppbpbpbppbpbp555ppppbb1ddqqqqqdqdqqdqdqdqqddqddddd
ppbbpbpb1b9bpbbbpbp1bpp22qqdqdqdddqdddqdqddqq
bpbbpbbpbpppbppbbbbpbbp0ppbpp7qqdqqqddqddddqqdqqqdqddqddqd
pppppbpb8bppbppbppppbbbbpppppbpb0dqdqqqqqddddqqqqdqqdqqddqdqqqqq
pppbbbp2bbpbbbpb0ppppbppb4dqqdqqqqdqdddqddqdddqqq
p2qbppb4dppbbb5b9bp4qdbppp8qqbbbpb5dqdddqdddddqqqqd
7pbbbbpbb6bppbbb7pbpppbppbbp1p28qb8dqddqqdqqqdqdddqqdddqddddq
b8bp89ppppbppbbppppbb4bbpbb60b6b49ddddqddddqqqqddqqdqqqqqdd
bpbb4dpbbpbpppb1pppppp3qqqqqqdqqqdqddqdqd
ppbbbbbbpbpbbppbbbbbppp5qb2dqqdddddqqddqdqddddddqq
pbpbb6pbppp0bpbbpbpbbpp9bbbpppp8qqqqdddqqddqdqddqdqqqdqddqdq
pbbppbpp8ppb8pbp5pp0b5pb5bpbp1qdqddqdqqqdqdqqqqdqqddq
bpbpppbb6bbbp7b694dqdddddqqqdqd
bbbpbbppp7bbpbb4ddq7p8qb5ppp9qqqdddqqqddqddd
pbbpbbbpbbb9dppb0dqqddqdddqddq
4bbbbppbb9bp0bbppb5dp5qpppppbppb6dqqdqqqqqqqddqdddqqdddd
9b8p8bpbb2ppppbp6pbpb9bbbbb6pbp6bb5ddqdqddddddqdqqdqqqqddqdqd
bpbppbp2ppbpbpppp14qqqppbbp2pb2dbb4ddqqddqqqdqdqqqdqqdqd
b4dppbbpbppppbb9ppp9p4b1dqqqqddqqqqdqddqq
pb4pppbpppppb4ppbpbbp7qddqdqqdqqqqqdqqqdq
6bbbbpppp0p423qqqqqdddd
p4qpbpppb4dbb6ppbpppbbpp0qqddqqqdqqddqqqdq
bbbbbbpbp25qdqdddbbpbpb8b4ddqdqddddd
bb5bbpbbppb0dq5bpb2pppp4pbb2ddqb3dqqqqdqdqddqdddd
bb16pbpbppbpp5qqpbp1qdqdpppb2p6qdqqqqqdqdqdd
bbbbpbb0bp75pppb52ppbpp8qqdqqdqqqqdddqdddd
3p1bbbb1ppppbbbpbbbpbbb7pp6qq2dddqdddqdddqqqqddddq
39bb9ppbp1bbbp1ppbbbbppppbpbbpb6bp96qddqddqdqqqqddddqqqdddqdqqdd
5pbppbp8pb7ppbpppb2dqqqdqqdqqdqqdq
bp8q5bppbpppbpbb7bbbbpppppppp3qqqqqqqqddddddqdqqqdqqdd
1bbpbpbbbpp6b3pp5bbpbpppbbpbpbpb7dqdqdqddqqqdqddqqdqqdddqdqdd
bp44bbpb4dqbppb9pbbpppp4pb7dqqqqqddqdqqdddqd
ppbpbpbppbppb16bp5pp4qq0qddqqdqqdqdqdqq
3598pbpb1d0bpbb5ddqdqdq
bb4bp1ppb1pb3bbppbppbpbbp0qddqdqqdqqdddqdqqqddd
ppb5pbppppppbb5ddqqqqqqdqdqq
bb61dbpbbbbbbbp3qbbb2ddddddddddqdd
pbbpbppbpbppb2dq6b2pbpbpbbpp9qqddqdqdqdqdqdqqdqddq
0pb0dq7bpppb60dqqqd
pbb9dp0pbppbpbpbpbp5ppbb4ddqqqdqdqdqdqqdqqdq
bb4bp8p6qbp9pp0pbpbpppp0bbpp3qqddqqqqdqdqqqqdqddd
bbb10pp6pbpppb7ppbbppbpb6dqdqqddqqdqqqdqqqddd
208bpp0p18b3bppb46pbpbb40ddqdqdqqddqqqd
4bbbppbpbpbbppp3bbpppbbpbbb4dd0bp4qddqddqqqddqqqddqdqdqqddd
b2dpbbbppbppbpbbpp0qqddqdqqdqqdddq
p7pppbbbpbppbpbbp7b4p1qd4qddqdqqdqdddqqqq
pppbbbbpbbppbpbp9bbb3dddqdqdqqddqddddqqq
pbp8bpp52ppppppbb1pp1qbbppbp4qdqqddb9dqddqqqqqqqqdqdq
b7ppp6ppb3bbbbb0ppbpb5dqdqqddddddqqqqqd
p5bppb10ppbpbb3p7bppbpbppb4dqqdqdqqdqddqdqqdqqdq
bpppp8p0bbbbpbp4bp6bpbbppbbb2dddqqddqdqdqdqddddqqqqqd
bbb4bb6bppbpbpbbpp4bpppbbpp4qqddqqqdqqddqdqdqqdddddd
p6bbbpbbbpbbbpppppbpbpbb3ddqdqdqqqqqdddqdddqdddq
b3b8p4bpppbb3ddqqppbbbpppbb5ddqqqdddqqqdqdd
bp9qd
bbp5qbp9qpbpb5bbpp9qqdddqdqddd
bb9bbpbbpbbppb6dqqddqddqdddd
pb5dq3bbbbbbbppbbpbppbbb0dddqqdqddqqddddddd
pbbbpp9pbppbppbbpbppb20dqqdqddqqdqqdqqqdddq
5bpbpbpbpppp1pbpbp9ppbbbpbb1pbp7qdqddqdddqqqdqdqqqqqdqdqdqd
ppb8pbpbbbbbbpbppp1qbbbbpp12qqddddqqdqddddddqdqdqq
bbppbp1bpbpbbppbbbb0ddddqqddqdqdqdqqdd
p4qbbbbppbbpbb8pbb40pp6bpppbb1ddqqqdqqddqddqddqqdddd
pbpbb3ppbpbbbppbp2b5bp7bpppp0qpp9qqqqqdqddqdqqdddqdqqddqdq
pbb8pbpppppp1pbppppbbbppp6qqqdddqqqqdqqqqqqqdqddq
1pbp88pbbbbbpbpbpb2dqdqdqdddddqqdq
bpppp0pbbbpbpbp1qdqpbbbbbppbbpbp5qdqddqqdddddqdqdddqqqqqd
p24bbpbp4b6dqdqddq
pbb8d7pbp6qdppppbbp9qddqqqqqdq
29p4pb68dqq
pbbp7q1p3ppbbb140pp8bbb9bppb9pppb8dqqqdqqddddqqdddqqqddq
85b3pbb8pb79dqbppppbppbp0qdqqdqqqqdddqd
ppbp6pbbpppbppbbpbpppppbbb9dddqqqqqdqddqqdqqqddqqdqq
3p1qppp9b2bpbpp14qqdqddqqq
1b1pbbpbppb8bbbppbpppbbbppbbp25ppb67p1qdqqqddqqdddqqqdqqddddqqdqddqd
6pbb5ppbbbbppbbbbbp4qbppbbbpb0db7dqdddqqddddddqqddddqqddq
880p6qppb0p5qdqpbbbbbp2qdddddqq
bpb8bbbb34b8pbbbbpbbbppbpbp8qdqdqqdddqddddqddddddqd
bpbpbbpbbbppbp6bpbpppbbbpp8qb5dqdddqqqdqdqdqqdddqddqdqd
ppbp7pbbbbpbpb24pp5qpbbbppbbpppp56qqqqddqqdddqqdqdqddddqqdqq
pppbbbpp6bbp4pb2bbpb7dqdddqqddqqdddqqq
8bbbp6bbbppbbpp9ppb3dqq1b0db7dqqddqqdddqddd
bbbppp5pbpbbb7pb6p1qpb0pb3dqdqdqdddqdqqqqddd
bp9bpppbpbpp2bpb1bbbbpp1qqdddddqdqqdqdqqqdqd
pbppb54pbpbpbbppppp3p4qqqqqqddqdqdqdqqdq
0bbbpbbbppp5pbb16bb6ddp8qddqqqqdddqddd
bbpbbpp7pb5p8qdqbppp1qqqdqqddqdd
p6qbpbbpppppbp99pb4bppppbpb1dqdqqqqddqqdqqqqqddqd
bppbppbb0p1p56bbpbp80bb4bpbpp92qqdqdddqdqddqqddqqdqqd
bppbpppbbp6q9bbppbpbpb7bbp7qdddqdqdqqddddqqqdqqd
bpbpppp6pbbpbpbpb2ppbp1qdqqdqdqdqddqqqqqdqd
bbpbbbbp6pb0d9ppbppppbpbbp4qddqdqqqqdqqqqddddqdd
bbp0bppbbbbbpppbbbbb9bbbpp4qqddddddddqqqdddddqqdqdd
bpbpbpbp5p20bbbbpbbpppbbbbb4p1qdddddqqqddqddddqqdqdqdqd
pbbpbpb3dqdqddbbbb6ddddq

1p65q
6pbbp61qdbppbp3ppb0bpb9dqddqqqdqqddq
bpbb6ppbpbppbppbbp2bbbb7pbp6bpbpbbp3qddqdqdqdqddddqddqqdqqdqdqqddqd
pbbbp7b1pbpbpbpppppp1qqqqqqdqdqdqdqdddq
ppbpp2qq4pbp8pbpbp2bppb4dpb3d2qqqdqdqdqqdqdqq
ppbb86ppppbppppbpp0ppbbpbb2ddqddqqqqdqqqqdqqqqddqq
pppp14b10ppbp57qdqqdqqqq
pp45b7p1ppp5bb8ddqqqqdqq
7
ppb9pbb4ddbpbbpppb9dqqqddqdqdqq
pbbbbppppb7pbppbb7bbbbp4bbpp3qqddqddddddqqdqdqqqqddddq
bb4ddbbbbbb0bbp5bpppppppb3pbpbbbp0qdddqdqdqqqqqqqdqdddddddd
ppbpp1pbpppbpbb7bpb777bbpbb7ddqdddqdddqdqqqdqqqdqq
3bbbbbppbbb2dddqqddddd
pppb0pp8bppppb4bbpp1pbp22qbpb5dqddqqqdddqqqqdqqdqqq
bpbbpbpppbp4qdbpbpp6pp6bbb9bpp3ppp7qqqqqddddqqqqdqdqqqdqddqd
b1pbpbbbb8ppppp5bpbbbb9ddddqdqqqqqddddqdqd
ppbbpbb0ppbpbb0pbbbppb8b0bp5b1dpbbp9qddqqdddqqdddqddqdqqddqddqq
bppb2b6pbp7pb6dqpppb6dqqqqdqddqqd
9pp9p0qbbpbbpbbp3bp6qppbp6qdqqdqddqddqddqq
bpp8qp4b67bb1dpppbbbbpbb6pbbbp2qdddqddqddddqqqddqqd
ppb1pp6b8dpbbb6bbbbpbpp4bbb6d1ddqqdqdddddddqqqdqq
p0qbp2b6bpp3bpbpbp830pbbbb1b34p9qdddddqqdqdqdqqddqd
p0p9pbpbpbbp6p0bp9bb5dd5qppppppbbbb4ddddqqqqqqdqqddqdqdqqq
p9pbppbbpbpp1qqdqddqqdqq
bp3bbbb6bbbpbbp9p0p8bbbbp02qddddqqqddqdddddddqd
pp4pb6bbbpbp9qdqddddqqq
pb8452bbbpb4dpbbpbpbb7ddqbbbbppb5ppp6qqqdqqdddddqddqqddddq
pbpbpbppbp84p7bpbbb2p4pp5pbb3ddqqqqdddqdqqdqqdqdqdq
45pp40q1bpbpbbp1pp642qqqddqdqdq
3p1ppp2qbbpbpb8dqbbbpbp5pp8qqqdqddddqddqqq

pbbppp3pbb5ppp20q8pbp7qdqqqddqqqqddq
pp4bbbbb2dd3pb12b9dbbpbb2ddqdddqdddqq
pppb3pbbpbbbpbpbbpb2pbb7ddbbpp1qqddqdqddqdqdddqddqdqqq
bbbpppb5dpbb2ddqqqqddd
pppppppbbppbb7bbb0dddddqqddqqqqqqq
pbbpppppbbbpbbppbpppbppp4pbbpppb17dqqqddqqqqdqqqdqqddqdddqqqqqddq
pppbppbb4d5bp1ppppbppbppbbbbp55qddddqqdqqdqqqqqddqqdqqq
9bbpp4281bbp1qdpbpppp10pb0bb4dddqqqqqdqdqqdd
bb5bpbbpppb1dppb317pp0qqdqqqqqddqddd
bpppbbb4dbpppppbbpp0qqddqqqqqdddqqqd
ppbbp6pbbppb75bbbbpbbpb7dqddqdddddqqddqqddqq
pbb7pb0bpbb7ddqddqddq
0pbpbppbbbb4p4bbpbpbbbbp0bpbbp78b5dqddqdqddddqdqddqddddqqdqdq
b25bppbbbpbb0dppbbpp4qqddpb0dqqqdqdddqqdd
5bpbp1qdppbbbpbpbpb6bpbbb0bbb4ddddddqddqdqdqdddqqqd
pbppppp8pbpb1bpbbbbbp2bbp62p5qqddqdddddqddqdqqqqqqdq
bpppbppp7bp1p1bpbbbp2bbpbb3ddqddqdddqdqqdqqqdqqqd
9bpppbpbppbpbpbb8ppbpppppbb0ddqqqqqdqqddqdqdqqdqdqqqd
pbbpp4bbp6qp4qb7pbp2qdqdddqqddq
b7dppb3bbpp6bbpppb5pp5qqdqqqddqqdddqq
bbbb0ddddbpp8pbbppbbb6dppbp5pp9ppb0dqqqqqdqqddqqddqqqd
bppbb1bp5bppppb7dqqbpppb0b9pp3qqddqqqdqqdqdddqqd
31bpbpbb1bbbbbpppppbbbppbbbbbp7qdddddqqdddqqqqqdddddddqdqd
ppb8dbppppbbbp0qbbbbp27pbpbpp8b1bbpp1qqdddqqdqdqqdddddddqqqqdqq
pppbpbb1pbb3p7ppp25bb9b5bbbpp6qqddddddqqqqddqddqdqqq
bpbpppbpbpbbpp0pbbppbbpbbpp7b4bbbbpp7qqdddddqqddqddqqddqqqddqdqdqqqdqd
bpbppppbbbpb01p6pbppbbbbppb8dqqddddqqdqqdqdddqqqqdqd
8b5bppb7p2qdqqdd
bpbppb2dq2pppbpp677qqdqqqqdqd
bppbppbpp2bpbp6qdqp7qdqqdqqdqqd
b3bb7p9bb587pbb6bpbppb5bbpbpb0dqdqdddqqdqdddqddqddd
b6ppb4bbpbp0b0dqdqdddqqd
bppbppbpbbbbbp2bp5qbppbbppbb2ddqqddqqddqdddddqdqqdqqd
pbp51bbpp4p4bpppp9bbpbb9ddqddqqqqdqqqddqdq
pbbbbpbpppb2dqqp2ppp1bpbpp83qqdqdqqqqqdqddddq
bpbpb1p7ppbpppbp3qdqqqdqqqdqdqd
ppbbpp62pp8bbbpppbp0qdqqqdddqqqqddqq
pppbb4pbbb1dd8pp3bpbp1bbbpbbbp5q8dddqdddqdqdqqdqddqqq
pppppbbpbb1bbb50ppbbb83dddqqdddddqddqqqqq
pb0dqpp8qqppbbpbb9ddqddqq
0pp5bbpbpbpppb3pbbbbppbpb0bpb1dqddqdqqddddqdqqqdqdqddqq
bpp8qqbpppbbp7qddqqqdd
bpbppppbpb1dqp5b9bpp3pp6qqqqddqdqqqqdqd
ppb7pbpbpb3bp8p5qp3p5qqqddqdqdqdqq
pppp3qbbbpb80dbpbpp3pb5pbbpp3qqddqdqqqdqdqdddqqq
bbppb6pbp6pppbbppp5bbb6dddqqqddqqqqdqdqqdd
bbbbbbppbp7qdqqdddddd
bbb4bb1ddpbb3pbppppbppbbppb6dqqddqqdqqqqdqddqddd
bppp8pppppbpbbb0pbbppbb8p5pp6qqqddqqddqdddqdqqqqqqqqd

pbbb5dbbbp8b5ppbb9ddqqdqdddddq
bpbppbbpp2ppppbpbbb9ddbbp3p34qpb25dqqdddqdqqqqqqddqqdqd
bbpp5bbpbbp0pbp8bbbppppbbppb98dqb4bb5dddqddqqqqdddqdqqddqddqqdd
pbpbp1bppbbppbpp1qqdqqddqqdqdqdq
b0b2pbp3pbppbpbpppbbpp6bpbpbp2qdqdqdqqddqqqdqdqqdqqdqdd
1bpbpp45b7d7bbbppppbbpb0dqddqqqqdddqqdqd
pbbpbbb5bb5b94p5ppbp7qdqqqddddddqddq
bbbbpbpbpbpbbpp3qqdbppp5bpbppb7bp5qddqqdqdqqqddqdqdqdqdddd
p8q6ppppbbpppbb9pbpbbbp4pbpp0qqdqqdddqdqddqqqddqqqq
pbbbppp0b6bpbbbbbb8ppbbpp3ppb2dqqqqddqqddddddqddqqqdddq
ppbbbbbbpb1bbpb7pbbb91442dddqdqdddqddddddqq
b2dpbppppb4pp5bbp9pppbbb6ppppbpbb0ddqdqqqqdddqqqqddqqdqqqqdq
ppb44pbbbpbbp6pbp3bbpppbp3b4dqdqqqddqdqqddqdddqdqq
p3pbpb8pbpbb9bbpb3bp4qddqddddqdqdqdqq
ppppppbpppppbbp5b0bbpb65dqdddqddqqqqqdqqqqqq
bppbp1bppb9bbpbbbpbppbbb17bbppp7qqqdddddqqdqdddqdddqqdqdqqd
2bpbppbbbpp48pbbppp3qqqddqqqdddqqdqd
p5ppbbp2qbppp4qqppppbpppb00dqqp1ppb2dqqqqdqqqqqdddqqq
bppbpp0q98bbppb42b09bbbpp5pppbb9ddqqqqqdddddqqddqdqqd
bbpp9bbb3bppbbpbp6bp8pbpbppp0pb8ppb7pb2dqdqqdqqqqdqdqqdqdqddqqddddqqdd
7pbpbppbpb1dbbbb6dpbp2pbbb9bbpbbb8dddqdddddqqdqdddqdqqdqdq
pb6bbbpp2qq7pbbbbppppbppp07qqqdqqqqddddqddddq
7pppppbbb96pp6qqppbbppbppb91bp8ppp4qqqqddqqdqqddqqdddqqqqq
pbpb5bpppb6bppbpbbbpbpp6qqdqdddqdqqddqqqddqdq
23bp2bbpbbp9bb85dbb0pb6bbpp2p7bbpp0qqddqqqdddqdddqddqddqd
pbpbpb6pppppbp3qdqqqqqdqdqdq
p7qp2bpbbpbpbbpp7bp8qdqqddqdqddqdq
9pb3d3q
b2dp9bbbbbpbpb6bbbbpbpp7q3p0qqdqdddddqdqdddddq
bb2pbpp8qb6bppbpp38b3dqqdqqddqdqdd
4ppbpbbb9pp0p77qqqdddqdqq
pppbpbbbppbbpp6qqddqqdddqdqqq
1pppppbppbb0ddqqdqqpbpbpb6pb1pppb0dqpp9qqqqdqdqdqdqqqq
bbbppbb7ddqpbbbpbp1pbpppbbppbp5qdqqddqqqdqqdqdddqqddd
9bbpbpppppbbp1pppbpp6pbbpp8qqddqqqdqqqqddqqqqqdqdd
bbbpbbpbppbpbppbpbb4bp45qd2ddpbpp3p9qqqdqqdqqdqdqqdqddqddd
ppbppbp8ppbbpbbpppp4qq1bp0pbbb7dddqqdqqddqddqqqdqqdqq
p9qpbpbbpbbb6ddb3ddqddbbbpb3bbb9pp8qp61qqddddqdddqdq
pbbb2bpppppb6bbbbbbbp1qppbbppp1qqqddqqddddddddqqqqqddddq
pb31ppppbb2p5ppbppbpp2qqbpb90dqddqqdqqqddqqqqdq
bbbpp339qqbb3dddddbpp4qqdb6d
pbpbbp2bbbbpbbp048ppbpp80q2q1dqqqddqddddqddqdq
pbpbppppbpb4pp3qqdqdbbpbbb2dddqddqqqqdqdq
bp65b4bppbbpbb3ddqddqqddqd
ppb8bbbppp813pbppbbb9pp3p3q8b7dqqdddqqdqqqqddddqq
pbbpbbbpbbp2pbpbbb1b9bbbpbbbpbpp3qqdqdddqdddddddqdqqddqdddqddq
b9bbp2bb7d3pb6dqb8p0q5bpbb0ddqdddqddd
pb1pbpp8pbp4qbp8qddqqqdqdq
3bbpp9pbb7p6qbpbppppb7dqb7pbb5ddqdqqqdqdddqqqdd
bb9b0pbpbppppbbpbbppppppp8qqqqqqqddqddqqqqdqdqddd
bbppp7bpbp0bbppbpbppbbpp4bpbpppbpb7p4qdqdqqqdqdqqddqqdqdqqddqdqdqqqdd
ppbbpbb7p2pbpbppbppbbppbpp8qqdqqddqqdqqdqdqqddqddqq
ppbpbp9pppppbbbbbbp5bbb2dp9qddqddddddqqqqqqdqdqq
bpbpbbp4pppbp3bppbbbb2dddbbbpbpp3p3qqq1dqddddqqdqdqqqqddqdqd
bpbpbpbbp7pbbbppbpbppbbppbp1b3dqdqqddqqdqdqqdddqqddqdqdqd
bppppbpp8bpbbbbb2dddddqdqqdqqqqd
pbbpbp561p6qqp31b7p6qdqdqddq
pbpppbppp8pbpb3bbbb4dddddqdqqqqdqqqdq
bbpbbb4bpp7pbppb2p5bbbpbpbpp6pb5dqqqdqdqdddqdqqdqqqddddqdd
bppbbpbpppppb4pb7dqpbbp1qddqdqqqqqdqddqqd
bb6bppb85pbbpb4dp20p5pp1qqqqqddqdqqddd
bbbbbb1pppppbbbb2bppp3qp3qqqdddddqqqqqdddddd
bpp2bbbppbp6bpp9qq0bbpppbppp9bbbp6qdddqqqdqqqdddqdqqdddqqd
pp3qqb3bb1bpbpbbb6pbb48bpp2qqdddqdddqdqdddd
bpbp4q9dqbbpbbbppb4dqqdddqddd
bbbbbpbpb0bbb8dppppb3dqqqqdddqdqddddd
4bbbbppppp0bb7ddqbppbp9p5qqdqqdqqqqdddd
9pbbbb15ddbbbpb7pbbb1bpbb07ddqddddqdqdddddq
bbbpppbb2pp3qqddbp9qpbbbbppbpbpbb5dbp4qddqdqdqqddddqdqqqddd
bbbbpbbppbpbp0bpbp2b8pbp5qdqdqdqdqdqdqqddqdddd
bppppp3887pb2dppp2qqqqqqqqqd
p85qpbbp3p3bpbppp4qqqdqdqqddq
p3b847bbb91ddp7bbbb4bb9pp6bpbpb9dpbbp6qddqqdqdqqddddddqddq
bpp4p6pb8pbb6bbbbpppppb9dqqqqqddddddqdqqqqd
bpbb5dbb7ddpb6pbpb0pbbbpbp5bbppbbbbbb49ddddddqqddqdqdddqdqdqdqdqd
p9bbpppb3dp8pp0bbp4ppppbp3qdqqqqqddqqqqqqddq
bbb3dd8dbpbbbpbppbb4ddqqdqp0qdddqd
p6bbppbb0p3bpb8bppb7ppbpb6dqdqqdqqddqdqddqqddq
ppp3bb5pbpbbbp0qdddqdqddqqq
b8pbbppbpbbbbbp5bbpbp4pbbbbpbbppbpbpbb8ddqdqdqqddqddddqqdqddqdddddqdqqddqd
bppppb0bbppp155p5qqqqdddqqqqd

5bbb3bbbbppbpbbbpbpp1qqdqdddqdqqddddddd
bpp02pp75pbb07dpb6bpbb2ddqddqdqqqqqd
p5b3ppbpppp8q7bbb2b1dbbbp04bb9ddqddddddqqqdqqdq
p5pbbpbbpbbp0bppbbpb7ppbpbb5ddqdqqdqddqqdqddqddqddqq
bppppbpbp9bpppppbpp98bbp6qdd9qqdqqqqqdqdqdqqqqd
2bpbpbpbbpppbp6bb3bpppp8p6bp6qdqqqqqdddqdqqqddqdqdqd
bbpb4bbb8b3dddddqdd
b6bbpb84dqdpbppp8ppbbpbb2ddqddqqqqqdqdd
bpbbppppbbp8ppbpbbbp48pbpb7bbbpbb1ddqddddqdqqdddqdqqqddqqqqddqd
pbpbb4pbbppbb1ddqbbpb23pbpppbbb5bp8qddddqqqdqdqddqddqddqdq
ppppbppbppbbb2bpb1ppbbp9qddqqdqddddqqdqqdqqqq
pbpbpbpppb7ppbbppp0qqqddqqdqqqdqdqdq
bpppb3ppp0b75bppbbpb1dqddqqddqqqdqqqd
bp9b4bpb7bppbbb4bbpbbbbbp1ppbbp5qddqqqdddddqdddddqqddqddqd
bpp5ppbbpp4q73ppp4qqqqddqqqqd
pppb7bbp7pp1bbbbbbp2qdbbbb0p9qdddddddddqqqdddqqq
b3bppbbpbpbbp68pppbbp98qddqqqqddqdqddqqdd
4bbppb5pbpbp9ppbbpp2qqddqqqdqdqdqqdd
b8d8ppbp671ppbbbbbpbbp9ppp7qqqqddqdddddqqqdqq
ppbpbb6pb7ppppbbpbb8p06bp5qdqddqddqqqqdqddqdqq
pbp6qbpbp16pbpbbpb9bpp505qqddqddqdqqdqddq
ppbbpppp3pppb3pbbbb84ddddqdqqqqqqqddqq
p3ppbpbbbppppbpp1pbpb9dqdqqqdqqqqdddqdqqq
bb2bppppp6pppbppbpppbbbbppbbb81dddqqddddqqqdqqdqqqqqqqqddd
pb7pppbpbpbbp9qddqdqdqqqdq
pp0b0dqqppbbpp2qqddqq
p6p0bpb4pbbpbbppppppbpbpbpbb5ddqdqdqdqqqqqqddqddqdqdqq
p4pbpbbbpbp8p6pb26dqqqdqdddqdqq
bppb3bpppbpbbp7bbbp5qdddqddqdqqqddqqd
bbpppbb2pp1bpbbppbb59bpppbp2qdqqqdddqqddqdqqddqqqdd
pbp1b8bpbbpppbpbbbbppp3ppb6pbbppbbpp4qqddqqddqdqqqqqddddqdqqqddqddqdq
ppbp2pp60ppppp2bb1ppbbbbbp0qpb5dqdddddqqddqqqqqqqqdqq
4pb4dq82pbbb8bpppppbb9ddqqqqqddddq
pbbbbpp4qqddddq
ppbbpbpbpp8p35bpb6bp0qdp2qdqdqqqdqdqddqq
ppbbpp4p9bbp2qddqqqddqq
bbbpp6pp1bpbbpbbpp3qb2b0ddqddqddqdqqqqddd
b48b7dbb4pbp6bb24bbp5qddddqdqddd
ppbpp9pbpp77bbb89bp6b6dqddddqqdqqqdqq
p3bbbpppbbpppbppbpbbbppbbpp7qqddqqdddqdqqdqqqddqqqdddq
bbpbppbpbb4bbbppbpppb5p6pb7b9ddqqdqqqdqqdddddqdqqdqdd
bbpbbp0pbb1bbpppppbbp8qddqqqqqddddqqddqdd
bpbbbpppbpbp22pp8pbpppppbpb1dqdqqqqqdqqqqdqdqqqdddqd
4bbbbbb4p4ppbppbpp5p0pbbbpbbppbpp8qqdqqddqdddqqqqdqqdqqqdddddd
50ppp4p2pppbbpbpbbpbbbppp1p3qqqqdddqddqdqddqqqqqqq
ppb6p1qpppb8bbbbppb3dqppp39pbbb0dddqqqqqdddddqqqdqq
pbbbbbbbb0ddpbbb9pb6p5qdqdddqddddddq
bbpb4bpp8qqddqdd
pp670pbb4dp8bbp6ppbpb0d3qdqqqddqdqqq
pppppb7dqbpppbbbpbp4qdqdddqqqdqqqq
pppppb7bpbpbpp58b1dqqdqdqddqqqqq
pbpbppbpb05pbppppbbb4dddqqqqdqdqdqqdqdq
bbbppppbpp7qqdqqqqddd
b6bppbb9pbbb336pbpbp0bb0p54qddqdqdqdddqddqqdd
bpbbbbbbbbbppppbpbpbbp4qddqdqdqqqqdddddddddqd
pbbbbbpbbbbpppb9bbb3ddddqqqddddqdddddq
pbppbpbbppbpp9bbbbbpbpb0dqdqdddddqqdqqddqdqqdq
bp6qdp9bbb10bbpbbp1bbppp29qqqddqddqdddddq
pbpppbp7ppbbpp6qbppb7bpppp8p3b6dqqqqqddqqdqddqqqdqqqdq
pbbp2pppppbpbbppbbbb8bppp9q60qqdddddqqddqdqqqqqqddq
0bpbppb0dq0qdpbbbb1dpb3dbbbbb7dddddqdddqqd
bppp8ppbppppppppbbppbbpbpbpppb0dbbbpb2dqdddqqqdqdqddqqddqqqqqqqqdqqqqqd
ppbbbb1ppbp2ppp7ppp4q27qqqqqqdqqddddqq
bp9bb0bbpbb7bbp0p8qbbpbb4bb7ddddqddqddddqddddqd
pp6bppbppppbppbpbbpbb1ddqddqdqqdqqqqdqqdqq
bb56ddp56b1dpbppbpbppb2dqqdqdqqdqq
bbbppbbbpbpbp5qdqdqdddqqddd
bp0qd
bppppbbbbpbbbbpbb9p2qddqddddqddddqqqqd
bpbpbb4pbbbbpppppb0b0ppppp2pb7bpp3bb5ddqqddqqqqqqddqqqqqddddqddqdqd
p3pbppbppb5bb0bb1pb83bpb5dqddqdddddqqdqqdqq
pbbbbppb9dppbpbpp7qqdbppppppppp5p2qqqqqqqqqqdqdqqqqddddq
bp1qppb2db6pp4pp9bbp0bp1qdqddqqqqdqqd
ppppbbbbbp7bb8ppbp7bbpbbp7qddqddqdqqddqdddddqqqq
ppbppbpbpbpbbpppbbbpbbpbbpbbpbpbpbpbp8qdqdqdqdqddqddqddqdddqqqddqdqdqdqqdqq
bbbp2bbbbppbbbpbbpp5bbbbbbpppbpbbb4dddqdqqqddddddqqddqdddqqddddqddd
ppp4bpbpppbpp2pbp0b6dqdqqqdqqqdqdqqq
p90pbbbbbpbbp6b90bb9dddqddqdddddqq
pbbbpbbbbbbpb4bbbbp7q14dddddqddddddqdddq
pppbbb9ddbp5pbpppppb81bbbpbp5bbp2qddqdqddddqqqqqdqqddqqq
pp0ppbb9pbbbbpbbppbppbpbb7ddqdqqdqqddqddddqddqqqq
6bb6bp1qb5pbpb5dqdqdddd
ppppbpbb29p2bbpbppp8bpbbbbp9qddddqdqqqdqddqddqdqqqq
bbbbbbpbbbbbb1ddddddqdddddd
6pbbb5dd3pb54ppb24dqqdqdq
b7pppbbppbbppppb772bpp95qq7ddqqqqddqqddqqqd
6pp76qbbbbbbpppp9qqpbb5pbp8p0b7p8pp5b0dqqqdqqdqddqqqddddddq
p5p111bp4bb5ddqdqq
p8bbbb2dddpbppbb5p5p7ppb2dqqqqddqqdqdq
bbpppppbppbpbbp2qddqdqqdqqqqqdd
pbpbb7ddpppbppbppppp86qqqqqdqqdqqqqdq
pbpb9pppbbbbp6ppbbpbppbpbpp8pbbb5dddqqqdqdqqdqddqqqddddqqqdqdq
bbpbbpp7pb1pbpbbbbpppbbpbb9bppppbbbb3ddddqqqqdddqddqqqddddqdqdqqqddqdd
pbpb9ppbppbbbpbp2qbppppbbbpbbpbbb1bpb0dqddddqddqdddqqqqddqdddqqdqqdqdq
bpbbbp5ppbbpp0qqpbb0p0qddqddqqqdddqd
pbbppb0bpbbpb4dq4dbbbp95bb9bpbpb8ppbbp9qddqqdqdqdddqddddqddqqddq
bpb0pbbpppbbbbppbp1qdqqddddqqqddqdqd
b1bbppbpbbb6dpbbp5p15qqddqddqdqqddd
pbpp0qqb3ppbpppb6bbp9bpb5dqdqdddqqqdqqddq
p5bpbppbbppbpp0qbpp0bb6p70p3qqddqqdqdqqddqqdqdq
bbbbb6bppbbpbpppb7bbpp6qqdddqqqdqddqqdddddd
5bp4pbbb3ddbbpbb4bbbb2bppppbpbb2ddqdqqqqdddddddqdddqqd
pbbbppb3pppbb0ppbbbp5bppp2qqqdqdddqqddqqqdqqdddq
bbpb3bbpbpbbp3p8p3bppbpbb2ddqdqqdqqqddqdqdddqdd
pb9bbp1p9pbbppbpppppp1qqqqqqdqqddqqqdddq
bppbbpp30pppbpp6qqdqqqqqddqqd
b8d1b8bb0bpbbpb21p7bppp7pbp6qdqqqqdqdqddqdddd
pbppbpbbpbpb4bpbppppp6bbb9ddpppbbb7dddqqqdqqqqqdqddqdqddqdqqdq
bbp8ppppbppp3qqqdqqqqqdd
5pppppbbbppb2dqqdddqqqqq
b5dbbbp6p8bp5qdppb9p7pbbbb6bbb4bp4qddddddddqqdqqqqddd
pbppbbbbppbbpbbp5qd0dqddqqddddqqdq
ppbbb2db2p0bbbbbbbbb7dddddddddqdddqq
pb7dqpbp80pbppp5pbp6bb7bp52qdddqdqqqqdqqdq
ppbpb9bpbbppbbbpbppp5qqqdqdddqqddqddqdqq
bppbbp2bbpbppbbpb7pppbbpbbpb0bp9qddqddqddqqqdqddqqdqddqddqqd
2bb7bppbbbpp6bb8bppbbppppppbb0d5dqqqqqqddqqdddqqdddqqddd
bppppb4pbbbpb6pbpbbpbp3b8dqdqddqdqdqdddqdqqqqd
bpbbbp3bb0ppbb0bpbpbpbpbbbbppb5bppb6dqqddqqddddqdqdqdqdddqqddqdddqd
448bppb47bpppppbbp97bbb96pbpp5qqdqdddqddqqqqqddqqd
b8b7ddppp5p0pp9bbppbbpbpbpppbp8qdqqqdqdqddqqddqqqqqq
bbppbbpb3bpbppbbbbp1bbbp6qdddqdbpb5dqddddqqdqddqddqqdd
pbp8bbppbbbp4qdddqqddqdq
bpbb4ddppb95bpbb4bpbppb2dqqdqdddqddqqqd
5bp2pbbbp1qdbppbpbp3bpbb3ddqdqdqdqqdddqqd
7bpbpbp6ppp1qqqpppp7qqqqqdqdqd
ppbp9bpbb4bb6bbbbppb4dbbbb9d45pppb3dqqqdddqqddddddddqdqdqq
p0bb3bppppbppbppbbbbp4qddddqqdqqdqqqqdddq
3pbbppbbbbpppp8pbppbp7bpbpp2pbb3ddqqqdqdqdqqdqqqqqddddqqddq
bbp0bp9bpbpbbpbp5b6bp2qpbbbpb1dqdddqddqdqddqdqdqdqdd
bpbbppppbbppb7pbbbbbp0pbpbppb1bb0dddqqdqdqqdddddqdqqddqqqqddqd
7p6b1bppb3dbbppb2dqqddqqddq
p6qbbbbpbbbbpbbpp1qqdp0qdqddddqdddd
bpbpbpppbbpbpppbbbb2ddddqqqdqddqqqdqdqd
bbb8pbpbpbpbpp7qqdqdqdqdqddd
pbpbpp3bbbbbpbpp1qqdqdddddqqdqdq
pbbbb2b8p1qdddddq
bppbb2bbbbbp6bb0p0bb77p4qddqddqdddddddqqd
bb2p2ppp6bbpppbp1q9bbbpp3qqddddqqqddqqqqdd
pppbpppppbppbbbpbppbbbp1q3p6q0dddqqdqdddqqdqqqqqdqqq
pb4pppbp3qpb9b9ddqdqp31pbbbpb1b9ddqdddqqqqdq
bbpb0db4ppb4pbb2bp7b2dpbbbb4ddddqqdddqdqqdqdd
ppp4qqbbbb7bbp7p1bp9p3q9bpbp4qdqdqdqqddddddq
b2bpbpbbbbpbbbppbbppbppbpppp2qqqqdqqdqqddqqdddqddddqdqdd
pb7p0pbppbbp0pb6bpppppp2qqqqqqddqqddqqdqqdq
33pb6pb6dqdq4bbp4qb8bpbp7qdqdddd
ppppbbbbppppbbbb2bpbb9bbpbbbppp2bppbb2ddqqdqqqdddqddddqdddddqqqqddddqqqq
3bbppbbpbbbbpp9qppbpbbpb6dqddqdqqqddddqddqqdd
pbpppbppb4bb614pbb4dppbbb5dddqqdqdddqqdqqqdq
pp0pp98pbbpb0bbbbbbpbpbpbb16ddqdqdqdddddddqddqqqqq
ppbpp4bbppbbb3bb2bp1bpp9ppppbb1ddqqqqqqdqddddddqqddqqdqq
bpbbbpppb78bb3dbb7ddddqqqdddqd
ppbbpp3bbpppppbbpbpbbb8dddqdqddqqqqqddqqddqq
bbbp9p9qqddbppppppbbbbbpbb8bpbp6qdqdddqdddddqqqqqqdd
p6pbpbpbpbbb0dbbpbb0p8p1q3bbpb4dqddqddqddddqdqdqdqq
5bppbbb8dpp6pbp62b2ppb3dqqdqdqqqddqqd
9bpppbbp8pbpbbpp3pbbb36ddbbpppbpp4qqdqqqdddqqqddqdqqddqqqd
pbpbbb2dbpbpbbpp0qq0pbbpppbp11qdqqqddqddqdqdddqdq
pbb3dd0ppb9bppbb4bb0ddddqqddqqq
ppbb3pbppb6bp9pb0pb5pbppbbpppp9qqqqddqqdqdqdqqddqqdqddqq
pp0qpbb1p5bbbpb9pppbbbppb82ppb7b3ddqqdqqdddqqqdqdddqddqq
3pb1b5bppbpp76qqdpp8bpppbpbbb3b19ddddqdqqqdqqqqdddq
p1pbbbb7ddbp5pbpbb5p1b5dqbbpb1pbp5qdqdqddddqdqqdddqq
pbpbpbbp1bppbbbb6db6pp7pp70qqqqddddqqdqddqdqdq
bppp3pppppppppbbbb5ddddqqqqqqqqqqqqd
bp0pppp9qqpbpbppbpppbpbpbppp8q7qpppb7dqqqqdqdqdqqqdqqdqdqqqqd
bpppbbppbppppppp03bb91ddqqqqqqqdqqddqqqd
6bbbpp4qpbbppb6pb5pbp1qdqdqdqqddqqddd
pbpppppp0pp0pp1ppppb9pp3qppbp7ppp54qqqqdqqqdqqqqqqqqqqqqqqdq
bpb9dbpbpbbbpbp2pp4b0dqqqdqdddqdqdqd
bbpbbbp5bbppppbbpbppbp3p9bbbb2dbbbb0dddddddqqdqqdqddqqqqddqdddqdd
3bpb0bppbp0ppbpppbpppbpbbbbpb5dbbppp0qqqddqddddqdqqqdqqqdqqqdqqddqd
ppbp5ppbbppppbbp4qbbbpp1p0qqqdddddqqqqddqqqdqq
pbbbppp1qbpbpppbbbpp3bpp7pbb2bp9qdddqqqd3qqdddqqqdqdqqdddq
bp20bbpbb5d2pppbbppbbppbb3ddqqddqqddqqqdqddqd
pb2bbbbbb3pppb81b2ddqqqdddddddq
pbpppbpbp5qdqdbppb7pbppppb2dqqqqdqdqqdqqqdq
ppbbp3ppp6p5pppbbb5b4ddddqqqqqqqqddqq
pbp5p6pb92p78qpbb6843ddqdqqqdq
p1qpp05b7pbbpbbbbp2qddddqddqdqq
bppp8bp0bppp7bp2pbbpbbbbp9pbbbb4ddddqqddddqddqqdqqqdqdqqqd
7bppbp61pbpbppppbpbppb5dbbb5pp2qqdddqqdqdqqqqdqdqqdqqd
bpbbppppbbp6bbbbbb52ddddddqddqqqqddqd
bb1ddp5bb1ddq
ppbbp4bpppppbppb5pbbp9b0pbbbbb7pbp287qdqdddddqdqddqdqqdqqqqqdqddqq
pbp5ppbppp9qbp3pbbpppbpp6bb3ddqqdqqqddqqdqqdqqqdq
p1bbpbp2pbbbpb0bppppb7dq1qpbbbb6ddddqqqddqdddqqdqddq
ppppbpp6bbpb7ppp9qqqdqddqqdqqqq
86bpppbbpp7bpbppbppb4dqqdqqdqdqqddqqqd
bb7dbbpb7pbbbppbbbbpppp2ppb3dqqqqqqddddqqdddqdqddd
ppp8pbbpbbpbppbppb2dqqdqqdqddqddqqqq
pbb5ddpp7qqqbbb5bbpp1p8qqqddddd
3p8qpbbpppbb2pbbbbbbpbb7ddqddddddqddqqqddq
bb4pbpbb7dbbbpbbppbpbpppp9b0pp4qqdqqqqdqdqqddqddddqdqdd
bppppp4pbpbpbbbbpppbbbpp4bbpbp7qdqddqqdddqqqddddqdqdqqqqqqd
bbp7qbbppbbpppbpbpppb50pbpbb2ddqdqdqqqdqdqqqddqqdddd
bp1b4pppp43bp4bbbbbp9bbpb74dqddqdddddqdqqqqdqd
80bbpbbpbbpbbpbbbpppp3qqqqdddqddqddqddqdd
pp8bpbpb69dpbpbbpbbbpbbbb4b4dddddqdddqddqdqqdqdqq
bbpppppbbppppppbbpbbbp5pp2qpbppp2qqqdqqqdddqddqqqqqqddqqqqqdd
ppb3pb3dqpbbppbpbpppbb7bppp1qqqdddqqqdqdqqddqdqq
p1q7bpbppb1p420bppp9bbbppbbbbbp1qdddddqqdddqqqdqdqqdqd
bp1pbpbbbbp4pbb2bbbppbbb0d5ddqqdddddqqddddqdqqd
4pbbb7bppb7pppbpb3dqdbp2qdpb6dqqqqbb7dddqqddddq
b7dppbbbpbppb4pb8pbpb3bpb2dqddqdqdqdqqdqdddqq
pbbp743bppb79ppppbp0qpp8qqdqqqqdqqdqddq
ppbppbbpppb3p7b14ppppp2bbb5ddb1ddqqqqqdqdqqqddqqdqq
6p8qbbb9b7d1pb4bppb1dqqddqddd
p092ppbppbbpppb87bpb5ppbpbbppb3dqqddqdqqdqddqqqddqqdqqq
pbbbp7bppbbbbbbbpbp1pb1pp2qqdqqdqdddddddqqdqdddq
b8bppbbpppbpb6dpp1qqqdqqqddqqdd
pbb2d1d7qpbpb3dqdp3pbb9ddqqq
pb7p8bpbbbbpbbpb6bppp7qqqdpbpppb6dqqppbpppb08dqqqdqqqdqdqddqddddqdqdq
bbbbbppp2bb2db4dp8bbbbpp6qqddddqdqqqddddd
0p7b9bp14bbppbppbpb3bpbbbbppbp9qdqqddddqddqdqqdqqddqddq
p9qbb73bpbbbppppbbbpbppbp6qdqqdqdddqqqqdddqddd
ppbbbppb4bbpb5b6d2pbpb1dqdqdqdddqqdddqq
b090pbbb7d6dpbbppbbbpbpbpbppppbb3ddqqqqdqdqdqdddqqddqdqd
ppbbpbpbpbbppbbpbppbbp0b9b8ddqddqqdqddqqddqdqdqddqq
pb9d2bb9ppbb2pbpbbppbbbb6ddddqqddqdqddqqddq
bp30bbbbpp8bbppbbpppbbbbp4q9ddddqqqddqqddqqddddqd
p5bbpp39bbpbbpbpppppbp4qdqqqqqdqddqddqqddq
bpbp8qpp6qqdqd
8bpppp4qqbb9pbpbbbbbppbpbbppbbp4pbpp2qqdqqddqqddqdqqdddddqdqddqqd
p5qbpb9bbbbpbb6b8bppbpb8p91qdqdqqddddqdddddqd
3b6pbbpbbpbpppbpppbppppbbp2q6ddqqqqdqqqdqqqdqddqddqd
5bpbbbpbppppp1b7bbb2ddbbbpp5q8qdddddqqqqqdqdddqd
bbpbpppbbpbbbpbpp0qqdqdddqddqqqdqdd
b8bppbppbbppbbbp5qddbpppbbpb5dqddqqqddqqddqqdqqdd

pbbpb4d5ppbbbppbpppbbpppb8dpppbpp2qqdqqqqqqddqqqdqqdddqqqddq
pbp6b8pbbppppbpb6ppbppp4bpp3bb5ddqqdqqqdqqdqdqqqqddqdqdq
pppbpbpppbbppbbb4ppbpp3p2pb1dqqqqdqqdddqqddqqqdqdqqq
bbpbpbbbpppppbppp2pbbp1pbbbpb0dqdddqqddqqqqdqqqqqdddqdqdd
1bpbbppb6dqqddqd
5p409ppbpbp23b28dqdqdqqq
bp84b7dqdbp8bbbb9pp1pbbp2bb9ddqddqqqddddqd
4bbppp0pbbpbbbpbppppbbbbpbbb0dddqddddqqqqdqdddqddqqqqdd
0bbppb0ppppb92ppb0ppbpbbbbpppp7qqqqddddqdqqdqqdqqqqdqqdd
ppppppbbppppppbbppppppb6dqbppb2dqqdqqqqqddqqqqqqddqqqqqq
pbpbb5ppbbbbpbpbpbbbbppppppbbbpp8bb8ddqqdddqqqqqqddddqdqdqddddqqddqdq
b0ppb616b9bpppppppbpbp8qdqbbbbbbbbp5bpp6qqdqdddddddddqqqqqqqdddqqd
pppbbppbbbpbppb2dpbbb3bpppbb35ddqqqddddqqqdqdddqqddqqq
bb9bppp47bbbb9pppppbbbp9qp26bbppbppb8dqqdqqddqdddqqqqqddddqqqddd
p2ppbbpbb7pppbppbbp9qddqqdqqqddqddqqq
pppbbpbbbbbbp4b75dpppbb9ddqqqqddddddqddqqq
3b88bpbppp4b8pb6p2bbppb75bbbbpp2qqdddddqqddqdqdqqqdqdd
b1bpppb80pbpbpbpbbb6b5pbbpbpbb7ddqdqddqddddqdqdqdqdqqqdd
bpbpb7b6pb05db3dqddbbpppbp9b3ppbp0qdqqdqdqqqddqdqd
b1ppbpbbbb4p6qddddqdqqd
ppppp9bppbbppppbbbbb8pb3dqddpppbbpb3dqddqqqdddqqqqddqqdqqqqq
pp29bp84bbppbp849qdqqddqdqq
bb4pbppb8dbbbb1bpbpbbbp7pb6b0ddqqdddqdqdddddqqdqdd
bpb6d4bbbbbb3bpbbbpppbpppbp4q5bp9qddqqqdqqqdddqdddddddqd
bppppbbbpp14bb3ddqqdddqqqqd
ppppbb0bppbpbbbppp9pp3qqppbpbpppbpb5dqdqqqdqdqqqqqdddqdqqdddqqqq
ppppbppbbpbpb25bp1qdppppppppbb12ddqqqqqqqqdqdqddqqdqqqq
bbpppb9b6pbpb2b06pppbp3p77qqdqqqddqdqddqqqdd
ppbbpbpppbbpbbppppbbpbb1p4qddqddqqqqddqddqqqdqddqq
b61pbb53pbb8b1pbppbbp4pbbpppp7qqqqddqqddqqdqdddqddqd
p2pbpbbpbb8b9dp27qddqddqdqq
bbbpb08pp7qb7pbppppbbpb7bbbb64dddddqddqqqqdqdqdqddd
bbppbp9bbb7dpp3pppbb8bbp3qddddqqqqqddqdqqdd
2bpbp29bppbbbpppbpppbpbb7ddqdqqqdqqqdddqqdqdqd
8bpppbp9p7bpbpbbbp3pp3qqqdddqdqdqqdqqqd
b7bbpb5pppbppbpppbbpbbb1bbb4ddddddqddqqqdqqdqqqdqddd
ppppbbbbppbp0pbpbb9ddqdqqdqqddddqqqq
bbppbpbbbb7bbpp4bpppppppb94dqqqqqqqdqqddddddqdqqdd
bpbbpbpppbb8pbpb3pbpbb1ppbppb0dqqdqqddqdqdqdqddqqqdqddqd
pbpp29pb6pbpbppbppppb2dppppppp0qqqqqqqqqqqdqqdqdqdqqqdq
bbpbpb9bbp1b3p8pbpbppbbbbpbbbbbb8ddddddqddddqqdqdqqdqdddqdqdd
pbbbbpbpppppbb5dpppp1qqqqdqqqqqdqddddq
bppppbbbbbpbp662qdqdddddqqqqd
b8dbppbbbppbppp3bbb3ppp8ppbp1p2qqdqqqqqdddqqqdqqdddqqd
bb8ddbbpp8p906qqqdd
p7qbpppbpbpppb4b3pb4dbbbbbp0qdddddqddqqqdqdqqqd
bpbbpbpp4b2dbbppbb9bpp97pppb3dqqqqqdddqqddqqdqddqd
b8bpbb33bpbbbbpb7pb85d7qdqddddqdddqdd
pbbbppbb0pbpb85bbpbppbpbb4ddqdqqdqdddqdqddqqdddq
pppbppbbppbppbpbpbbpp8bp4bb3ddqdqqddqdqdqqdqqddqqdqqq
bppbbbppbppbb64bbb29pb9ppp4qbb9ddqqdqdddddqqdqqdddqqd
pb0pbbp9bpbbbbppp9ppppbb5ddqqqqqqqddddqdqddqdq
pbb23pbp2b9bpppppb0b3bb2b8b7db3ddddddqqqqqddqdqddq
bbbpppbbppp7bbbppbbb8bp0p60qqddddqqdddqqqddqqqddd
bp6qdbpp3pbbpb4bpbpbbb71dddqdqddqddqqqd
ppppbpbp5bpbpbpbppbp7qdqqdqdqdqdqdqdqqqq
bpppbbppbbppppb7pppppbppb249dqqdqqqqqdqqqqddqqddqqqd
b35dpppbbbpb9bpbpp83bbppbb2ddqqddqqdqddqdddqqq
bpbpbb6pppbbpb8dqb8dddqqqddqdqd
bbpp7b8dqppbpbpbbbppbpbppb1p3qdqqdqdqqdddqdqdqqqdd
bpbpbpp9ppp5pbppbpbb3d0dqdbbp3qddqqdqqqqqqdqdqd
pbppbbpbpppppbb0bppbppp6qqqdqqpbbbpp6qqdddqdddqqqqqdqddqqdq
bb3dd
bbpbbpppbbb53ddppppbpb39ppbb0dp2ppbbpp4qqddqqqdqqdqdqqqqdqqqddqdd
8pppbbpbpbbb5bpb3p6q4dqddddqdqddqqq
bpppbpp1qpbbbbpbpp7q1bbbpppppbbp2qddqqqqqdddqdqddddqqdqqqd
7b6pbb9pbbb1bbbbpbbpbbbbp3qddddqddqdddddddqddqd
pbbp0qdppp92bbbpb6p4bppb8dpb7dqqqdqdqdddqqqdq
bbbpp6pbppbppppp93qqqqqdqqdqqqddd
pbp6p6qbbp1ppbppp3qpppp0pppb02pppppb0dqqqqqdqqqqqqqqqdqqqddqdq
bbp4bbppp3qbppbpb1bpbb03p9qddqddqdqqdqqddqdd
pbbp9pbbppbppbppppbb9dbbpbbp8p4qqddqdddqqqqdqqdqqddqqddq
pbpb1pp1qqdqdq
p3pbpbpbp2pbp9bpppb9bbbbppp8bp1qdqqqdddddqqqdqdqqdqdqdqq
bbpppppb9dqpppbbbppbbp2qddqqdddqqqqqqqdd
pbbbbbpbbbbp2qp5qbbpbbpbpp4qqdqddqddddddqdddddq
pbbp4qdbbbbb4ddddddq
pbp8pppppbp9qdpbppppp4p6qqqqqqdqqqqqqqdq
bpbpbb22dbb1ddbbbbbpbppp0qqqdqddddddqdqd
bppbppbppppb6pbbpppbbppbp0qdqqddqqqddqdqqqqdqqdqqd
pbbb9bp9bp9pppppbp3bpbbbbbpbbb6dbpbb8ddqdddqdddddqdqdqqqqqqdqddddq
pbppbpppbppppbpbpppbppppp3bbbbp6qddddqqqqqdqqqdqdqqqqdqqqdqqdq
ppbbbpbpppbbb79bbpbbbbbppp3qqqdddddqdddddqqqdqdddqq
6bpb3dqdp0pbb2bbb4pp9qqdddddqq
bbbbbpbp3pbpppppbp1bpbbppbpbbpbbbbb5b4ddddddqddqdqqddqdqdqqqqqdqqdqddddd
ppbpbpbb7pb1bppbpp79bb5b4dddqqdqqddqddqdqdqq
b0p4q6bppb7ppp7bbppb9bp3qbbbpb27b1ddqdddddqqddqqqdqqdd
ppbpbbbbppbbb8b6pbpbp18qdqdqddddqqddddqdqq
ppb3bpbbbbppbpbbbbbb2ddddddqdqqddddqddqq
p46bbbpb5ppbbpbpppbpbbppbb8bb1ddddqqddqdqqqdqddqqdqdddq
b1d5bpbpbbbbp9bb8pbbbpbppp6qqqdqdddqddqddddqdqd
