ZEXDVN2FS2QTGO4WVV4IORRBK0UQ6qukbrroivvwogtqsfnvdxez
WHQ6XDQXFUGQWKFU0ufkwqgufxqdxqhw
6MJOZHPPTM4ZL5WJ3IXIW38P9KI3iPT0tO49opkpwixijwlzmtpphzojm
LGG7gER2YMMUZ3zumU88ANS5GRXD0dxrgsnaumyregl
KOHW3wh4O0IV1viook
WLBF85HT87th7LTXWUWJYLRTP13BHD06QUDCWGEP25pegwcduqdhbptrlyjwuwxtlfblw
O6Q9qoHP8p3GP0pgh
NEM3Z3z2mFVTOGXOJB6bTBWP2pwbASB4bsatjoxgotvfen
QRVGLLOAXIKG8QOAVWZIUXG3HXC6cxhgxuizwvaoqgkixaollgvrq
2YOZZC60KUQODJITNZNP1COUDSNFC3XXH0hxxcfnsduocpnzntijdoqukczzoy
SQW5wBDXZQ8q1W7wJRWO9owHBLL8llbhrjzxdbqs
SZJJ2YFWFHZEDIUY3yuNRFAW9CVPLBCP6C5cpcblpvcwafrnidezhfwfyjjzs
HIH1WWINCXMS2DEFEHBFST0tsfbhefedsmxcniwwhih
MNTCOTY6TXT56NGUOTPG7INS1snigptougntxtytoctnm
PVI6UV1HTJAGYMKBD3dE3F1TOKVCXX1JT0tjxxcvkotfebkmygajthvuivp
Z4HANVWINT1GOLEYXSTNGPZOXPDIA07aidpxozpgntsxyelogtniwvnahz
IVJST9CMUOEFWQM2MLEADRQDES1FV8vfsedqrdaelmmqwfeoumctsjvi
6PA378PGITSOG7gKH1hkosF8R7CR9VD5dvJSZFY7yfzsjrcrftigpap
KKZGG6gCDXKIMX28LZ3QQ7CUEAHAN8nahaeucqqzlxmikxdcgzkk
ZPRABQ3GSCIITLC53DU4udcltiicsgqbarpz
4CVPMAW1FGCQSSF6WFRL6S8PGD9AYDYWV9vwydyadgpslrfwfssqcgfwampvc
WNFXF1C5cZ6zNCOHE6O7oehocnfxfnw
KFVSYR5VOEVKHHR85WWLPWR8rXWH3hwxwplwwrhhkveovrysvfk
RXGXOT5C4CAEUDBT0tbdueacctoxgxr

UJMFKTPQTE5eBNAW8PDFYZTEGNV2SR3XOD93doxrsvngetzyfdpwanbtqptkfmju
3ZDZEJZYYFMXKC65ckxmfyyzjezdz
WNSJRUNBWQVLBCLEEBZ8G5NZKU1u8kzngzbeelcblvqwbnurjsnw
WWVFILETUUBJFIIFYR7ryfiifjbuutelifvww
R1YYP30VRUY9YCMCMACGTZOPW266wpoztgcamcmcyyurvpyyr
PMQFS26L2NKWAVSO42HDNICIL1licindhosvawknlsfqmp
I4V88PMSPBM7mbp2sLB5blED7dempvi
ZWK0GYL8ZFJYU7uyjfzlygkwz
XQN7IB7b4in8NHRFCXCRDIAZZJUO1oujzzaidrcxcfrhnqx
BNREP8RP9PDDOSYL5NOKMPA8UDWJU8ujwduapmkonlysoddpprpernb
SIPJVA0B0bFD3dfaYD6d72y8vjpis
SEQPD9HD8AMQOAPWYQ16O3oqywpaoqmadhdpqes
4V94QTPESD0d4C1JR0GTM6UJFRBWSJRRBQ9MT9tmqbrrjswbrfjumtgrjcseptqv
PF8HPWSQTKC2OLRC3FHA5ahfcrlocktqswphfp
AKSOKBZJTQK5BA6YFJXKS5QKZY2R4ryWELLKNK1knkllewzkqskxjfyabkqtjzbkoska
7GNW6wnHTI743ithg
11K2RN4Y28ynrk
RJTZOPFSIQ2PGSSSOTEG8QFVQ1qvfqgetosssgpqisfpoztjr
JXFIZKACK6kcYI3ABLB5bHF1fhlbaiyakzifxj
AYMRYOHXXDPPP2OFXMG3JCIZEQC19cqezicjgmxfopppdxxhoyrmya
HCAGJCHLH4AHR4BMTVGR4rgvtmbrhahlhcjgach
UMVZGJSRBOTE7CBXSS8ssxbcetobrsjgzvmu
1QITPFAYDBT9FAFU0GD3dI9USJ5jD6dsuigufaftbdyafptiq
8YJIRYIQBIVMD5EEKTB05btkeedmvibqiyrijy
LMCOPC0CGCO7TKMHIM1DS5sdmihmktocgccpocml
JBRR1AJAB4bRPROMMH8FZVOHMK5kmhovzfhmmorprajarrbj
A9VVHCUL0QLUKTBSKPLEP4peLUHPZF3fzphullpksbtkulqluchvva
1HXTNGCKODFQIPOTBIARQMMMA4ammmqraibtopiqfdokcgntxh
TBRATBMYWAMLTK21kX8AT6V7vtaxtlmawymbtarbt
M311QTI7TYH9hytNUHWPDSOUVAGYZ2zY3yygavuosdpwhunitqm
EZKFIGL2RTMD1WYYWYENH2HFO2ofhhneywyywdmtrlgifkze
ADILZTSAKDECSCMCHVVBLIW4wilbvvhcmcscedkastzlida
WA63DEQSU6P8pJM8TAGRHHLHFMCVNSNO8onsnvcmfhlhhrgatmjusqedaw
UV7PXIWFJY3ZILOUBXGC5IIXYCGKC02S3sckgcyxiicgxbuolizyjfwixpvu
FY5QNHJ0FJDS6NA0FZWNJVCM3TK9GX08xgktmcvjnwzfansdjfjhnqyf
5JLUVJZVF0fvzI8XF0557fxijvulj
TD7dtPOLEIZIL4H59hlizielop
Q0RBEIWM2mHRXF2fxrhwiebrq
0LXPM3C21E0DMP9SAKES5VMB2A48ZC9czabmvsekaspmdecmpxl
QE5LOTGT73tgHZBQQSSFXGNU3Q3qungxfssqqbzhtoleq
ZJ0VMYZJZF3TKD4OITABK3k0batiKV7USS4HQE4eqhssuvkodktfzjzymvjz
VQWCNMNSCLNF2fBUZ6zu9VXKSZN8nzskxvbnlcsnmncwqv
1A3aTQKTWIQKKW7IJN5nj2NB825H7hV4LDA0adlvbniwkkqiwtkqt
RQVNCMAVAV6UCV8XW3wxvcuvavamcnvqr
VD4PK8kEVBB60QYK2k6JMZ2AS439E0esazmjyqbbvepdv
ND9dLD4KTYFPCJPR7rpjcpfytkdln
MSSMBELT68UHLJS6MCYMPIWMVT6tvmwipmycmsjlhutlebmssm
0FS4IS2s1BSVU28ETIAZ4GEUN464nuegzaiteuvsbisf
8YXAS0Z1UANSFPOANEAAQXWSLQ0qlswxqaaenaopfsnauzsaxy
OHJICLKJER2154rejkSTOH3hotslcijho
RBG31gNTMLXBMBHID7dihbmbxlmtnbr
SOQMXIIJVQVQYCL2lPAWUH0huPZF8fzpwapcyqvqvjiixmqos
OPQ9BVZMUDKLABAMW4IKFWM7mwfkiwmabalkdumzvbqpo
CRUNHS1ZGLQYF993fyqlgzshnurc
TXBMRHXSPVQDSRSTYSENZR7rzJHO9AM5O3omaohjnesytsrsdqvpsxhrmbxt
V2vENJASMRINZH2D1EHSGUIF9fiugshedhznirmsajne
XH1U2Q7WU0IKGH6A9JRIYPD4dpyirjahgkiuwquhx
PPOU8RWWEOWPVXHPHASISOAV66vaosisahphxvpwoewwruopp
E1eEUENL3lXI3iYYXU2KQTZJHWITQHTCF3fcthqtiwhjztqkuxyyxneue
5OBHL11lhbo
7VHJAHA3ahBHFP4B5bT5tLLAU4IXAR5AW9waraxiuallpfhbajhv
YQKBLS65PPF7DHIDHPZKR3rkzphdihdfppslbkqy
OJ3HWYLYMFF3STF0BTZBEPESL24lsepebztbftsffmylywhjo
V0VWDDF5CEXJ53RYTEDX2O6oxdetyrjxecfddwvv
LPA9a0WXNJGFXBI5ZXTSM6mstxzibxfgjnxwpl
FMMF9QWIVBDGAJRA3X44xRW7wHNC7cnhrarjagdbviwqfmmf
EFUUPH0hpuHFGMOC9S7BDFMR6KTZ0zPFQ1qfptkrmfdbscomgfhufe
9JF3VAYJAQXZHXB7OEQF8fqeobxhzxqajyavfj
NKPJQIOVKOBTNNS83LR90rlsnntbokvoiqjpkn
QZL7L6lTZZFB4FB9QJ92jqbfbfzztlzq
VKSWCGZ5MTSGQ9BDXYLVPNENWVMZJD6djzmvwnenpvlyxdbqgstmzgcwskv
HD6dP0EEOPTXB0bx2XXVDQ9Y2yqdvxxtpoeeph
U1JGPUA6WHYOHPNXGYCQMMXN5nY1AZ3KJ7jkzayxmmqcygxnphoyhwaupgju
AN8Q69qUQLR7rlquYKZTU4UPJU2MNQTWLGT9t8glwtqnmujpuutzkyna
CJ5jc
