ppp5qppbpbbpbp9qdbbbbppbbb4bpbbbpbpbp5pbbpppbbpbbpbbbpppbbbppbbbpbpbbbbpbppppbpbppbpbbpbpbbpbpppppbppbbbpppbbppbbppbppbppbbbbbbbbpbppbbbbppbpbpppppbbbbppppppbpppbpbppppbbbbppppbbb3pbbbbppppppbbpbpppbbppbbppbpbbbppppppp0qqqqqqqdddqdqqddqqddqqqdqddqqqqqqddddqdddqqqqddddqqqqdqdqqqdqqqqqqddddqqqqqdqdqqddddqqdqddddddddqqdqqdqqddqqddqqqdddqqdqqqqqdqddqdqddqdqqdqdqqqqdqddddqdqdddqqdddqqqdddqddqddqqqddqqdqdqdddqddddqqddddqddqdqqqq
pppbpbbbbppbbppppbppbpbppbppbpbbbbbbbppppbbpbp5bppppp5pbppppppppppbbbpbpbbbppbpbpbpbbbpbpppbppbbbppppppp8pbpppp3bppbpbbpbbbbbbbbpbppbpbpppbbpbppbbppppbppppppppbbbpppbbbbpbpbbpbbppbbbbp3pbppbbbbpbpbbbbbbbpppbpppbpbpbppbppp4qqqdqqdqdqdqqqdqqqdddddddqdqddddqqdqqddddqqddqddqdqddddqqqdddqqqqqqqqdqqqqddqqdqddqqqdqdqqdqddddddddqddqdqqdqqqqdqqqqqqqqdddqqdqqqdqdddqdqdqdqqdddqdqdddqqqqqqqqqqdqqqqqqdqdqddqqqqdddddddqdqqdqqdqdqqdqqqqddqqddddqdqqq
bbpppppppppppp2bppppp9ppbb4bbpbpppbpbpbppbppbpbpbpbppbbpbbppbbbbbpbpbbbpbbpbbbpbpppppbpbbpbbbbppppbbpppbpbbb9ppbbbbbbbpppppppbbpbbpbpppbbpbpbppbbppbppbpbpbpbbbppppbpb9bppbpbbppppbpppbbbppppbbbbbppbbppbppbpbbppbppp6qqqdqqddqdqqdqqddqqdddddqqqqdddqqqdqqqqddqdqqddqdqqqqdddqdqdqdqqdqqddqqdqdqddqqqdqddqddqqqqqqqdddddddqqdddqdqqqddqqqqddddqddqdqqqqqdqdddqddqdddqdqdddddqqddqddqqdqdqdqdqqdqqdqdqdqqqdqddddqqqqqqqdqqqqqqqqqqqqdd
pbbp9qdppbbbpbpbb9ddqbpbppbpbbppppbpbppbpppbbbbbbbbbbbbpbbbbbbbbpbpppbbpbpbpbpp1ppbbbbbpbpbbbbpb8dqppppbbbb9bppbppbbpbbppbbpbppbpbbbpbpbpbpbbbbppbbbppppppppppbbpbppppbbbpbppbpppbpbppbbbbbbpbpbbbppbbppbpbppbpbbbpbppbbpbbb8dpbbpbbpbpbbppbbbbppbpbpbppbbpbbbppbpbpbbbbbbbbbb5ddddddddddqdqdqqdddqddqqdqdqdqqddddqqddqdqddqddqddqddqqdqdddqdqqdqdqqddqqdddqdqddddddqqdqdqqqdqqdqdddqqqqdqddqqqqqqqqqqdddqqddddqdqdqdqdddqdqqdqddqqddqddqqdqqdddddqqqqddddqdqdddddqqqqdqdqdqddqqqdqddddddddqddddddddddddqqqdqqdqdqqqqddqdqqdqddqdddqqdq
pbbppbbbpbpppbppbbppbp1bbbpbpbbpppp3bbbppppbbbbpbbbppbpbbpbbpbbppb7bbppppbpbppppppp8pbppbpppppbbpbbppbbpbbpbbpbpbppbbppbpbb5db7bpbpbbppbppbbbbbbpbbbbbpppbpbbbpbpbbpbpbbpbpbbbpbppbbbpbppbpbpbppbpbpppbbpppbbbbppppppbbbbbbppbbppbbbpp5qqdddqqddqqddddddqqqqqqddddqqqddqqqdqdqqdqdqdqqdqdddqqdqdddqdqddqdqddqdqdddqdqqqdddddqddddddqqdqqddqdqdddqdqqddqqdqdqddqddqddqqddqddqqqqqdqqdqqqqqqqqdqdqqqqdddqqddqddqddqdqqdddqddddqqqqdddqqqqddqdqdddqdqqddqqdqqqdqdddqqddq
bbbpbppbpbbppbppbppbbpbbppbpbpbpppppbbbbbpbpppbbbppbbbpbbbbppppbbbppbppppbbbbpppppbpbpbpbpbbppbpbbbppbppbpppbbbbbbbbbb4pbp9bbbbpppb8bppppbbbppbppbbbbbpbbppbbbpbpppbbbpbbbbpp7qqbppbpbbbppbppbbpppbpbbppbbppbppbpbbpppbppbbp5qddqqdqqqddqdqqdqqddqqddqdqqqddqqdqqdddqdqqdddddqdddqqqdqdddqqddqdddddqqdqqdddqqqqddqqqddddqdqddddddddddqqqdqqdqqdddqdqqddqdqdqdqdqqqqqddddqqqqdqqdddqqqqddddqdddqqdddqqqdqdddddqqqqqdqdqdqqddqddqqdqqdqqddqdqqdqddd
7pbbppbppbbbbpbpbppbppbpbppbbbbp4pbpbbppbpbbpppbbbpbbbbpbbpbbbbbpppbbbppbbppppbbbppbbpbbpbbp6bppbbbbpbb7bppbbbppbbpbpbpbppbpbpbpb6ppbbppppbpbbpbppbbbbpbpbpbpbpbpp8bppppbbppbppbbbppbppbpbppppbpbppbbbpbbpb7dqdppppb2dqqqqdqdddqqdqdqqqqdqdqqdqqdddqqdqqddqqqqdqqdqdqdqdqdqddddqqdqddqdqqqqddqqdqdqdqdqqdqdqdqddqqdddqqdddqddddqqdqddqddqddqqdddqqqqddqqdddqqqdddddqddqddddqdddqqqddqdqqddqdqqddddqqdqdqqdqqdqdqddddqqdqqddq
bppppbpbbbpbbbbpbppbppppbpbbbpbppbppbbpppbbbppppppbbppppppbpbpbbbpbpbpppbbpppbppbpbpbbppbbpbpbbbppbpppbpbppbppbbbpbppbpbbppbpbpppppppbbpbppbppppbppbbppppbbbbbbpppppbppbbbpbppppbbbbppbpppbbppbbbbpbppbbpbppbpbpbpppbbbbppb8pppbbpbpbbbbpbpbbbpppbpppppbpbbppbbppbpppbpb7dqdqqqdqqddqqddqdqqqqqdqqqdddqdqddddqdqddqqqdqqddddqqqdqdqdqqdqddqqdqddddqqddqqqdqqddddqqqqdqdddqqdqqqqqddddddqqqqddqqdqqqqdqqdqddqqqqqqqdqdqqddqdqqdqdddqqdqqdqdqqqdqqdddqdqddqqddqdqdqqdqqqddqqqdqdqdddqdqdqqqqqqddqqqqqqdddqqqddqqdqqdqdddqdqqqqdqqdqddddqdddqdqqqqd
pbbpbbppppppbbbppbbbpbbppbbbpbbbbpbpbpbbppbbpbpppppppbpbbpppbppbpbbpbpbbpbppbbppbpppppbbpbbbppbpbbpppb3pbbpbbpbpppbbppbbpppppbp3pppppbppppppbbpbppppbbpppbpppbpbpbbpbpppbppbbbbbpppppbbbpbpbbbpbppbbbbbbppbppppbbbpbbpbbpbpbbppppppbppbbbbbpppbbpp8bppbpp2bbbb6ddddqqdqqdqqddqqqdddddqqdqqqqqqddqdqddqddqdddqqqqdqqddddddqqdqdddqdqdddqqqqqdddddqqdqqqdqddqdqdqqqdqqqddqqqqdqddqqqqqqdqqqqqqdqqqqqddqqddqqqdqddqddqdqqqddqdqqdddqddqqqqqdqqddqqdqddqdqddqdqqdqqqddqdqqqqqqqdqddqqddqdqdqddddqdddqqddqdddqqdddqqqqqqddqddq
pppppbpbbpbbbppbpppbbp1bppbbbbbpbbbbpbpbpbpbbbbbppppbbpbppbpppbpppbpbbbpppbppbbpppbpbbbbbpbpbbb9pbbbpbppppp5bpbppbbbppbppbbbbpbbpbbbppbpbbbpbppbbppbbpbpppbpbpbppbpbppbbbpbppppbbbbbpbbpbp9qdqddbbbbpb5bppbpbbpppbpbbppppppppbp4qdqqqqqqqqddqdqqqddqdqqddqddddqdddddqqqqdqdddqqdqdqqdqdqdqqqdqddqqddqqdqdddqdqqdddqddqddddqqdqqdddqqdqdqqqqqdqdddqdddqdqdddddqdqqqddqqdqqqdddqdqqqdqqqdqqdqddqqqqdddddqdqdqdqddddqdddddqqdqddqqqdqqdddqddqdqqqqq
ppbbbpbbbppbppbpbbbbbpbppbpbpppbbppbpbbpppbpppbppp9bbbbppbbbbbpbbpppbppbbbbb6pppbbbbppppbpbppb6bpbb1bp3pbp7bbbbbppbbbbbbbpbbppp6pppbb5bbbbpbbb6dp7bpbpbbbppbbbbbbpbbbbpbppbbpbpbpbpbbppbbbbbbbpbbpbbbbbppbbbppppppppbppppbbbbbbppb1dqqddddddqqqqdqqqqqqqqdddqqdddddqddqdddddddqqddqdqdqdqddqqdqddddqddddddqqdddqdqdqddqddddddqqqqqqddqdddddddqqdddddqdqqdddqddqqdqdqqqqddddqqqdddddqqdqqqddqdddddqqddddqqqdqqqdqqqddqdqqddqqqdqdqqdqdddddqdqqdqqdddqdddqq
bbbppp8ppppbbppbbbbbpppbbbbbppppppppbpbppbppppppbbpbppbbbbbpbbpppbbbpbpbppbppppbbbpbppbpppbpbpbppbpbbbbbbbpbpppppppbbpbbpbppppbppbpppbpppbbbbpbppbpbbpbbbbbbbb6bpbbbbbpppbpppbbbppbpbbpppppppppppbppppbp0bppbbpbbbpbbbbpbbpppbppbpbppbppb8dqqdqqdqdqqdqqqddqddddqdddqddqqdqdqqqqdqqqqqqqqqqqddqdqqdddqqqdqqqdddddqdddddddddqddqdqqdqddddqqqdqqqdqqdqqqqdqddqddqqqqqqqdqdddddddqdqqdqdqdqqqdqqdqdddqqqqdqqdqdqdddqqqddqdddddqqdqddqqqqqqdqqdqdqqqqqqqqdddddqqqdddddqqddqqqqqqqddd
bppbbbpppppppbppppbppbppbpbbpbbbpbbbbbpbppbpbbpbbpbpbpbppbpppbbppbpppbpbppbpb6dpbbbbbpbppbbpppbppbbbbppbppbbbbbppbpbpbpbbpb1bpppbb4ppppppppbpbbbppbpppppbbppbpbbbppbbbpbbbbpbbppbpppbbb5dddqqqdqqddqddddqdddqqdddqdqqddqqqqqdqqdddqdqqqqqqqqddqqqddqddqdqdqdqqdddddqqdqqddddqqdqqqddqqdqdddddqqdqqdqdqqqdqqddqqqdqqdqdqdqddqddqdqqdqdddddqdddqddqdqqdqqdqqqqdqqqqqqqdddqqd
bpppbbbbbpbbbpbpbbppbbbbpbbpbpbpbppppbpbppbpbpbppppbpbbpppbpppbbppbpbbbbbbpbbbbbbbbpppbppbbbbbbpppppbbbppbbpbpbpbppppbbbppbbpbppbbbpppbppbpppbbppbbbpppbbpbbbbbbbpbbpppbbpbbpppbbbpppppbbpppbbpppbbpbbpbp8pbbbppbpbbbpppbpbbbppbpbppbbpbpppppbbbbbbpbbbpbbbppp3qqqdddqdddqddddddqqqqqdqddqqdqdqqdddqdqqqdddqdqqdddqqdqddqddqqqddqqqddqqqqqdddqqqddqddqqqddqdddddddqddqqqdddqqddqqqdqqdqqqdddqqdqddqqdddqqqqdqdqdqddqqdddqqqqqddddddqqdqqqddddddddqddddddqdqqddqqqdqqqddqdqqqqdqdqdqqdqdqqqqdqdqdqddqddddqqddqdqdddqdddddqqqd
pppbbbbppppppppbppbpppbppbpppbbbbpppbbpbbppppbppppppbpbbbpbppbbpppbpbpbpbpbbbbpbpbppbpbbpppbpppbppppppbpbpbppbppbpppppbpbppbppbppppbp4bbbppbbbpbpbpbbbpbpbppbppbbppbpbbbpbpp0qqpbbpbbpppbbppbpbb9bp4qdddqdqqddqqqddqddqdqdddqdqqddqqdqqdqdqdddqdqdqdddqqdddqdqqqqdqqdqqdqdqqqqqdqqdqqdqdqdqqqqqqdqqqdqqqddqdqqdqdqddddqdqdqdqdqqqddqqdqdddqdqqqqqqdqqqqddqddqqqddddqqqdqqdqqqdqqdqqqqqqqqddddqqq
bppbppppbpbbppppbppbb0ddbpbpppppppbbbpbppbpbppbppppbpbbbpbbbppbppppppbbppbbpbpbbbppbbpbppbbppbbbpbpbbpbbbbbppbpppbpbbpppbbpbppb0dqqdqddqqqddqdqqqdqqdddddqddqdqdddqqddqqdqddqqdddqdqddqqddqqqqqqdqqdddqdddqdqqqqdqqdqdqqdqdddqqqqqqqdqdqqdqqqqddqdqqqqdqqd
ppbbbpppbpppbpbbbpbbbpppbbbp6pppppbbbbb7dddbppbbbpbpppbbbpbbbpppbbppbpb6bbbbppbbbbpbbbpbbbpbbbpbbpbpppbpbpbbbpbbpbpbbbpbpbbbbbbbpppbpbbpbpbpbppbbbpbpppppbppbbbbpbbbbppbpppbbbbbppbbppbbpppbbbppbbpbbpbpppbpbpbbppbbbppbppbpbbbpbpppbppbppbbb0dddqqdqqdqqqdqdddqdqqdqqdddqqddqdqdqqqdqddqddqqdddqqqddqqddqqdddddqqqdqqddddqddddqqdqqqqqdqdddqqdqdqdqddqdqqqdddddddqdqdddqdqddqdddqdqdqqqdqddqdddqdddqdddqddddqqdddddqdqqddqqqdddqdddqqqdqdddqqdddqqqqqqdddqqqdddqdddqdqqqdqqqdddqq
bbbbbbpbpbpppppbppbpbppppbpppbbpbppppppbpppbbpbppbpbbbppbbppbbbpbppbppb4dqpppbbppbppbpb4bpbbpbbbbbpppppppbppbpbbb0pbbpbbpppbpbbbbbbpppbppppbpbpbpppb0bbbbppbp0qdqqdddddqqqdqdqdqqqqdqqqddddddqdqqqddqddqdddqdqqdqqqqqqqdddddqddqddqdqqdqqddqqqqdqqdqdddqqddqqdddqdqqdqddqqqdqqqqqqdqddqqqdqqqqdqdqqdqqqqqdqdqdddddd
pp7bppbpbpbbpbbppbppbpbbppbpppppbpbbpppbpppbbppppppppppbbbbbbpppbbppbpbbpppbpb5pbbppbbb9bpbpbppbbpbpppppbbppbpbbppbppbbbbbbpbp9bbpbbp9qdppbppbbbpbbpbbppbppbpbbbpb6pbb7ddbpbbbbbbbbpppbppbppbp6qdpbbpbpppppbppp8qppbpbppbbbpp8ppppbpppppppbbpbbbppppppppbb7ddqqqqqqqqdddqddqqqqqqqdqqqqqqdddqqdqdqqqqdqqqqqdqddqqqdqqdqqqddddddddqdqdqdddqdqqdqqddqddqdddqqdqqdqddqdqddddddqqdqqddqdqqddqqqqqdqddqqdqdqddddqqddqdqdqqqddqdqqddqqqddddddqqqqqqqqqqddqqqdqqqddqdqqqqqdqqddqdqqdqqddqddqdqdqqdqq
pbbbbbppbbbpbbbpbpppppbpbpbpbbppbpbbbpbpbppbpbpbpbppbppbppbpbbpbpbbbpppbpbpp3bppbpbpppbppbpbpbbbpbpbpbpbppbpbb0ppppbbpbpbbbbbbbbb3pbbbpbpbbpbbp6qddbpbpbppbb4bbbpppbbpbpbbb3pbpbbpbpbpp0ppppbppbbbpbpbbbpbbbpbp3qdqdddqdddqdqdddqqdqqqqqqdqdqddqdqdddqdqddqqqdddddqqdqdqdqddqdqdddqdddddddddqdqddqqqqddqdqqdqdqdqdqdddqdqdqqdqqqdqdqqdqqdqdqqqdddqdqddqdqqdqqdqqdqdqdqdqqdqdqdddqdqqddqdqdqdqqqqqdqdddqdddqqdddddq
bppbppppbpbbbbpppbbpbbbpppbbbppppbppbpbppbbbbppbbbppbbpbbbbpbpbbpbpbbbbbbbbbppppbbpbbbpppbpppbpbbbbbbbbbpbbbpbbpbbbppbbpbpbbb5dbbbbbppbp9bbpbbppbppppbbpbbbbpbpppppbbpbbp0qddqddqqqqqdqddddqddqqqqdqqddqddqdqqdddddddqdqddqqdddqddqdddqdddddddddqdqqqdqqqdddqddqqqqdddddddddqdqddqdqddddqddqqdddqqddddqqdqdqqdqqqqdddqqqdddqddqqqddddqdqqqqdqqd
pbbbbbpp5bpbpbbbppbbbbppbbppbbbbppbppbppppbpbpbp1pbbbpbppppbpppb7bbppbbpp2bpbppbpbpppbbppppppbbpbpbppbbb5bbpbpbbbppppbbbbpppbppbppbbpppppbbpbbpbpbbbpppbbbbpbbbbbbbpbbbppp8bbbbppbbpppbbpbpppbbpppbbbbbpbbpbbpbbbpbpbbpbppppbppbpbbppb5bbpbp4qdqdddqqddqdqqdqqqqdqddqdqdddqddqddqdddddqqqddqqqdqddqqqddqqddddqqqdddqdddddddqddddqqqdddqdqddqddqqqqqddqqdqqdqqqddddqqqqdddqdqdddddqqdqdqddqqqqqqddqqqdqdqqdqdqqddqqdddqqqdqqqqdqdddqqdqdqdqqqqdqqdqqddddqqddqqddddqqdddqdqdqqdddddq
bbbpppppppbbbpbbpppbbppppbppbbbbppbpbbppbppbbbbbbppbppbbbppbbbbbppbppbbbppbbpbpppbbbpbbpbbpbbppbbpbpb2bppbbpb6bppppbbpbbbpbppppbpppbbbbpbp7pbppppbbbbbbbpppbbbpbbbppbbp7pppbpbppbb2ddqqdqdqqqqddqqdddqdddqqqdddddddqqqqdqqdqddddqqqdqqqqdqdddqddqqqqddqddqqddqdqddqqddqddqddqdddqqqdqddqqdddqqdqqdddddqqdddqqdqqddddddqqdqqddqdqqddddqqdqqqqddqqqddqdddqqqqqqqddd
ppbbbbpp3ppbpppppbpppbbpbpppbbbbppbpbbbbpbpbpbbpbpbppbpbbbppppppbppbbbbpbbppbppppppbbbbbpppbbbbbpbbpbbbbbbbppppbpbbppbpbbpbpppp4pbpbbpbbbppbbbbpbpppbppbppbbbppbbpbbbpppppbbbbbbppppppbbbppb8ppbpppbbpbbbppbppppppppbpppbbbbbbbpbpbppbbbppppbpbpbpppbppbbbpbppbpppbppppbbpp8qqddqqqqdqqqdqqdqdddqqdqqqdqdqdqqqqdddqqdqdqdddddddqqqdqqqqqqqqdqqdddqddqqqdqqdqqdddqqqqqqddddddqqqqqdddqddqqdddqqdqqdqqqdqddddqqdddqddqdqqqqqdqddqdqqddqdqqqqdddddddqddqdddddqqqdddddqqqqqqdqqddqddddqqdqqqqqqdddqdqqdqdqddqdqdqddddqdqqddddqqqdqddqqqdqqqqqdqqqqddddqq
bpbbpppbbppbpbppbbbpbp3qdppb2ppbbppbpbpbpbbbbppbpbbbbbbppppbbpbpbbpp0ppbbpppbpppbbpppbbbppbbbppbbbpbppppppb8bpbbb4pbbpbpbbbbbbbbpppbbpbbbpppbpbbbpppbppbbppppbbppbpbpbbbppbpbp3pbpppppbpbppbppbpbpbpppppbppbppppbppbbpbppbbpbbpp1qqddqddqqdqddqqdqqqqdqqdqqqqqdqdqdqqdqqdqdqqqqqdqqdqdqqdddqdqdqqddqqqqddqqdqqqdddqdqqqdddqddqqqddddddddqdqddqdddqddqqqqqqdqdddqqdddqqdddqqqddqqqdqqqddqqqqddqdqddqqqqddddddqdqqddddqdqdqdqqddqqdqqqdddqqdqdqqddqqqddqd
ppbbbppppbbpbbpbpbppbbppbbbpbpppbbppppppbbpbp5bbppppbbbbpbbbppbppbppbbpbbppbpbbppbpbbpbppppppppb6pbppppbpbpbpppbbbppppbpppbbpbbpppbpbbpbbbpppbpbbpbbpbppbppppbppbbbpbpppppbbbbbbbbbpbppppppbpppbbbb4ddddqqqdqqqqqqdqdddddddddqqqqqdqdddqqdqqqqdqqdqddqddqdqqqdddqddqdqqqddqddqqqdqqqqdddqqqdqdqdqqqqdqdqqqqqqqqdqddqdqqddqdqqddqddqqdqqdqqdddqddddqqqqddqdqddqqqqqqddqqqdqdddqqddqqdqdqddqddqqqqdddqq
bbb7pbbpppbbbbpbppbpbbbpbpbbppppbbbpppppppbbppbbbbpbpppbbpbpbpppbppbbbbbbbppbppppb6ppppppbbbpbppbpbppbppbppbbbbpbppbpbppbpbppbpbbpbbpbbbp3bbbpbppppbpbb3bpbbbbpbpbbbbbpppbpbbpppbbpbbbpbppppbpbbppbppbpbbbbpbppbbpbbbbpppppbbpppppbbppbpppbbppbbppbbppb6bpppbbbbp9qddddqqqddqqddqqddqqddqqqdqqddqqqqqddqqqqqddddqddqqdqddddqdqqdqqddqdqqqqdqdddqddqqqddqdqqqdddddqdqddddqdddqdqqqqdqdddqdddqddqddqdqqdqdqqdqdqqdqddddqqdqqdqqdqdqqdqdddqqqqqqdqqqqdqqdddddddqqdqqqdqdqddqqqdqddddqqddqqqqqqqdddqqqqddqdqdddqdqqdqddddqqqddqddd
bbbpppbbbpbpb1d0bpp8bpbpbbbbppppppbppppbbbpbpppbbbp8ppbbbp6bpbppbpbbbpbppbppbbbbbbpbbpbbbbbpbbbbpbbppbbbbbpbbbbbppbbpbbppppbppppbbpbpbbppbbpppbbppbbpbpbbpppppbpbbpppbbppbppbbbppppppbpbbpbbpppbbbbbppbpbbpbppbbpbpbbpbbbpbppbbpbbpbbppbpppbbp7qddqqqdqqddqddqddqqdqdddqddqdqddqqdqddqdqqdddddqqqddqddqdqqqqqqdddqqdqqddqqqddqdqqqqqddqdqddqqddqqqddqqddqdqddqqqqdqqqqddqddqqdddddqdddddqqddqddddqdddddqddqddddddqqdqqdqdddqdqqdqdqdddqqqdddqqqdqdddqqqqdqqqqqqddddqdqdqqdqdqdddqqqddd
pb8dq
pbbbpbpbppbbbpppbbpbppbbbbbbppbbppbbpbbbbppbpbbbbbb7pbp7bbbpbbbbpb1bbppppbbpbbbbbbbppb8bbbppbpbpbpbp4ppppbpbbbbpppppp1pppbbpppbbbbppbbb1bbpppbbbpbpbpbppbbbbppp5bbpppbpppbbppppbppbb8ddqqdqqqqddqqqdqqqddqqqddddqqdqdqdqdddqqqdddddqqddddqqqddqqqqqqqqqddddqdqqqqqdqdqdqdqqddddqqdddddddqddqqqqdddqddddqdddqdqddddddqdqqddddqddqqddqqddddddqqdqddqqqdddqqdqdqdddq
pbbppbp9b7bbpbpppbpbbppppbppbpppppb6pbpbpppbpbbbpppb9pbpbpppbbbpbpbpppbpppbppbpbpbppbbbpbpbpbbppppbppbbbpbpbbbpbbbpbppbbppppbbbpppbbpppbbbppbbpppbpbbpbpbbpbbbbbbpppbppbbppbpbbpppbppbbb6dddqqdqqqddqdqqddqqdqqqddddddqddqdqddqdqqqddqqdddqqqddqqqdddqqqqddqqdqdddqdddqdqdddqqdqqqqddqdqdqdddqqdqdqdqqdqqqdqqqdqdqdddqqqdqdqdqqqdddqdqqqdqdqdqqqqqdqqdqqqqddqdqqqdqdddqdqqddq
8pbbbbppppppppbppbpbpppbpbbpbpbppbpb1pbbbbpppbbbbbbppbbbbbbbbbppbpbb8pppbpbpbbbb5dpbbbbpbbp3bppbbppbbbbppbpbpbbbpbbbbppbpbppbbbpb5bppbb5ppbpbpppppppbbpbpppbbbbbpb2dpbpbbbppbbpbpbpbpbpbpbbpbppbbppbpb8p1qdqdqpbpbpbbbpbbpp7qqddqdddqdqdqqddqqdqddqdqdqdqdqdqddqqdddqdqqdddddqqqdqddqqqqqqqdqdqqddqqddqdddqqdqdqqddddqdddqdqdqqddddqqddqqdqddqddddqdddqdqdqqqddqdqqdddddddddqqddddddqqqddddqdqdqqdqdqddqdqqqdqdqqdqqqqqqqqddddq
ppppbbppppbbpppbbpbbpbbbbbbbpbbbppbppbbbppbbpbbbppbpb5dqdbbppbpbppbpbbppbbpbbbbppppbppppbbbpppppbbppbbpbppbppbbpbbbpppppbpppbppbpbbbbppppbppbpppbbpbbbbppbppppbppbbbpbbpbbpppppbpppbbbbpbppbbppbbpbpbbppbpbppppbbbppbpbbbbbbbpppbpbpbbpbbbbbbppbpbbbppbpbbpbpbbpbbbbbpbbbbbpbb8bb6pbpbpbbb5dddqdqdqddddqdddddqdddddqddqdqddqdqqdddqdqqddddddqddqdqdqqqdddddddqdqqdddqqqqdqdqqddqdqddqqddqqdqddddqqqdqqqqqddqddqdddqqdqqqqdqqddddqddqqqdqqdqqqqddddqdqqdqqqdqqqqqdddqddqqdqqdqddqqddqqqqqdddqqqqdqqqqddddqddqqddqdqqdqdqqddqqdddqddqqdddqqdqqdddqdddddddqddqddqqqddqqqqddqqqq
pbpbppbpb8b8bbpbpbbpppbpppppppbbpbpbbbbbpbppbbbbbpbbppbppbbbbppbbbbppppppbpbbbpbpbbpbbbppbbppbbpbpbpbbpbbbbpbbpppbppbbpppbbppbbbbpbppbbbpbbppppbpppppbbpbbbpppb2dqpbbbbppbpppbppbbpbbppbbppppbpbbppppbpbpbbbppp7qpbppppppbbpbppbbbpb4dqdddqqdqddqqqqqqdqqqdddqdqdqqqqddqdqqqqddqqddqddqqdqqqdqqddddqqqdddqddqqqqqdqqqqddqdddqqdqddddqqddqqqddqqdqqqddqddddqddqdqdqddqqddqqdddqddqdqdddqdqqqqqqddddqqddddqqdqqddqdddddqqdqdddddqdqddqqqqqqqdqqqddqdqddddqdqqdqdq
pbpbbpbpbbpbpbpppbpp0pbppbbpbppbpbbpppppbpbpppppbpppbppbbbppbbppbppbppppbbbppppbpbpbppppppppbpppbbbpbppppppppbbpbbpppppbpbpppppbpbbppbbppbbbpbbpbbbbppbpbpbpbbbbbbpbbbpbbpppppbppppbpppbbbbppbbbbppbbbppbppbbbppbpbpbbbbpbbpbbbpppbppbpppbbbbpppbpppbbppb6dqqddqqqdqqqddddqqqdqqdqqqdddqddqddddqdqdqqdddqqdqqdddqqddddqqddddqqqdqqqqdqqqqqddqdddqddddddqdqdqdqqddddqddqdddqqddqqddqdqqqqqdqdqqqqqddqddqqqqqqqqdqdddqqqdqqqqqqqqdqdqdqqqqdddqqqqdqqdqqddqqdddqqdqqqdqqqqqdqdqqqqqddqdqqdqddqqdqqqdqqqdqdqddqdqddqdq
0bpbpbpbppbpbppbpbbpppbpbbppbbpbbpbpbbppbppbbbpbppbbbpbpppp2bbbppbbbbpppp4pbpbbpbbppppbppbpbpbpbpbbbbpp6bpbpbpbpbppbppppbpbbpbbbpppppppbpppbpbppppbbpbbpppppbpppbbbppbpppbpbppbppbpbppbbppppbbbpbpbbpbppbbpppppbpbbbpbb1ddqdddqdqqqqqddqqdqddqdqdddqqqqddqqdqdqqdqqdqdqqqdqqdddqqqdqqqqqddqddqqqqdqdqqqdqqqqqqqdddqddqdqqqqdqqdqdqdqdqdqqddddqdqdqdqdqqdqqqqddqddqdqqqqqddddqqdddqqqqdqdddqqdqdddqqdqqddqdqddqddqqddqdqqqddqdqqdqdqqdqdqdqd
pbbpbpppbpbpppppbbbbppbbpppbbpppbpbbpbpppbpbppbpppp7bbbbbppbpbbpbbbbpp2bbppp2pppbbpbpppppbbpppppbbppbbpbppbpbbp8qdppbbpbbbbpbpppbbpbbpbpbppbbbppppbbbppbbbbbbpbbppppbppbpppbbbbbppbpbbppppbbbpbpppbbpppppbppbpppbpbbbpbppbbbbpbpbbpbpbp0qdqdqddqdqddddqqdqdddqdqqqdqqdqqqqqddqqqdqdddqqqqddqdqqdddddqqqdqqdqqqqddqddddddqqdddqqqqdddqqdqdqddqddqqqdqddddqddqqdqdqqdqddqqddqqqqqddqqqqqdqddqqqqqqddqqddddqddqdqqdddddqqqqdqqdqdqqqdqddqdqqqddqqqddqqddddqqqqqdqdqqqdqddq
bbbpppbbppppbppbb9bpbpppbppbppppbppbpppppbpbbbppbpb3ppbbbpbbbbbppbbbppbpbpbppbbbbbppbbpbbbbbbppbpbbbpbbbbbpbbb7dddqdddddqdddqdqqddddddqddqqdddddqqdqdqdqqdddqqdddddqdddqqdqdqqdddqdqqqqqdqqdqqqqdqqdqqqdqdddqqdqqqqddqqqddd
pbbpppbbppbpppbppppbppppbbbpbbbbpbppbppbbbbpbpbbpbbpbpbp8qbbbbp4bbpbpbbpbbpppbbbbbpbpppbppbpbpbppbbppppbbpppppppbb7bbpbpbpbpbpbpbbbpbbpbpbbbppppppbpbbpbbppppbbpbpppbpbppbbppbpbpppbpbppbbpbbbbpb8pppbpbbpbbbbppbpbbpbpppbbp6qddqqqdqddqdqqddddqddqdqqqdqddddqddqqdqdqqqdqdqqddqqdqdqqqdqddqqqqddqddqdqqqqqqdddqdqddqdddqdqdqdqdqdqddddqqqqqqqddqqqqddqqdqdqdqqdqqqdqdddddqqqddqddqdqddqdddddqdqddqddqdqddddqqdqqdqddddqdddqqqqdqqqqdqqqdqqddqqqddq
pppbpbbpbbppbpp2qqdqqbbpbbb6bpbpbbbppbppbbppbbbbbbbbbpbppbbpppbppppbppbpbpppppbppbbbppbpbbpbbppbbppbpbbpbbpppppppbpbbbp77qpbpbbbbpbbbppppbbbpbpbbpbpbbbbbp9bbpbppbpppbbppppbpbbbbppbbpbpppbbbppbpbbpbppbpbppbpppppbbpbbpbpbpppppppbppbbbpbbppbb8pbbbpbbbp1qdddqdddqddqqddqdddqqdqqqqqqqdqdqddqddqqqqqdqqdqdqqdqddqdqqdddqqqdqddqqddddqdqqqqddqqqdqqdqddqdddddqdqddqdqdddqqqqdddqddddqdqdddqdqqqqqqqddqddqdqqddqqddqddqdqqdddqqdqqqqqdqdqqdqqqqdqqqddqqdqdddddddddqqddqqdqqdddqdqddddqddddqddqdqqq
bppbppppbbbbbpbppbbbbbppbbbbpbpbpbpppbpppppbpbpbbbbpppppbbbbpbbbppppbbpbbppbbpppbpbpbppppppppbpbpbpbppbpbbppppb3pbpb0pppbbpbpbbpb7ppbpppbppbbppbbb9p5pbpppppbppppbbpbpp9qppbpp4pbpbb0ddqdqqqdqqqdqddqqqqdqqqqqdqqdddqqddqqdqqqdqqdqddqdqddqqqdqdqdqqqqddqdqqdqdqdqdqqqqqqqqdqdqdqqqddqqddqddqqqqdddqddddqqqqqddddqdqdqqqqqdqqqdqdqdqddddqqdddddqqdqdddddqqqqdqqd
bpbbbppbpbpppbbpbpppbbbppbpbbpbpbppppppbpbbppppbpppbbpppbbppbppbppbpbbbppbppbbpb6bpbpppbbbbbbpbppppppbbpppbpbpbbbpbb3bpbbpbpbpppppbpppbbbbbpppppp5qqqqqqdddddqqqdqqqqqdqdqddqdddqdddqdqdqqqddqqqqqqdqddddddqqqdqddqddqqdqqdddqdqqdqqdqqddqqqddqqqdqqqqddqdqqqqqqdqdqddqdqqdddqqqdqddqqqdqdqqdddqd
bbpppbpppbbbbbbppp9qqqdbbbppbbbpbbbpbbppb1bbpbpppbbpbbbbpbpbbbbpbpbbbppbbbpbpbbpbpbbpbpbpppppppbpbpbbbbbbbpbbbpbpbp9qdqdqdddqdddddddqdqdqqqqqqqdqdqddqdqddqdqdddqqdddqdqddddqdqddddqddqqqdqdddqqddqdddqdddqqddddddddqqqdqqqdd
ppppbbppbppbpppbpp8bpbpbpppbppbppbpbppbbbpbpbbbbpppbppbbbpbbbppbbppppbpppbbbbpbpb5pbpbbbbppbbbbbppbpbppppppppppbpbbpppbpbbppbppbbpppbpppbbbpppp8qqqqdddqqqdqqqddqqdqqddqdqqqddqdqqqqqqqqqqdqdqqdddddqqddddqdqdqdqddddqqqdqqqqddqqdddqdddqqdqqqddddqdqdddqqdqdqqdqqdqqqdqdqdqqdqqqdqqdqqddqqqq
pppbpbbpppbbbbbbbppbbbbbbpppbbpbpbb5bpbppbbbpppbbbbbbppbppbpppbppppbb0p2qbpbppbppbbppbppppbbppppbpbbbbbbbpppbbbbpppb2pbppbbpbppbbpbp8ppbbbppbppppppbppppbbpppppbbpbbbpbbbbbbpbppppppbbbbbppbpppbbppbbpbbbpbppbpbbbbbbpppbbpbbbbb5bpppbbppbbbpppbbpbpbpbpbbpbpbbpbpb6dqdqddqdqddqdqdqdqddqqqdddqqddqqqddddddqddqqqddddddqdqqdqdddqddqqddqqqdqqdddddqqqqqqdqddddddqdddqddqqqqqddqqqqdqqqqqqdqqdddqqqdqddqqdqddqqdqdqqqddddqqqdddddddqdqqqqddqqqqdqqddqqdqqdqdddqqqqdqqqdqqdqqddddddqqqdddqqdqdddqdqddqqqddddddqqdddddddqqqddqdqqq
bpppbpbpbbpbbpbpppbbpbbbppbbbpbpbpbpbpbppbbppbbpbppbpbpppbpbpbbpbppppbbbbbppbbppbbbppbbbpbpbbbbpppppbppbpbppppppbp2bpbpppbpppbbbbpbbbpbbbpbpppppbppppbbbpbbpbbpbbbpbpbbbb4ddddpb7pbpppbppbbbbppbbbpbbpbbpppppbbbpbbppb7bbbbbpbppbpbbb1dpbpbbpbpbbbpbpppb4dqqqdqdddqdqddqdqddqdqqdqddddddqqddqdddqqqqqddqddqdddqqddddqqdqqqdqdqqdqdddqddqddqdddqqqqdqqqqqdqdddqdddqddddqqqdqqqdqdqdqqqqqqdqdqqdqqqqqddddqdqdddqqdddqqddqqdddddqqqqdqddqdqdqqqdqdqqdqddqqddqqdqdqdqdqdqdddqqdddqddqqqdqddqddqdqdqqqd
bpppb4pbbbbbppppbbppppbb0pbpbpbbpbbbpbpbpppbbpbppbbbbbbbpbpppppbbpppppbbppbpbpppbppbbppbpbbbpbppppbbpppbbppbbppbbpppbpbbbbppbbpppbppbpbbbbbbpb1dqbbbbppbppbpbppbpbbbpbpbppbbbpbbbppbpbbpbbpbpppppppbpbpbbpbbpppppbp5bbpppppbpbpbbpbbpbbbbpbpbpbppbbbpbb4ddqdddqqdqdqdqddddqddqddqdqdqqqqqddqdqqqqqddqddqdqdqqqqqqqdqddqddqdqqdddqdddqqdqdqdddqdqqdqdqqdqqddddddddddqdqqdqqqddqqddddqdqqqddqqddqqddqqqddqqqqdqdddqdqqddqqdqqqdqdqqddqqqqqddqqqqqdqdddddddqqdqddqqqdqdqdddqddqdqdqddqqqqddqqqqdddddqdqqqd
ppp2qbpbppppbppbpbbbbbppbpbbppbbpbpbppbpbbbpppbppbbppbpbbbbbb5ppppbpbppbpbppbbppppppbpbppbpppbppbbbpbpbbbppbbpbpppbpppbbpbpbpppbbbbpppbbbppbpppppbbbpbbppppbbpbbpbbbbbpbbpbbpppbbbppbpbbbpbbpbbpbbpbpbpppbbbppppbb1bbbpbppbbbpppbbpppbpppppppppppbpbbpbb3ddqddqdqqqqqqqqqqqdqqqddqqqdddqqdqdddddqqqqdddqqqdqdqddqddqddqdddqdqqdddqqqddqddqdddddqddqddqqqqddqdddqqqqqdqqdddqqqddddqqqdqdqddqqqdqqqdqddqqdddqdqdddqqdqqqdqqdqdqqqqqqddqqdqdqqdqdqqqqddddddqdqqddqqdqqqdddqdqqdqdqddqqddqdqqdddddqdqqdqqqqdqdqq
bbppbpppbbpbpppbpbbbbppbbpbbp6bbb1bbppbpbpppppbbpbpbpbpbppbbpppbbbpppbppppbbbpbbbbpbb83ddbpppbppbpbpbbpppp8bpbpppbpbpbppbbpppppppbbbp1pbbb6ppbbpbppbpbppbbbpbpbbbbbpppppbppppbbpbbbpbbbbbbbbbbpbbpppbbpppp5qqqqddqqqddqddddddddddqdddqddqqqqdqqqqqdddddqdqdddqqdqdqqdqddqqdddqqdddqqqqqqqddqqdqdqdqqqdqdqqqqddqdqdqqdqqqdqddddqdddqqqqdqqqdddqqqddqqdqdqdqdqddqqqqqdqdqqdddddqddqddqqddddqdqqqdqddqqqdqqdd
pbbbppppppbpbppbbbpppbppbbbbbbbbppbbppbpbbbppb7bbbbppbbppbbpbpp9pbbbbbbppp6bbbpbbpppppbpbbbppppbbbpppbbpppppbpppbbppbbpppbbbpppbpbpbpbppbbbpppppbppbppbppbbppbbbbbbbppppbpp9bpbbppbppbbbbbpbb3bbpbpppbbpbb8ppbppbpbppbppbpppbpppbbppbppbpppppppbbpppp87pbbbbbbppbpbbpppbbbbpbbppppbbbbbbp6pppbbbbpbpppb48dqqqdqddddqqqqddddddqqqqddqddddqqqddqdqqddddddqqqqqddqqqqqqqdqqdqqddqqqdqqqdqqdqqdqdqqdqqddqddqqqdqddddqdddddqqdqqddqdqqdqqqqdddddddqqddqqdqqdqqdqqqqqdddqqdqdqdqdqqqdddqqqddqqddqqqdqqqqqddqqqdddqqqqdddqdqqqqqddqdddqqqddddddqqqdqddqqddqqdddddqqdddqdqqddqqddddddddqqdqqqdddqqdqdqqqqqqdddq
bbbbbppppbpppbbbbpbbpbpbbbbpppbppbbbpbppppbbpbbbbpbpbbpppbbpbbpppppbbbpbpbppbbbpbbbb7dpbpppppbpbppbpbbppppppppbpbbbpbbp8bbbbpbpppppbpbpbbbbpbbpbbpbb6bpbp9pbbbbbpbbbppbpppbbpbbppbbpppbbpbpb3dqdqddqqqddqqddqddqqqdqqdddqdddddqqdqdddqddqddqddddqdqdqqqqqdqddddqddqdddqdqqqqqqqqddqdqqdqdqqqqqdqdddqdddqqdqdqdddqqqqqddqddqqqddqdqddddqddqqqqdqdddqqdqqqddddqdqddqddddqqqdqqqqddddd
bbpbbppppbppbbbbppbpbbbbbbbpb6bpppbbpbpbpbbpbpbbpbbbbpbbppbbbppbbppbbpbbpppppbbbpbpbbbbpppbppbbpbpbbbpbpbppbpppppbbpbbpppbbppbbpbbpbbpbbpppb3bpppbppbbbpbbpbbbpbpbbpppbb4bbbp2bppbpppbpbbbppbpbppppbbpbbpbpbpppbbpppbpppbpbpp2qqdpbpbppbbbpppbpbppppppppppbbbppbpb0dqdqqdddqqqqqqqqqqdqdqqqdddqqdqdqqdqqqdqqqddqqqdqdqddqddqqqqdqdqqdddqdqqqdqqdqdddddqqqddqdqdddqddqdddqqdqqqddqqqddqddqddqddqqddqqqddqddqqqqqdqqdqdqdddqdqddqqdqqqddddqdqdddqqqqqddqddqqddqqdddqqddqddddqddqdqddqdqdqddqqqddqdddddddqdqqddddqqdqqqqddqdd
pppbpbbpbbpbpbbbppppbppbbbppbbpbp1qdqpppppppbpbbbppbbbbppbpppbpppppbbppbbppbbpppbppppb6ppbbbpbbpppbb7bbbbppbbppbbppbbbbpbpbbpbbpbppbbbpbpbbbppbpbbpppbbpbpppbb4ppbppbbpbpppbppbbpbbbbpbppbpbbbbpbbpbpbpppbpbbbbbpppbpbbpppbppppbbp4pbbbp5pbbppbbpbbbppp1qqqdddqddqqddqqdddqqddqqqqdqqqddqdqqqdddddqdqqqdqdqddqddddqdqqdqddddqddqqdqqqdqddqqdqqddqqqdqddqqqddqdqqdddqdqdddqqdqddqddqdqddddqqddqqddqqddddddqqqddqdddqqdqqqqdqqqddqqddqqddqqqqqdqqqdqqddddqqdddqdqqqqqqqddqqdddqqdqqqqdddqdqddqddqdqqq
bbbbpbppbpbbpbbbppbppbbpbbppbppbbbppppbppbppbppppbppppbbbbpbbpbpbpbbbpbppppbbpbbppbpbbpbbpppbbpbpb8bppbbbpbbppb2pppbbbbbppbbpbbpppbpbbpppbppbpppbbbpbbppbppbbpbpbbpbbbbpbbbbpppppppbbbbppbpbpppbbbpppbp9pbbbpbbbbppbbpbbppppppbppbpbbppbbpbpbpbp5pppbppbbpbbbpbpbbb2dddqdqdddqddqqdqqqqdqdqdqddqqddqdqqdqqqqqqddqddqqddddqdddqqdqqqdddqqqdqdqqddddqqqqqqqddddqddddqddqdqddqqdqqddqdddqqqdqqdqqqddqdqqqddqddqqdddddqqqdqqddqdddqqddqdqddqqqddqddqdqqddqddqqqqdqdddqdqdqddqddddqqqqdqqqqdqqdqqdqqqqdddqqdqqddqddqqdqqdddqddqdqqdqdddd
bbpbbpbppppbppbpbpbbp6pbbppbppbbpbppb6ppbpppppbbbbbpp02pbbppbbbppbb8bpbppbbpb9dqpbpbbpbpbpppbppbbbpbbppbppbbppbbb1bbbpbbpppppppbbbppbbbbbpppbbbpbbbpbbppbp9pbbpbppppbbbppbbpbppbpbbppppbpbppppbppbpbppbbbbpp0pbbpppbbpbp9pbppppbbpb4dqdbppppppbbppbbbbpb3dqddddqqddqqqqqqddqqqqdqqdqddqqqddqqqddddqqdqdqqdqqqqdqdqqqqddqdqqdqddqqdddqqqqdqddqqdqqddqdddqdddqqqdddddqqdddqqqqqqqddqddddddqqddqqdqqddqdddqqdqqqdqdqddqdqddqqdqdddqqdddqqddqqqdddddqqqqqdqqdqqdqddqqdqqddqqddqdqdqqdqqqqdqddqdd
p9bbppbpb5bbbbpbpbbbbbbpbbp0pbbppbpbbpbpppbbp7pbpbppbppppppbbppppbbpbpbbbpbbppppbppbppbbpbbppbpbppp3qqbppbp2ppbbbbpbbpbpb4bppbbpbbppbppbbpppbbpbbbppbpbbpbppbbbppbppppppbpbp7ppbppbbbpppbbbbpbpbpbpbppbpbpb3bbbppbbbbbbbbbbpppppppb4dqqqqqqqddddddddddqqddddqdqdqqdqdqdqdqddddqqqdddqqdqqqdqdqqqqqqdqqdddqqdqddqdqqdddqddqqqddqqdqqddqddqqddqdqddqddddqqqdqqdqdqdqqddqddqqdqqdqqqqddqdddqdqddqqqqddqqqqqqdqqdqdqqddqqqdqddqdqqddqqddqddddddqdqdddddqdqqddq
bb9bppbbbbppbbpbbbbbpbbpbbpppbppppbppbbbpbpppbbbppbppbpppppbbbpbbbbpppbppbpppbbppbbpbppbpbp8bbpbbbbpbppbppbbpbpppbbbbpbbbppppbbppbbbpbbbpppbbppbppbbppppbpbpbbpbpp4bpbppbppppppbbpbbppppbbbbbpbbpbbbppbppppbbpppppbpbpbpbbpbbpppbbbpbbbbppbbpbpbbbbbbb6ddbpppbpppbbpbbbbbbbbpp3qqddddddddqddqqqdqqqddddddqdqddqqddddqdddqqqddqddqdqdqdqqqqqddqqqqdqqdddqddqdddddqqqqddqddqqqqqqdqqdqdqqdqddqdqdqqqqddqqdqqddqqqdddqdddqqddqqqqdddqddddqqqdqddqqdqqdqddddqddqdqdqqdqddqqddqqqdqqdqqqddddqdddqqqqqdqqdqqdddqqqdqdddqqdqqqqdqqqddqddqdddddqddqqddddqqddd
bpbbbbbbbbbbpbppbpbpbpppbbbppbppbbbpppbpppbppbbppbp3bppbppppppbpbpppbbppbbbpbppbbbpbbpppbbbppppbbbbbppppbbppbpppbpbbpbbpbpppbppbbbppppbbbbbppbpbb7pppbppbpbpbbbbppbbbpbpbbppbppppbbpbpbpbpbbppbbbpbpbbbbppbpbpbbbbppbpbbpppbppbbbpbpppbbppbpb7dqdqqddqqqdqdddqqdqqqddqdqqddddqdqdqqddddqdqdddqqddqdqdqdqddqqqqdqqddqdqdddqqddddqdqdqqdqqqddqdqqdddddqqqqdddqqdqqqdqddqddqdqqqdqqddqqqqdddddqqqqdddqqqddqdddqqdqdddqqddqqqdqdqqqqqqdqqdqdqqddqqdqqqdqqqdddqqdqqdddqqqdqdqdqqdqddddddddddqd
pppbbppbpbpbbbpbpbbbpppbbbp5bpbpbpbbppp2qqqddqdbbppbbbbbbbbbbbbbbbpbpppppbppbbpbbbppbppppbpbpbbpbbbppbpppppbbppbbppppbbbbbpbbbbbbpbbpbbpbpbbbbppbbpbpbppbbbppbppbbbppbbbpbbppbpbpbpbpppbbbbpbbbbbpbbbpbbbpbpbpppppbpp6qqdqqqqqdqdqdddqdddqdddddqddddqqqdqdqdqdqqddqdddqqdddqqdqqdddqqdqdqddqqddddqdqddqddqddddddqdddddqqqqddqqddqqqqqdqqdddqddqdqdqqqqdqqdddqddqqdqqqqqdqdddddddddddddddqqddqdqdqdddqqqdddqdqdddqdqdqqddqqq
bbppbbppbpbbppbpbbpppbpbbpbpbbpbppbbbpb1dbbbbppbppbbpbbpbbbbpbbbbbppbbppppbpbppppbpbbpbbbpbpppppbbppbbbbbpbppb8ppppppbbbpbpbbbppbbbpbbbpbbpbpppppbbppp2qqqbpbbpppbbbbbbpppbbbppppppp0qpbpbpppbpbbppppbbppbbbbbppbbbbpbbpbpbbbpbppppppppp9qqqqqqqqqdqdddqdqddqddddqqdddddqqddqqqqddqdqqqdqdqqqqqqqdddqqqddddddqqqddqdddqqqqqdqddqdddqdddqqdddqdqdddqqqqqqdqqdqdddddqqddqqqqqdqdddqddqdqqqqdqdqqqqddqqdddddqddddqddqddqqdqqddddqdddqqdqddqdqddqdqqqddqdqqddqdqqddqqdd
ppbbpbppbbppbbbpppbpbpbppbpbbbbppbpppbpppbbbb8pbpppppbpbpbbpbbpbpbbbpbpbbpbbbbpbbbbpbppbbppppbbbbbbbp3qdddddddqqqqddqqdqddddqddddqddqdqdddqdqddqddqdqdqqqqqdqddddqqqdqqqdqqddddqdqqdqdqdqqqdddqqddqqdqddqq
pbpbbpppbpbbpbbppbpbpbbppbpbppbbpbpp8pbpbpb2pbpppp1bbp1pbbbbbbbpppbpbbbppppbpbbbppb2pbpbbbbbbbbpbpbbppppbpppbbpbbbbpbbp5bbbppbppbpbbpppb0pbppbppbpbbbppbppbbppbppbbbbppppppbbpbpbppppbbppbbbbpppbppbpbbbbbpbbpbbpbpbppbbpppp6bpppppbbpbbpppbpppbbpbbpp2qqddqddqqqdqqqddqddqqqqqdqqqqddqqdqdqddqddqdddddqdqqdqqqddddqqddqqqqdqdqddqqqqqqddddqqdqqddqqdqqdddqdqqdqqdqdqqqddqdqqdqqdddqddqddddqddqqqdqqqqddqdqddddddddqdqdqqdddqdqqqqdddqdqqqdddddddqqddqqqqdqdqdqdqqqdqddqqdqdqqddqdqdqqddqddqdqqqddqdq
ppppppbpbpbbbbpbbbpbpppppppbpbpbbpbppppbbpbbbbpppbpbpppbb0p4bbpp1bppbbpbpbpppbpppppbbbbbbbppbpppbbppppbpbppbbppppbpppbbbbpbbppbppbbppbbpbbbbbppppbppppppbpbpbbbbpbppbbbppppppbbpbpbbpppbpbbppppbp3pppppbpbppbbpppppppbbbppbpbbbbpbbbbppbbp2qddqqddddqddddqdqqdddqqqqqqqddqqdqdqqqqqqdqqqqddqdqqqddqdqddqqqqqqdddqqdqddddqdqdqqqqqqdqqqqdddddqddqqddqqdqqddqddddqqqdqqqqddqqdqdqqqqddqqqdqqdddddddqqqqqdqqqdqdqddqqdqqddqddqqqdqdqqqddddqddqqqqdqddqdqdqqqqqqqdqdddqddddqdqdqqqqqq
pbppbppbpbbpbpbbpppbbbbpbpbpppbbpppbbppbppbppbbpbbppbbbbbppbpppbbppppbbpbpbbbpbbpbbppppbpbpbbppppppbpbbpbbbppbpppppbbpbbbpppppbpppbbpppbpbbppbpbbpppbpppbpbpbbpbbbpb6pppppbpppbpbbbppppp9qqqqqdddqdqqqdqqqqqdqdddqddqdqdqqqdqqqddqdqqddqdqqqddqqqdqqqqqdddqddqqqqqdqqdddqddqdqqqqqqddqdqdqqqqddqddqdddqdqddqqqqddqqqdqqdddddqqddqddqqdqqdqqddqqqddqqqdqdqddddqqqddqdqddqdqqdqqdq
p8bbbbbbppb4dqbppppbppbpbpppbbbbbbbbpbbppbbbppppbpbbbbpbppbppbpp7pbbbpppbbb8dpppbbpppbpbbbbbbpbppbppbbbbpbpbbppbbbppppbbbppbbpbbbppppbbbbbpbppp8qqqbpppbbbppbpbbpbpbbbpbbppbpbbpbbbbbbbbpbpppbpbppbppppppppppbbpbpbbpp4qqddqdqddqqqqqqqqqqdqqdqdqqqdqddddddddqddqdqqddqdddqdqddqdqqdddqqqddqdddddqqqqdddqddqqdddqqqqdddqqddqdqddddqqdqqdqddddddqdqqqddqqqddqqqdddqqqdqqdqqdqddddqdqqqqdddqqddqddddddddqqqdqdqqdqqqqdqddddddq
bpbbbpppppbpppppppbpbbbpppbpbpppppbp7pppb2pbbbb7bbbpbppbppbbpbppbpbpppbbbpbpbbbbpbpppbbbpbpbbpppbpbbbppbpbpppbbpbbpbbbpppbbppbppbpbbpbbppbppbbbpbppbp4bbpbbbbbpppbbbppbbppbpppbppbpppbppbpppppbbppbbpppppbbbpbppbpbppbpbp9qdqdqqdqdqqdqdddqqqqqddqqddqqqqqdqqdqqqdqqdqqqdqqddqqdddqqqdddddqddqdqqdqdddqqdqqddqddqdqqdqqddqqqdddqddqddqqqdqdqqdddqdqqqddqdqdddqqqdqddddqdqdddqqqdqdqqdqddqqdqqdqdddddddqdqqqqdqqqqqdqdqqqdddqdqqqqqqqdqqqqqdddqd
pppbbpbppbbpbbppbpbbbppbpbbpbpbbbbbppbbbpppbbbbbbb2pbbpbbbbbbpppbpbbbbpbpbpbbpbbbbppbppbpbbbbbppbpbbpppbpbbpbbppbpbbbppppbpbbpbbbpppbbpbbpbbbbbppbbpppbppppbpbbpppbppbpbpp2bpbpbbbppppppbpb8ppbpbppppppppbbpbpbpbppppbpbpbbpppbbbpbbbbppbbpppbbpp7qqddqqqddqqddddqdddqqqddqdqdqqqqdqdqdqddqqqqqqqqdqdqqdqdqqqqqqdddqdqdqqdqdqqdqqqddqdqqqqdqqqddqqdddddqddqddqqqdddqddqdqqqqdddqdqqddqddqdqqqddqdqqdddddqdqqdqqddddqddqdqdqddddqdqqqddddddqddqdddddddqqqdddqqdddddqdqddqdqqdddqdqqddqddqqdqddqqq
pppppppbpbbbp8q8ppbbbbbpp5qbbppbbbpbb4bpppbbbpbppbbppbbbbpbpbppbbbpbpppbbbpbbbppbppbpbbpbpbpbppbpbppbppppppbbpbbbpbpb5dqdppppbpbppppbbbp0bbppbppbbbbbbbbbbb4bppbpbppbbpppbppbbpbbbppbpbbppbpbbbppbbbppbpbpbbppppbbpbbbbbbpbbbbbbppbbbpbpb6dqdqdddqqddddddqddddddqddqqqqddqdqdqqdddqqdddqdqqddqdqqdddqddqqdqqqddqqdqdqqddddddddddddqqdqqddqdddqqqqdqdqqqqqdddqddqqqqqqdqqdqdqqdqdqdqddqdqqdqqdddqdddqqqdqdddqqdqdqddddqqddqqdqdddqqqdddqdddqqddqdddddqqdddqdqqqqqqq
bpbppppp5pppbpbppbbbpppppbpbpppbbbbpbbpbbpbbpbpbbpbbppbbbbbpbpbbp3bbbppbbbpbbpbbpppbbpbpbbbbpppbbbpppbppbbpbppppbbbpbbpbpbpbpbbbbbbbbbppppbbpbbpppbpppbbppppbbpbppbbpppbpbbbp1pbbbpbpppbpbbpbpbpbppbpbbbbbpbbpbb6bppbbbpbppppbppppbbbbbpbpbbpb7bbpppbpbpp1qqdqdqqqdddqddqdqdddddqqqqdqqqqdqdddqqdddqddqdddddqdqqdqdqdqddqdqqqdqdddqqdddqdqqqddqqdqddqqqqddqqqdqqqddqddqqqqdddddddddqdqdqdqddqdddqqqqdqddqqdqqqdddqqqddddqdqddqqqddqddqdddqqdddqddqdqdddddqqddqddqdqddqddqddqddddqqqdqdqqqqqdddqqdqdqqqqqqqqdqd
pbbbpppbbpppbbbpppbbbpbbbbbbbbppppbpbpbbpbbpbpbp2bbbpbpppbppbbbbbbpb9bbpppbbpbbbbbpp2qqpppbbbppbpbpppbbbbbbpppbpbbpbbpbppbpppbp4bbbbpbpbpbpbpppbbpppppbbbbppbppbpbpbpppbpbbbbbbbbbpbbpbbbp5qbppbbpbppbpbpbbb2ppbbbbpppb4bbpbpbpbpbb8ddqdqdqdqdddqqqddddqqdddqdqdqqdqddqqddddqddqdddddddddqdqqqdqdqdqqdqqddddqqqqqddqqqdqdqdqdqddddqdqqqdqqdqddqddqdqqqddddddqqqdqdqqdddqqqdddddqddqqqdddqddddddqqdqqqdqdddqdqdqddqddqdqdqqqqddddddddqdddqqqdddqqqddqqqdddq
pbbbppbppbbbbbbpbbppbpppbpbppp9qbpbpbbpbbpppbppbppppbbpppbbpbpbppbpbbbppppppppbpbppbpbbbbbpppbbpbpbpppppbbbpbppppppbpbpp8bb9bpbbpbp7p9bbbpbppppbbbpbbbbppbbbpbbbbbpbpbppppbbbpbppppppbppbppbb4ddppbpbpbpppbbbbbbpbbpppbppbpbppppbpbpbpbp9ppbpbpppbbbbppbppbbbpbppbbppp3pbbppbbppb4dqqddqqddqqqqddqqdqdddqqdqqddddqqqdqdqqqdqdqdqdqqqqdqdqqdqqqddqddddddqqqdqdqdqqqqdqqdqqqqqqdqdddqqqqdqdqdddddqdddqqddddqdddqqqqdqdddqqdqddqdddqqdqdqqqqqqdqdddqqqqqdqdqddqqqdddddqdqqdqdqqqqqqqqdddqdqqdqdqddqqqddqqqqdqqdqqqddqddqdqdqqdqdqqqdqqddqddddddqqdqqdddq
bpbbpbpbbbpbbpppbbppppbpbpbpbppbpbbppppbbbpbpbppbpppbpbppbbppbbpbbpbbppbpbbbpppbbbbbbpbpbppbbpbbbpbbbpbppbppbppbppppbbbppbbbpppbbbpbpppppbbpbpbbpbbppbbppbbpbbbppbppppbppbbbbpbpppbpbbbppbbppbbb4bbbbpbppbpppbbbppbpbbbbbpp4pbbpppbpppbpbpbpbbpbppppbbbbpbppppbppbbpbpbpbpppbb8ddqqqdqdqdqddqqdqqqqdqddddqqqqdqddqdqdqdqqqdqqqddqqqdddddqdqqdddqqqdqqdqdddddddqqddqqdddqdqqqdqddddqqdqqqqdqqdddqddqqddqqddqddqdqddqqqqqdqdddqqqdddqqdddqqqqdqqdqqdqqdqdddqdddqddqqdqdqddddddqqqdddqdqqddqddqddqqddqqdqdqqqdqqdqdqdddqqqqddqdqqdqdqdqdqqqqddqqqddqdddqdqddqd
pbbpbbppbbbbbppbppbpppbpbppbpbbpbpppppbbpbpbppbbpbppppbbppbbbpbbpbpbpbbb4ddbbpbppbbpbpbbpbbbbbbppbpbbbbpbbppbbpbpbbbbpbbpbppbbbbbbbpppbbbbpbppppbbbbbppp4qpbppbpbpppbbbpppbpbpppppppbppbb3pppbbpbbbbppbpbbpbpbbpbbpbbpbpppbpbbpppbbpbbpppp7qpb7dqqqqddqddqqqddqdqqqdqddqddqddqdqddqdqqddddqddqqqddqqdqqqqqqqdqdqqqdddqqqdqdqqdqqqdddddqqqqdqddddqqqdddddddqqdqddqddddqdqddqqddqddddqdqqddddddqddqdqddqqdqdddqdqdqddqdddqqddqqqqdqddqqdqdqddqqqqqdqddqdqqdqdqqqdqqdqqdddddqqddqddq
pbbbppbppbbpppbpbpbbbbbbbbpppbpppbppbpppbbbbpppbpbpbpbppppbbpbbbbppbbbpbpppppbppppppppbpppbppppbbbbbbbbbpppp8bppbbbpbpp9qqdbbbppbbpbppbbbpbpbpb5dbbpbpbbbpbbpbpbbpbp8qdqddqdqddqdddqdqddqdqdqdddqqdqddqqdddqdddqqdqqqqdddddddddqqqqdqqqdqqqqqqqqdqqqqqdqdddqqddddqddqqqqdqdqdqdqqqddddqqqdqqdqqqdqqqddddddddqdqdqqqddqqdqqdddq
bpb7pppbbbbbpppbbppbbppbpbpppppppbppbppbpbppppbbppbbpppppbpb4dbpppbbp9ppbpbpbpbbbbbppbppbppbppbbbbppbbbpbpbbbbppbbpbpbbbbpppbbpbpbbpbbbbppbppbbbpbbbbpbpb4pbbbppppppp4qqqqqqqdddqdqdqddddqdddqqdqqddddqddqdqddqqqddddqdqddqqddddqdqdddqqddddqqdqqdqqdqqdddddqdqdqdqqqddqqqdqdqqqqqddqqddqqqqdqdqqdqqdqqqqqqqdqdqqddqqddqqqdddddqqqdqd
pbbbpppbppppbbbppbbpbbpbpppbppbpb7dqppbpppbbpbbbpbppbppbbpbbpbbp0bbpbbpppbppbpbpbpppppppbpbbppbbbbbbpbbbbppbpbpb0ppbpppbpbpbpppbbbbbbpbppbpbbppppbbbppppbpbbpppbbppbpbpb0pbppbpbpbpbbbppbbppbpp7pbpbpbbbpppppbbbppbppbpppbbpppppbpppbppbbppbb6ddqqpbpbppbbbbpbbppbbpbpppbpbpbbbpppbppppbp7qdqqqqdqqqdddqdqdqqqdqddqqddqddddqqdqdqddqqdqqqdqqqqqddqqqdqqdqqdddqqqqqdddqdqdqqqdqqddqqdddqdqdqdqqdqdqdqdqqddqqqddqdqqqqdddqqqqddqdqqdqddddddqqqdqdqdqqqdqqdqdqdqqddddqddddddqqddqdqqqqqqqdqdqdqqdqqqddqddqddqddqddqqdqqdqdddqddqqqdqqdqqdqqqdqddqddqqdddqqqqdqqqdddq
pbppbppbbpppbppbppbbpppbbpb9dppbpppbbpppbpbpbppbpbbpbbbppbpbppbpbpppppbbpppppbbbbbpbbbpbppbpbpppppbbbbppbbbpppbbpbpppbbbbpbppppbppbbpbpbbbpbbpbpbppbpbbpbbbpbbbpbbpbbpbppppbpbbbpbbpppbbbpppbppbpbpbppbbpbpppbbbppppbbbppbbpbpbbpppbppbbpppbbpbbbbbbpbbpbpbpbbbppbbbbbppppbbpbbbpppb4dqqqdddqddqqqqdddddqqdddqdqdqddqddddddqddqqqddqqdqqqddqdqddqqdddqqqqdddqqqdqddqqdqdqdqqdqqqdddqqqddqdddqdqqqqdqddqddqdddqdddqddqdqqdqdqddqdddqdqddqqdqqqqdqddddqqqdqddqqqdddqqddddqqqqqdqdqqdqdddqdddddqqqqqddqqqqqdqdqqdqdqqdddqddqdqqdqdqdqqqddqqqdqqqddqqqddqqdqqdqqqddqqdqqdq
bpbbbppbbbb8bbpbbppppbpppppppppbpppbpbbpbppbbppbpbbbbbpbbbbpbppbbpppbbpbbbbppppbppbpbbpppbppbpbppbbppbbbbpbbppbbbppbbbbppbbpb1ppbbp6bbpppbbpbbbbppbbppppppbb8pbbpppppppbbppbppbppb2d5pbpppbbbbpbpbbbppbppbppp1qpbpbpbpbbb5dddqdqdqdqqqdqqdqqdddqdqddddqqqdqqqdqqdqqddqqqqqqqddqddqqqqqqddqqddddqddqqqddqddqqdqddqqddddqqdddqqddqddddqqddqqdqdqqdqqqddqdqqdqqqqddddqddqqqddqqdqddddqdddddqdqqddqqdqddqdqqqdqqqqqqqqqdqqqqddqddddddqqdddqd
bbpbbbppbpbpbbpbpbppppbbbbpppbpbbbppppbppbp7qdqbpbbppbpp5bpbpbppbbbbbppbbbbpbbbbpppbppbppbpp3bppbpbbbbbppbbbbpbbbpbbbppbpbbpppbpbbbpbbppbbbbbpbppbbpbppppbp7bbppbppbpppbppbbbbbpppbpppppbbpbpppbppbpppbbbpbpbpb9dqdqdqdddqqqdqqdqqqdqddqqqqqdqqqdddddqqdqqqdqqdqqddqdqqqqdqddqqdqdddddqqddqdddqdqqqddqdqqdddqdddqddddqqdddddqdqqdqqdqqdqqdqqqddddqddddqqdddddqqdqdqdqqdqqddqdqdqqqqdddqdqqqddddqqqqdqdqddqdqdqqdddqdd
bppbbbpbbbbbppb5ppbpbpbpbbbppppbbbpbppppbpppbpppppbppbbbbppppbpbbppppbppbbbpbppppppbbpbbbpbbbpppbppbbbbbpppppbpbbbpbppbpbpppbpppbp8bbppbpbpbppbpbbpbbpppbbppbbbpbppbbbpppbpppppbbbpbppbppbbppbbpbbpbpbbbbbppbpbbppp3qqqddqdqqdddddqdqddqddqqddqqdqqdqdddqqqqqdqqqdddqqdqdddqqddqqqddqddqdqqdqdqdqqddqdqqqdqqqdqdqqdqdddqdqqqqqdddddqqdqqqdddqdddqddqqqqqqdqdddqqdqqqqddqdqqqqddddqqdqqqqqdqqqdqqqqdqdddqqqqdddqdqdqdqqdqqdddddqdddqqd
bpppbbpppppppp7bbbppbbpbbbpppbpbpppppbbbbpbbbbbpppbbppbpbbbbbppbppbpppbpbppbpbpbppbbppppbpbppbpbppbpppbbbppbbpbpppbpbbpbpbpbbbbppbppbpbpbbpbbbppbbpbpbbbbbbppbbbbbpbbpppbpppppbbpbbbppbbbpbppbpbbbppbbpbpbbbbbpbbbbpbbbbpppbppbpbppbbp6b8dqddqqdqdqqdqqqddddqddddqdddddqdqddqqdddqdqqdqdddqqdddqddqqqqqdqqqddqdddddqqddddddqdqddqqdddqddqdqdqqdqqddddqdqdqddqdqqqdqddqqdddqqqdqqdqdqqdqdqqqqddqqdqdqdqqdqdqqqdqqdqqdddddqdqqddqqqdddddqddddqqqqqdqdqqqdddqddqqdddqqqqqqqqddqqqd
bbppbbbppppppbpbbpbppp4bbbpbbbpb1db0bppbbppbpbpbppppbpbbpbpppbbbbppbbbbbbppbpbpbbppbppbbbppbpbbbpbb4dppbppbppbppbppbp4bppbbpbppp7qqbbbppbpbbpppppbbpbpbbpbppbpbpbbbbbbbpppp6qqpbppbpbppbbbppppbbbppppbpbbpppppbbbppbpbbppbbppbppp3bbbbpp8qqddddqqqdqqddqqddqdqqdddqqqqqddqdqqqqdddqqqqdddqqdqdqqdqqqdddddddqdqdqqdqddqdqddqqqqqddqdqqdddqdqddqqdqdqqdqqdqqdqqdqqdqdddqdqqdddqqdqqddqdqdqqddddddqqddddqqqdqddqdqqqqdqdqdqqddqqddqdddqdddqqqdqddqdqqqqqqdddqqdd
ppbpb7dqppbppbbbb7bbpbb8bpppbpbppbbbbpbpbppbbbpbbpbbbpppppppbpb7bbpbpbpppbpbbbpppppp8bbbpbppppbpbbppbbppbbbbbbpbppbpbb0dpbpbbbbbbbbppbbbpbpppbpbpppbpbp7pbbbbppppbpbpbbbbpbppbpbbpbbppppppbbpbbbbbppbbbpppppppbbppbbbpbpp9qqdqdddqqddqqqqqqqdddqqdddddqddqqqqqqddqddqdqqdqddddqdqdqqqqddddqqdqdqqqdqdqqqdqdddqqddddddddqdqdqdqqdqddddddqqddqqddqdqqqqdqdddqqqqqqdddqdqqqdqdqdddqdqqqqqqqdddqddqdddqqdqdqddddqqdqdqqqdddqddddddqqdqqdqq
pbpppbppbb2pb7bbpbppbbbbppppbbbpppbpppppbbppbbppbpbpppbbpbbpbbpbpbppp50qqppppbpbpbppppbb9bppbpbbpbbbbbp1qdppppbbppbbbbp6b6pbbbbbbbbpbp4qp4bppbppbpbpppbbbbbpbbbpppbbbbppbpbbpbbpbbbbbppbpbp6bpbppbppbpbbbbbbpbpppbpbpbbpbbpppppbbpppbbbppbpbpbpbbpbpbpbpp4qqdqdqdqddqdqdqdqqdddqqqddqqqqqddqddqdqdqqqdqddddddqdqqdqqdqdqdqdqqdddddqddqddqdqqddddqqqdddqdddddqqqdqdqqdqqdqdqddddddddqdqddddqqddqqqqddddqddqdqqdddqqqqdqdqdqqqqqdqdqddqddqddqqqdqdqqddqqddqqqqqdqqqdddqqqqddddqqdqdddqddqqdqqqdq
ppbbppppbpppbppbpbbbpbpppbppbbbppbppppbbbbbpppbbppppbbp8qdbbbbbpbpbpppbppbbbppbbppbpbppbppbbbbpppppbppbpppbbpbppbpbbppp5qpppbpbbbpbpppbpbppppbppbpbppbbpbpbbppbpbpbppbppbbppbb5ppbbpbppppbbbbpb9ppbppbbbppbbppbbpbpbpppbpbbppbpbbppbbppbpbpbbbbbpbbbppbbpbpbppppp5pp9qqqqqqqdqdqddqqdddqdddddqdqdqqddqqddqdqqddqdqqqdqdqddqqddqqdddqqdqqdqddddqqqqdqddqqddqqddqqdqqdqdqdqqddqdqddqqdqdqqdqqqqdqdqqqdqdddqdqqqqqddqdqqdqddqqqdqqdqqqqqddddqqdqqdqdqqddqqdddqqdqqqdqdqddddddqqqqddqqqdddddqqqqdqqdddqqdqqqdqdddqdqqdqqqdqqqqddqq
bppppbbppbpbpbpppppppppbbbpbbpbpbbbbbppbpbbbpbbbpbpbpbbbbbbbppbbpppppbpppbbpbpbpppbppbpbpbppbpbppbbpb6bpppbpppbbpppbppbbbppbpbppbbbpppbppbbbpbbbpbpbbbpppppb4ppppbpbbpbpbbppppbbbppbpp7bbpbppbppbbpbppbppbbpppp0qqqqddqqdqqdqddqqdqqdqddqqdqqdddqqqqddqdqddqdqqqqdqqqqqdddqdqdddqdddqqdqqqdddqqdqdqqdddqqdqqqddqqqdqqqddqddqqdqdqqdqdqdqqdqqqdqdqddqqqdqqqqqddqqdddddddqdqdqdddqdddqdqqdddddqdqddqdddqqqqqqqqqdqdqdqqddqqqqd
pppppbbbppbbpbbbppppbpbbppppbbbbpppbpppbpbpbbbbbbppppppbbppbpppbbppbppbpbbpbbbbpbpbppbbppbpbbpppbbpbpbbbppppbpppppbppppbbppbbppppbbpppbbbbbbbbpppbpbbbpbpbp9pbbb0dddqqdqdqdddqdqqqddddddddqqqddqqqqddqqddqqqqdqqqqqdqqqqdddqdqddqqqddqdqqddqqdqdqddddqddqdqqdqqddqqqdqqddqqqqqqddddddqdqdqqqdqqqddddqqqqddqdqqqqdddqddqqdddqqqqq
ppbp9bpbpbpbpbp5bpppppbpbbbpppbbbpbpppbppppbbbpbbpbbppbpppbbbp8qdpbbpbpbbbbbppppbbpbbpbbppbbpbbbpbbpbbpbpbbbbpbbpppb68bpppbbbbbbpppppppppbpbbpbppbbbppbbpppbpppppbbppbpbppbbpbpbbbb6bpppppbbbbbpbbb7ppppbbpppppbbbbbppbpbbpbpppbbbbbppbpppbppbbbbpppppbppbbbbbbppbpppb8dqqqdqqddddddqqdqqqqqddddqqdqqqdqqdddddqqqdqddqdqqdddddqqqqqddqqqqdddqdddddqqqqqdddddqdqddqqdqdqqddqqqqqdqqqddqqdddqqdqddqdqqqqqqqqqddddddqqqddqqqddqddddqdqddqddqdddqddqqddqddqddqqqqdddddqdqddqddqqqdqqddqddqdddqqqqdqqqdqdddqqqdddqdqqqqqdqdqdqdqdqdqdqq
bb1ddpbbpbbbpbppbbpppbpbpbpppbp0qdbbppp6bbpb0pbpbbpppbpppppbbbbbbbppppbppbpppbppbppppbbpbpbbbbppppbbpbbbbppppbpppppbpbpbpbppbbpppbbbbbpppbpbbppbppbbpbpppbbbppppbbbpbpbpbpbbpbbbpppbbpp8bpppppppbppbbpppbpbbbp1pbbpbpbpbbbbppbpbbpppbpb7dqdqqqddqdqqddddqdqdqddqqdddqdqqqddqqdqqqqqqqdqqddqqqdddqddqdqdqdqdddqqqqdddqqqdqddqqdqqddqdqqqdddddqqqddqqdqdqdqdqqqqqdqqqqddddqddqqqqddddqdqddqqqqdqqdqqqdqqdqqqqdddddddqqqqqdqqqddqdqdqddqqqddqqqdqdqdqqqddqqdqdddqddq
pb9ppbbpbppppbbbbbbppbbpppbbpbbbpbb8pppbbpp0bbbpbbbbpbpbbbbpppbpppbbppbpppppppbbppppppbbbbbbpb0dqpbppbpbbpppbpppppbpppbpbpbbpppbbp4pbbbppppbb1ddqqqqdddqqddqqqddqdqdqqqdqqqqqdqqqddqdqqdqddddddqqqqqqddqqqqqqqdqqddqqqdqqqddddqdqddddqdddqqddqqqddqdddqddqqqddqqddddddqqqqdqddqqdq
bppbbppbpbppb3pppbbbbbppppppbbbbpppbbbbbbbpppbbbppbppbbpbbbbppbpbbpppbpppbpppb6pppbbbpbbbpb2dpppbpppbppbpbppbpppbppbppbbpppbbpbpbbpbbbbppbpppbpbbbpbppbpbbbbbppppbpbbbbbbpbbppbbpppbppppbpppbbbpbpbppbbbbbbbbpbbbbbbbbpbppbppbpbbbppppppppbpp8qqdqqqqqqqqdddqdqqdqqdqddddddddqddddddddqqdqdqdddqqqdqqqqdqqqddqqddqddddddqdqqqqdddddqdqqdqdddqdqqqdqqddddqddqdqddqqqddqqdqqdqqqdqqdqdqqdqqqdqqqqdddqdddqqqdqqqdqqqdqqqddqdqqddddqddqqdqqdddqqqdddddddqqqddddqqqqqqdddddqqqdqqdqdqqddqqd
bpb1bpppbbbbpppbpbpppbbbbp0ppbpppppbbbbbpbpbbbbbppbpppbppbbbbpbppbpppppbpbbbbbpbbpbb1bbpbbbbbpbpbbpppbbpbpppb1dbpbpbpppbbppppbpbpbpbpbbbbpbppppbpbbbbb7pbbbpbppppppbbbbbbbpbpp9pbppbbbbbpbpbbbbbpbbpppb8bbpbbpbppbppb9dqqdqqdqddqdddqqqddqdddddqdqdddddqqdqqqdqdddddddqqqqqqdqdddqdddddqdqqqqdqddddqdqdqdqdqqqqddqqqdqdqdqqqdqddqqqddqdqdddddqddddqddqdddddqdqqqqqdqqdqddddqqdqqqdqqdddddqdqdddddqqqqqdqqqddddqqqdqdqqqddddqqqddqd
bbbppppbpppbpppbbpppbpbpbbbppbbbppbbbbbpbbpppbp5bpbpbbpbbppbbbbppbbbbpbpbbbppbbbppbpbpbbbpbpbbpbbppbbpbppbbbbbbb2pbbbpbbpbppbpbpbpbpbbb2ppbppbpbpbpbpbbbppbbpbbbppbpbpbpppppbbppbpbbpbpppbbpppbpbppbbpbppbbbpbpbpbpbbppbbpppbpppbpbbbbbbbbbbbppbbppppbbpbpb3dbbbbbppbpbpbbb1dddqdqdqqdddddqdqddqqqqddqqdddddddddddqdqqqdqqqddqqddqdqdqdqdddqqdqddqqdqdqqqddqqqdqddqdqqddqqqqqdqdqdqqdddqddqqdddqdqdqdqdqqdqqdddqdqdqdqdqqdqddqdddqdddddddqqdqddqqddqddqdqdddqdqdqqdddqqdddqdqddddqqddddqqddqddqdqdqdqqqddqdddddqqdddqqdddqdqdqqqddqqqdqqqdqqqqddd
bbbbbppbppbppppbpbpbppppbpbpppbpppbpbppppp6pppp4bbbppbpbppppppppbbbppb6dqqdddpbbppbpbpbppbbpppbppbpppbpbppppbpbppbbppbbppb7dpbbpbpp4qqbbpppbppbp7qdbbpbppppbbbpbpbbp6pbbpbppbbppbbbbpppp8pbbbbppbpbbpbppppbbpppbpbppppp0pp3ppbbbbpppb4dqqqddddqqqqqqqqqdqdqqqddqqqqdqddqdqqddddqqqqqddddqqddqqdqddqqddqdqdddqqqqdqddqqdqqqdddqddqqqddqqddqqdqdqqqqdqdqqqdqqdqqqddqqdqdqdqqddqqqqqqqqqdqdqqdddqqqqqqqqqdqdqqqdqqqdqdqqqqdqdqdqqqqdqqdqqddddd
bbbbppbppppbbpbbppbbpppppbbpbbbbpbbb3bppppbppbbppbbppbbppbbppbbbbpbppbpb2pbppppbppbbpbbpppbpbbbpbpbppppbpbppbbbbppbpbbpbpbp6qdbbpbpbpbbbbbpbpbbpbbpbbppbbpbpbpbpbbpbpbbbpbbbppppbpppbppbbppbpbppppbbbpbbpppbbppbp0qdb1dqqddqqqddqdddqqqqdqdqqddqqdqqqdqqqqdddqdddqdqddqdqdqdqddqqddqddqddqdqdddddqdqdqddqdqddqdqqddddqqdqdqqqqdqdqdddqdqqqddqddqqdqqqqdqdqdqqdqddddqqddqqddqqddqqddqqdqqqqddddqddddqddqqqqqddqqddqddqqqqdqqdddd
pbbbpbbbbbbbpbbpppbbbbbpbpbbbpbpbpbbbbpppbbpbbpbpbpbpbpbppbpbbp9bpppppbpbpbppbpbbppbbppbbb8bbppbpbbbbbbpbbbbbppbppbpbpbpppbppbppbbppbbpbppppppbbbbpppbpbpppbbpbppbpppbppbb1ddqqdqqqdqqdqddqqqdqdqqqddddqqqqqqdqddqqddqqdqqdqqqdqdqdqqdqqdddddqddddddqdqqdddddqqddqqddqdqqdqdqdqqqqqdqddqdqqdqdqdqdqdqddqddqqqddddqdqdqdddqdqdddddqqqddqdddddddqdddq
pbbbbbpbb3ddqdddddq
bbbbppbbbppppppbpp3p3bbbbppppppppbbbbpbpbbbbpbbbpbpbbbpbbpppbpbbbbbbbpppbpbpp5bbpbppbpbbbpppbbp0pbbbbppppbpppbppbbpppbppbpbbpppbbbppbbpbppbppbpbppbbbbbbpbbb1bpbbbbbbbpbpbpppbppbppbbbpppbpbpbpbbbbbbbbbbppbppppbbbpbbbpppppbpbpb6dqdqdqqqqqdddqdddqqqqdqqddddddddddqdqdqdqqqdddqqdqqdqqqdqdqdddddddqddddqddddddqqdqdqqdqqdqddqqdddqqqddqdqqdqqqddqqdqqqdqqqqddddqqddqqqdddqdqqdqddqqdqdqqqdddddddqdqqqddqdddqdqdddqddddqdqddddqqqqqqqqddddqqqdqqqqqqdddqqdddd
pppbppbppbpppbbpbbppppbbpppppbpbbpbpbbbbbbpppbbppbppbppbbpppbbppbppb1bbbpbpbpbbpbbppppbpbbpbbppbppppbpbbbppbpbppbppppbbbbbbbpppbpbpbpbbbpbpbbpbbbppbbbbbppppbpbppbbpbpbbbpbbpppbbbpbbpbbbpppbpbpbpppppppbbpbbpppbpbpbbbpppppppppppbppbpbppbbbppbbpb4dqddqqdddqqdqdqqdqqqqqqqqqqqdddqdqdqqqddqddqqqqqqqdqdqdqqqdddqddqdddqqqddqdddqdqddqqdqdqqqqdddddqqdddqddqdqdddqdqdqdqqqdddddddqqqqdqqdqdqqdddqdqqqqdqqddqddqdqqqqddqddqdqdqddddqqdqqddqqqddqqdqqdqqddqqqddddddqdqddqdqqqqqddqqqqddqddqqqdqqdqqdqqq
pbbppppp7qq0pbpbbpbbppbbpbbbbbpbpbpppbbbppppbbppbbpbbppbbbbppppppbbbpbpbppbpbbbb0ppbpbpbpppbppbpppbpppppppbppbbbbpbpbppbppbbbpppbbbbbpbpbp7pbp0pppbbpbpppbpbbbppppbbpbpppppbbp7qddpbbpppbbbpppbbpb2bpbbbppppbbbbpbpbpbpbppbpbppbbp6bpbpbbppbpbpb5dqdqdqqddqdqdqddqqdqdqqdqdqdqdqddddqqqqdddqddqddqqqdddqqqddqqqqqqdqddqqqqdddqdqqqdqddqqqqdqqdqdqdddddqqqdddqqdqqdqdqddddqqdqqqqqqqdqqqdqqdqqqdqdqdqqddddqdqqdqdqdddqqqqqqddddqqddqddqqddqqqqdddqqqdqdqdddddqddqqddqddqdqqqqddq
