>lmth<
>daeh<
>eltit/<ecneliS kaerB ot emiT A :rJ ,gniK rehtuL nitraM>eltit<
>daeh/<
>ydob<

>1h/<ecneliS kaerB ot emiT A :manteiV dnoyeB>1h<

no ,.rJ ,gniK rehtuL nitraM .rD yb dereviled hceepS>me<>p<
>p/<>me/<.ytiC kroY weN ni hcruhC edisreviR eht ta ,7691 ,4;psbn&lirpA

>p/<:nemeltneg dna seidal ,namriahC .rM>p<

,thginot ereh eb ot ma I dethgiled yrev woh yas ot esuap ton deen I>p<
tuoba nrecnoc ruoy gnisserpxe uoy ees ot ma I dethgiled yrev woh dna
egral hcus ni tuo gninrut yb thginot dessucsid eb lliw taht seussi eht
erahs ot ronoh taerg a ti redisnoc I taht yas ot tnaw osla I .srebmun
dna ,lehcseH ibbaR dna ,regammoC .rD ,ttenneB .rD htiw margorp siht
dnA .noitan ruo fo seitilanosrep dna sredael dehsiugnitsid eht fo emos
eht revO .hcruhc edisreviR ot kcab emoc ot doog syawla s'ti esruoc fo
tsomla ereh gnihcaerp fo egelivirp eht dah evah I ,sraey thgie tsal
gnidrawer dna hcir a syawla si ti dna ,doirep taht ni raey yreve
>p/<.tiplup taerg siht dna hcruhc taerg siht ot emoc ot ecneirepxe

ym esuaceb thginot pihsrow fo esuoh tnecifingam siht ot emoc I>p<
gniteem siht ni uoy nioj I .eciohc rehto on em sevael ecneicsnoc
eht fo krow dna smia eht htiw tnemeerga tsepeed ni m'I esuaceb
nemyaL dna ygrelC :rehtegot su thguorb sah hcihw noitazinagro
evitucexe ruoy fo stnemetats tnecer ehT  .manteiV tuobA denrecnoC
ni flesym dnuof I dna ,traeh nwo ym fo stnemitnes eht era eettimmoc
nehw semoc emit A;ouqdl& :senil gninepo sti daer I nehw drocca lluf
ni su rof emoc sah emit taht dnA ;ouqdr&.layarteb si ecnelis
>p/<.manteiV ot noitaler

hcihw ot noissim eht tub ,tbuod dnoyeb si sdrow eseht fo hturt ehT>p<
sdnamed eht yb desserp nehw nevE .eno tluciffid tsom a si su llac yeht
rieht gnisoppo fo ksat eht emussa ylisae ton od nem ,hturt renni fo
namuh eht seod roN .raw fo emit ni yllaicepse ,ycilop s'tnemnrevog
fo yhtapa eht lla tsniaga ytluciffid taerg tuohtiw evom tirips
gnidnuorrus eht ni dna mosob nwo s'eno nihtiw thguoht tsimrofnoc
yeht sa gnixelprep sa mees dnah ta seussi eht nehw ,revoeroM .dlrow
eht no syawla era ew ,tcilfnoc lufdaerd siht fo esac eht ni od netfo
>p/<.no evom tsum ew tub ;ytniatrecnu yb deziremsem gnieb fo egrev

eht fo ecnelis eht kaerb ot nugeb ydaerla evah ohw su fo emos dnA>p<
fo noitacov a netfo si kaeps ot gnillac eht taht dnuof evah thgin
si taht ytilimuh eht lla htiw kaeps tsum eW .kaeps tsum ew tub ,ynoga
tsum ew dnA .kaeps tsum ew tub ,noisiv detimil ruo ot etairporppa
s'noitan ruo ni emit tsrif eht si siht ylerus rof ,llew sa eciojer
nesohc evah sredael suoigiler sti fo rebmun tnacifingis a taht yrotsih
hgih eht ot msitoirtap htooms fo gniysehporp eht dnoyeb evom ot
dna ecneicsnoc fo setadnam eht nopu desab tnessid mrif a fo sdnuorg
ti fI .su gnoma gnisir si tirips wen a spahreP .yrotsih fo gnidaer eht
yam gnieb renni nwo ruo taht yarp dna stnemevom sti ecart su tel ,si
yaw wen a fo deen ni ylpeed era ew rof ,ecnadiug sti ot evitisnes eb
>p/<.su dnuora esolc os smees taht ssenkrad eht dnoyeb

fo layarteb eht kaerb ot devom evah I sa ,sraey owt tsap eht revO>p<
I sa ,traeh nwo ym fo sgninrub eht morf kaeps ot dna secnelis nwo ym
,manteiV fo noitcurtsed eht morf serutraped lacidar rof dellac evah
eht tA  .htap ym fo modsiw eht tuoba em denoitseuq evah snosrep ynam
:duol dna egral demool netfo sah yreuq siht snrecnoc rieht fo traeh
;ouqdr&?gniK .rD ,raw eht tuoba gnikaeps uoy era yhW;ouqdl&
;ouqdr&?tnessid fo seciov eht gninioj uoy era yhW;ouqdl&
yeht ;ouqdr&,xim t'nod sthgir livic dna ecaeP;ouqdl&
;ouqdr&,elpoep ruoy fo esuac eht gnitruh uoy t'nerA;ouqdl& .yas
ecruos eht dnatsrednu netfo I hguoht ,meht raeh I nehw dnA ?ksa yeht
hcus rof ,deneddas yltaerg sselehtreven ma I ,nrecnoc rieht fo
ym ,em nwonk yllaer ton evah sreriuqni eht taht naem snoitseuq
od yeht taht tseggus snoitseuq rieht ,deednI .gnillac ym ro tnemtimmoc
>p/<.evil yeht hcihw ni dlrow eht wonk ton

langis fo ti meed I ,gnidnatsrednusim cigart hcus fo thgil eht nI>p<
I yhw ,ylesicnoc tsurt I dna ,ylraelc etats ot yrt ot ecnatropmi
eht;hsadm&hcruhC tsitpaB eunevA retxeD morf htap eht taht eveileb
sdael;hsadm&etarotsap ym nageb I erehw ,amabalA ,yremogtnoM ni hcruhc
>p/<.thginot yrautcnas siht ot ylraelc

ym ot aelp etanoissap a ekam ot thginot mroftalp siht ot emoc I>p<
eht ot ro ionaH ot desserdda ton si hceeps sihT .noitan devoleb
ot ro anihC ot desserdda ton si tI .tnorF noitarebiL lanoitaN
latot eht fo ytiugibma eht koolrevo ot tpmetta na ti si roN .aissuR
fo ydegart eht ot noitulos evitcelloc a rof deen eht dna noitautis
eht ro manteiV htroN ekam ot tpmetta na ti si rehtieN .manteiV
elor eht koolrevo ot ron ,eutriv fo snogarap tnorF noitarebiL lanoitaN
yeht elihW .melborp eht fo noituloser lufsseccus eht ni yalp tsum yeht
htiaf doog eht fo suoicipsus eb ot snosaer elbaifitsuj evah yam htob
eht ot ynomitset tneuqole evig yrotsih dna efil ,setatS detinU eht fo
ekat dna evig luftsurt tuohtiw devloser reven era stcilfnoc taht tcaf
>p/<.sedis htob no

lanoitaN eht dna ionaH htiw kaeps ot ton hsiw I ,revewoh ,thginoT>p<
>p/<.snaciremA wollef ym ot rehtar tub ,tnorF noitarebiL

gnisirprus ton si ti esoppus I ,gnillac yb rehcaerp a ma I ecniS>p<
fo dleif eht otni manteiV gnignirb rof snosaer rojam neves evah I taht
tsomla dna suoivbo yrev a testuo eht ta si erehT .noisiv larom ym
dna ,I elggurts eht dna manteiV ni raw eht neewteb noitcennoc elicaf
a saw ereht oga sraey wef A .aciremA ni gnigaw neeb evah ,srehto
laer a saw ereht fi sa demees tI .elggurts taht ni tnemom gninihs
hguorht;hsadm&etihw dna kcalb htob;hsadm&roop eht rof epoh fo esimorp
.sgninnigeb wen ,sepoh ,stnemirepxe erew erehT .margorp ytrevop eht
nekorb margorp siht dehctaw I dna ,manteiV ni pudliub eht emac nehT
a fo gnihtyalp lacitilop eldi emos erew ti fi sa ,detarecsive dna
tsevni reven dluow aciremA taht wenk I dna ,raw no dam enog yteicos
gnol os roop sti fo noitatilibaher ni seigrene ro sdnuf yrassecen eht
yenom dna slliks dna nem ward ot deunitnoc manteiV ekil serutnevda sa
ylgnisaercni saw I ,oS .ebut noitcus evitcurtsed cinomed emos ekil
sa ti kcatta ot dna roop eht fo ymene na sa raw eht ees ot dellepmoc
>p/<.hcus

ti nehw ecalp koot ytilaer fo noitingocer cigart erom a spahreP>p<
gnitatsaved naht erom raf gniod saw raw eht taht em ot raelc emaceb
rieht dna snos rieht gnidnes saw tI .emoh ta roop eht fo sepoh eht
yliranidroartxe ni eid ot dna thgif ot sdnabsuh rieht dna srehtorb
erew eW .noitalupop eht fo tser eht ot evitaler snoitroporp hgih
dna yteicos ruo yb delppirc neeb dah ohw nem gnuoy kcalb eht gnikat
ni seitrebil eetnaraug ot yawa selim dnasuoht thgie meht gnidnes
tsaE dna aigroeG tsewhtuos ni dnuof ton dah yeht hcihw aisA tsaehtuoS
fo ynori leurc eht htiw decaf yldetaeper neeb evah ew os dnA .melraH
eid dna llik yeht sa sneercs VT no syob etihw dna orgeN gnihctaw
ni rehtegot meht taes ot elbanu neeb sah taht noitan a rof rehtegot
gninrub ytiradilos laturb ni meht hctaw ew os dnA .sloohcs emas eht
evil yldrah dluow yeht taht ezilaer ew tub ,egalliv roop a fo stuh eht
fo ecaf eht ni tnelis eb ton dluoc I .ogacihC ni kcolb emas eht no
>p/<.roop eht fo noitalupinam leurc hcus

ti rof ,ssenerawa fo level repeed neve na ot sevom nosaer driht yM>p<
tsal eht revo htroN eht fo seottehg eht ni ecneirepxe ym fo tuo sworg
deklaw evah I sA .sremmus eerht tsal eht yllaicepse;hsadm&sraey eerht
meht dlot evah I ,nem gnuoy yrgna dna ,detcejer ,etarepsed eht gnoma
I .smelborp rieht evlos ton dluow selfir dna sliatkcoc votoloM taht
ym gniniatniam elihw noissapmoc tsepeed ym meht reffo ot deirt evah
hguorht yllufgninaem tsom semoc egnahc laicos taht noitcivnoc
tuoba tahw;hsadm&os ylthgir dna;hsadm&ksa yeht tuB .noitca tneloivnon
fo sesod evissam gnisu t'nsaw noitan nwo ruo fi ksa yehT ?manteiV
ti segnahc eht tuoba gnirb ot ,smelborp sti evlos ot ecneloiv
niaga reven dluoc I taht wenk I dna ,emoh tih snoitseuq riehT .detnaw
sottehg eht ni desserppo eht fo ecneloiv eht tsniaga eciov ym esiar
fo royevrup tsetaerg eht ot ylraelc nekops tsrif gnivah tuohtiw
fo ekas eht roF .tnemnrevog nwo ym;hsadm&yadot dlrow eht ni ecneloiv
eht fo ekas eht rof ,tnemnrevog siht fo ekas eht rof ,syob esoht
eb tonnac I ,ecneloiv ruo rednu gnilbmert sdnasuoht fo sderdnuh
>p/<.tnelis

sthgir livic a uoy t'nerA;ouqdl& ,noitseuq eht ksa ohw esoht roF>p<
rof tnemevom eht morf em edulcxe ot naem ybereht dna ;ouqdr&?redael
demrof su fo puorg a nehw 7591 nI .rewsna rehtruf siht evah I ,ecaep
:ottom ruo sa esohc ew ,ecnerefnoC pihsredaeL naitsirhC nrehtuoS eht
taht decnivnoc erew eW ;ouqdr&.aciremA fo luos eht evas oT;ouqdl&
tub ,elpoep kcalb rof sthgir niatrec ot noisiv ruo timil ton dluoc ew
ro eerf eb reven dluow aciremA taht noitcivnoc eht demriffa daetsni
desool erew sevals sti fo stnadnecsed eht litnu flesti morf devas
erew ew yaw a nI .raew llits yeht selkcahs eht morf yletelpmoc
dah ohw ,melraH fo drab kcalb taht ,sehguH notsgnaL htiw gnieerga
>p/<:reilrae nettirw

>etouqkcolb<
ot aciremA saw reven aciremA >rb<,nialp ti yas I >rb<,sey ,O>p<
>p/<!eb lliw aciremA >rb<;hsadm&htao siht raews I tey dnA >rb<,em
>etouqkcolb/<

yna sah ohw eno on taht raelc yltnecsednacni eb dluohs ti ,woN>p<
eht erongi nac yadot aciremA fo efil dna ytirgetni eht rof nrecnoc
eht fo trap ,denosiop yllatot semoceb luos s'aciremA fI .raw tneserp
ti sa gnol os devas eb reven nac tI .manteiV :daer tsum yspotua
esoht taht si ti oS .revo dlrow eht nem fo sepoh tsepeed eht syortsed
era;hsadm&era;hsadm&eb lliw aciremA taht denimreted tey era ohw su fo
fo htlaeh eht rof gnikrow ,tnessid dna tsetorp fo htap eht nwod del
>p/<.dnal ruo

fo htlaeh dna efil eht ot tnemtimmoc a hcus fo thgiew eht fi sA>p<
decalp saw ytilibisnopser fo nedrub rehtona ,hguone ton erew aciremA
saw ezirP ecaeP leboN eht taht tegrof tonnac I dna ;4591 ni em nopu
dekrow reve dah I naht redrah krow ot noissimmoc a ,noissimmoc a osla
gnillac a si sihT ;ouqdr&.nam fo doohrehtorb eht;ouqdl& rof erofeb
ton erew ti fi neve tub ,secnaigella lanoitan dnoyeb em sekat taht
ot tnemtimmoc ym fo gninaem eht htiw evil ot evah tey dluow I tneserp
yrtsinim siht fo pihsnoitaler eht em oT .tsirhC suseJ fo yrtsinim eht
esoht ta levram semitemos I taht suoivbo os si ecaep fo gnikam eht ot
od yeht taht eb ti dluoC .raw eht tsniaga gnikaeps m'I yhw em ksa ohw
tsinummoC rof;hsadm&nem lla rof tnaem saw swen doog eht taht wonk ton
,etihw rof dna kcalb rof ,sruo dna nerdlihc rieht rof ,tsilatipac dna
ym taht nettogrof yeht evaH ?evitavresnoc dna yranoitulover rof
ylluf os seimene sih devol ohw enO eht ot ecneidebo ni si yrtsinim
ot ro gnocteiV eht ot yas I nac neht tahW ?meht rof deid eh taht
netaerht I naC ?enO siht fo retsinim lufhtiaf a sa oaM ot ro ortsaC
>p/<?efil ym meht htiw erahs ton I tsum ro htaed htiw meht

daor eht flesym rof dna uoy rof nialpxe ot yrt I sa ,yllanif dnA>p<
taht lla dereffo evah dluow I ecalp siht ot yremogtnoM morf sdael taht
noitcivnoc ym ot eurt eb tsum I taht dias ylpmis I fi dilav tsom saw
gnivil eht fo nos a eb ot gnillac eht nem lla htiw erahs I taht
fo noitacov siht si deerc ro noitan ro ecar fo gnillac eht dnoyeB .doG
si rehtaF eht taht eveileb I esuaceb dna ,doohrehtorb dna pihsnos
tsactuo dna sselpleh dna gnireffus sih rof yllaicepse denrecnoc ylpeed
>p/<.meht rof kaeps ot thginot emoc I ,nerdlihc

ohw su fo lla fo nedrub eht dna egelivirp eht eb ot eveileb I sihT>p<
redaorb era hcihw seitlayol dna secnaigella yb dnuob sevlesruo meed
s'noitan ruo dnoyeb og hcihw dna msilanoitan naht repeed dna
,kaew eht rof kaeps ot dellac era eW .snoitisop dna slaog denifed-fles
ti esoht rof dna noitan ruo fo smitciv eht rof ,sseleciov eht rof
nac sdnah namuh morf tnemucod on rof ;ouqdr&,ymene;ouqdl& sllac
>p/<.srehtorb ruo ssel yna snamuh eseht ekam

hcraes dna manteiV fo ssendam eht rednop I sa dnA>p<
ym ,noissapmoc ni dnopser dna dnatsrednu ot syaw rof flesym nihtiw
won kaeps I .alusninep taht fo elpoep eht ot yltnatsnoc seog dnim
eht fo seigoloedi eht fo ton ,edis hcae fo sreidlos eht fo ton
eht fo ylpmis tub ,nogiaS ni atnuj eht fo ton ,tnorF noitarebiL
tsomla rof raw fo esruc eht rednu gnivil neeb evah ohw elpoep
si ti esuaceb ,oot ,meht fo kniht I .won sedaced suounitnoc eerht
litnu ereht noitulos lufgninaem on eb lliw ereht taht em ot raelc
>rb<.seirc nekorb rieht raeh dna meht wonk ot edam si tpmetta emos
elpoep esemanteiV ehT .srotarebil egnarts sa snaciremA ees tsum yehT>rb<

5491 ni;hsadm&4591 ni ecnednepedni nwo rieht demialcorp
dna noitapucco esenapaJ dna hcnerF denibmoc a retfa;hsadm&rehtar
ihC oH yb del erew yehT .anihC ni noitulover tsinummoc eht erofeb
ecnednepednI fo noitaralceD naciremA eht detouq yeht hguoht nevE .hniM
ezingocer ot desufer ew ,modeerf fo tnemucod nwo rieht ni
reh fo tseuqnocer sti ni ecnarF troppus ot dediced ew ,daetsnI .meht
elpoep esemanteiV eht taht neht tlef tnemnrevog ruO .ynoloc remrof
eht ot mitciv llef niaga ew dna ,ecnednepedni rof ydaer ton erew
lanoitanretni eht denosiop sah taht ecnagorra nretseW yldaed
a detcejer ew noisiced cigart taht htiW  .gnol os rof erehpsomta
tnemnrevog a dna noitanimreted-fles gnikees tnemnrevog yranoitulover
esemanteiV eht mohw rof;hsadm&anihC yb ton dehsilbatse neeb dah taht
taht secrof suonegidni ylraelc yb tub;hsadm&evol taerg on evah
tnaem tnemnrevog wen siht stnasaep eht roF .stsinummoc emos dedulcni
>p/<.sevil rieht ni sdeen tnatropmi tsom eht fo eno ,mrofer dnal laer

eht manteiV fo elpoep eht deined ew 5491 gniwollof sraey enin roF>p<
eht detroppus ylsuorogiv ew sraey enin roF .ecnednepedni fo thgir
dne eht erofeB .manteiV ezinolocer ot troffe evitroba rieht ni hcnerF
.stsoc raw hcnerF eht fo tnecrep ythgie gniteem erew ew raw eht fo
ot nageb yeht ,uhP neiB neiD ta detaefed erew hcnerF eht erofeb nevE
meht degaruocne eW .ton did ew tub ,noitca sselkcer rieht fo riapsed
neve raw eht eunitnoc ot seilppus yratilim dna laicnanif eguh ruo htiw
lluf eht tsomla gniyap eb dluow ew nooS .lliw eht tsol dah yeht retfa
>p/<.noitazinolocer ta tpmetta cigart siht fo stsoc

dna ecnednepedni fi sa dekool ti ,detaefed erew hcnerF eht retfA>p<
tuB  .tnemeergA aveneG eht hguorht niaga emoc dluow mrofer dnal
ton dluohs oH taht denimreted ,setatS detinU eht emac ereht daetsni
niaga dehctaw stnasaep eht dna ,noitan dedivid yliraropmet eht yfinu
nesohc ruo ,srotatcid nredom suoiciv tsom eht fo eno detroppus ew sa
ylsselhtur meiD sa degnirc dna dehctaw stnasaep ehT .meiD reimerP ,nam
dna ,sdroldnal tsinoitrotxe rieht detroppus ,noitisoppo lla tuo detoor
stnasaep ehT .htroN eht htiw noitacifinuer ssucsid ot neve desufer
dna ecneulfni 'setatS detinU yb revo dediserp saw siht lla sa dehctaw
pleh ot emac ohw spoort setatS detinU fo srebmun gnisaercni yb neht
saw meiD nehW .desuora dah sdohtem s'meiD taht ycnegrusni eht lleuq
yratilim fo enil gnol eht tub ,yppah neeb evah yam yeht nworhtrevo
rieht fo smret ni yllaicepse ,egnahc laer on reffo ot demees srotatcid
>p/<.ecaep dna dnal rof deen

poort ruo desaercni ew sa ,aciremA morf emac egnahc ylno ehT>p<
,tpurroc ylralugnis erew hcihw stnemnrevog fo troppus ni stnemtimmoc
ruo daer elpoep eht elihw eht llA .troppus ralupop tuohtiw dna ,tpeni
dna ycarcomed dna ecaep fo sesimorp raluger eht deviecer dna stelfael
ton ,su redisnoc dna sbmob ruo rednu hsiugnal yeht woN .mrofer dnal
dna yldas evom yehT .ymene laer eht ,esemanteiV wollef rieht
otni srehtaf rieht fo dnal eht ffo meht dreh ew sa yllacitehtapa
yehT .tem ylerar era sdeen laicos laminim erehw spmac noitartnecnoc
>p/<.sbmob ruo yb deyortsed eb ro no evom tsum yeht wonk

hctaw yehT .dega eht dna nerdlihc dna nemow yliramirp ,og yeht oS>p<
rieht fo serca noillim a llik ew sa ,retaw rieht nosiop ew sa
saera rieht hguorht raor srezodllub eht sa peew tsum yehT .sporc
eht otni rednaw yehT .seert suoicerp eht yortsed ot gniraperp
rof rewoperif naciremA morf seitlausac ytnewt tsael ta htiw slatipsoh
fo noillim a dellik evah yam ew raf oS .yrujni detcilfni-gnocteiV eno
fo sdnasuoht ees dna snwot eht otni rednaw yehT .nerdlihc yltsom ,meht
eht no skcap ni gninnur ,sehtolc tuohtiw ,sselemoh ,nerdlihc eht
sreidlos ruo yb dedarged nerdlihc eht ees yehT .slamina ekil steerts
ot sretsis rieht gnilles nerdlihc eht ees yehT .doof rof geb yeht sa
eht od tahW  >rb<>rb<.srehtom rieht rof gniticilos ,sreidlos ruo
ew sa dna sdroldnal eht htiw sevlesruo ylla ew sa kniht stnasaep
?mrofer dnal gninrecnoc sdrow ynam ruo otni noitca yna tup ot esufer
sa tsuj ,meht no snopaew tsetal ruo tuo tset ew sa kniht yeht od tahW
eht ni serutrot wen dna enicidem wen tuo detset snamreG eht
tnednepedni eht fo stoor eht era erehW  ?eporuE fo spmac noitartnecnoc
>p/<?seno sseleciov eseht gnoma ti sI ?gnidliub eb ot mialc ew manteiV

ylimaf eht :snoitutitsni dehsirehc tsom owt rieht deyortsed evah eW>p<
evah eW .sporc rieht dna dnal rieht deyortsed evah eW .egalliv eht dna
ylno s'noitan eht fo gnihsurc eht ni;hsadm&gnihsurc eht ni detarepooc
tsihdduB deifinu eht ,ecrof lacitilop yranoitulover tsinummoC-non
eW .nogiaS fo stnasaep eht fo seimene eht detroppus evah eW .hcruhC
>p/<.nem rieht dellik dna nerdlihc dna nemow rieht detpurroc evah

eht ,nooS .ssenrettib evas ,no dliub ot tfel elttil si ereht woN>p<
ta dnuof eb lliw gniniamer snoitadnuof lacisyhp dilos;hsadm&dilos ylno
ew spmac noitartnecnoc eht fo etercnoc eht ni dna sesab yratilim ruo
rednow llew yam stnasaep ehT ;ouqdr&.stelmah deifitrof;ouqdl& llac
ew dluoC .eseht sa sdnuorg hcus no manteiV wen ruo dliub ot nalp ew fi
eht esiar dna meht rof kaeps tsum eW ?sthguoht hcus rof meht emalb
>p/<.srehtorb ruo era ,oot ,esehT .esiar tonnac yeht snoitseuq

rof kaeps ot si ksat yrassecen ssel on tub tluciffid erom a spahreP>p<
lanoitaN eht fo tahW  .seimene ruo sa detangised neeb evah ohw esoht
llac ew puorg suomynona ylegnarts taht ,tnorF noitarebiL
yeht tsum tahW ?;ouqdr&stsinummoc;ouqdl& ro ;ouqdr&CV;ouqdl&
ew taht ezilaer yeht nehw aciremA fo setatS detinU eht fo kniht
gnirb ot depleh hcihw ,meiD fo ytleurc dna noisserper eht dettimrep
kniht yeht od tahW ?htuoS eht ni puorg ecnatsiser a sa gnieb otni meht
fo pu gnikat nwo rieht ot del hcihw ecneloiv eht gninodnoc ruo fo
fo kaeps ew won nehw ytirgetni ruo ni eveileb yeht nac woH ?smra
gnihton erew ereht fi sa ;ouqdr&htroN eht morf noissergga;ouqdl&
egrahc ew won nehw su tsurt yeht nac woH  ?raw eht ot laitnesse erom
meht egrahc dna meiD fo ngier suoredrum eht retfa ecneloiv htiw meht
?dnal rieht otni htaed fo nopaew wen yreve ruop ew elihw ecneloiv htiw
enodnoc ton od ew fi neve ,sgnileef rieht dnatsrednu tsum ew yleruS
desserp detroppus ew nem eht taht ees tsum ew yleruS .snoitca rieht
deziretupmoc nwo ruo taht ees tsum ew yleruS .ecneloiv rieht ot meht
>p/<.stca tsetaerg rieht frawd ylpmis noitcurtsed fo snalp

pihsrebmem rieht taht wonk slaiciffo ruo nehw su egduj yeht od woH>p<
gnivig no tsisni tey dna ,tsinummoc tnecrep evif-ytnewt naht ssel si
taht wonk yeht nehw gnikniht eb yeht tsum tahW ?eman teknalb eht meht
ew tey dna ,manteiV fo snoitces rojam fo lortnoc rieht fo erawa era ew
ylhgih siht hcihw ni snoitcele lanoitan wolla ot ydaer raeppa
ksa yehT ?trap a evah ton lliw tnemnrevog lellarap lacitilop dezinagro
derosnec si sserp nogiaS eht nehw snoitcele eerf fo kaeps nac ew woh
ot thgir ylerus era yeht dnA .atnuj yratilim eht yb dellortnoc dna
,meht tuohtiw mrof pleh ot nalp ew tnemnrevog wen fo dnik tahw rednow
ruo noitseuq yehT .stnasaep eht htiw hcuot laer ni ytrap ylno eht
morf tnemelttes ecaep a fo ytilaer eht yned yeht dna slaog lacitilop
ylgninethgirf era snoitseuq riehT .dedulcxe eb lliw yeht hcihw
dna ,niaga htym lacitilop no dliub ot gninnalp noitan ruo sI .tnaveler
>p/<?ecneloiv wen fo rewop eht nopu pu ti erohs neht

,ecneloivnon dna noissapmoc fo eulav dna gninaem eurt eht si ereH>p<
sih raeh ot ,weiv fo tniop s'ymene eht ees ot su spleh ti nehw
ew weiv sih morf roF .sevlesruo fo tnemssessa sih wonk ot ,snoitseuq
ew fi dna ,noitidnoc nwo ruo fo sessenkaew cisab eht ees deedni yam
eht fo modsiw eht morf tiforp dna worg dna nrael yam ew ,erutam era
>p/<.noitisoppo eht dellac era ohw srehtorb

eht lemmup won sbmob ruo erehw ,htroN eht nI .ionaH htiw ,oot ,oS>p<
tub peed a yb tem era ew ,syawretaw eht regnadne senim ruo dna ,dnal
fo kcal siht nialpxe ot si meht rof kaeps oT .tsurtsim elbadnatsrednu
naciremA fo tsurtsid rieht yllaicepse dna ,sdrow nretseW ni ecnedifnoc
ot noitan eht del ohw nem eht era ionaH nI .won snoitnetni
thguos ohw nem eht ,hcnerF eht dna esenapaJ eht tsniaga ecnednepedni
eht yb deyarteb erew dna htlaewnommoC hcnerF eht ni pihsrebmem
saw tI .seimra lainoloc eht fo ssenluflliw eht dna siraP fo ssenkaew
suodnemert ta noitanimod hcnerF tsniaga elggurts dnoces a del ohw yeht
dellortnoc yeht dnal eht pu evig ot dedausrep erew neht dna ,stsoc
erusaem yraropmet a sa lellarap htneetneves dna htneetriht eht neewteb
tneverp ot meiD htiw eripsnoc su dehctaw yeht 4591 retfA .aveneG ta
a revo rewop ot hniM ihC oH thguorb ylerus evah dluoc hcihw snoitcele
nehW .niaga deyarteb neeb dah yeht dezilaer yeht dna ,manteiV detinu
eb tsum sgniht eseht ,etaitogen ot pael ton od yeht yhw ksa ew
>p/<.derebmemer

eht deredisnoc ionaH fo sredael eht taht raelc eb tsum ti ,oslA>p<
neeb evah ot emiger meiD eht fo troppus ni spoort naciremA fo ecneserp
ngierof gninrecnoc tnemeergA aveneG eht fo hcaerb yratilim laitini eht
egral ni spoort dnes ot nigeb ton did yeht taht su dnimer yehT .spoort
dah secrof naciremA litnu htuoS eht otni seilppus neve dna srebmun
>p/<.sdnasuoht fo snet eht otni devom

tuoba hturt eht su llet ot desufer sredael ruo woh srebmemer ionaH>p<
tnediserp eht woh ,ecaep rof serutrevo esemanteiV htroN reilrae eht
hniM ihC oH .edam neeb ylraelc dah yeht nehw detsixe enon taht demialc
,secrof sti pu tliub dna ecaep fo nekops sah aciremA sa dehctaw sah
fo sromur lanoitanretni gnisaercni eht draeh ylerus sah eh won dna
dna gnibmob eht swonk eH .htroN eht fo noisavni na rof snalp naciremA
noisavni-erp lanoitidart fo trap era gniod era ew gninim dna gnillehs
mih evas nac ynori fo dna romuh fo esnes sih ylno spahreP .ygetarts
fo gnikaeps dlrow eht fo noitan lufrewop tsom eht sraeh eh nehw
erom noitan kaew ,roop a no sbmob fo sdnasuoht spord ti sa noissergga
sti morf yawa selim dnasuoht thgie ,rehtar;hsadm&derdnuh thgie naht
>p/<.serohs

ni deirt evah I elihw taht raelc ti ekam dluohs I tniop siht tA>p<
dna manteiV ni sseleciov eht ot eciov a evig ot setunim wef tsal eseht
dellac era ohw esoht fo stnemugra eht dnatsrednu ot
spoort nwo ruo tuoba denrecnoc ylpeed sa ma I ;ouqdr&,ymene;ouqdl&
era ew tahw taht em ot srucco ti roF .esle gnihtyna sa ereht
ssecorp gnizilaturb eht ylpmis ton si manteiV ni ot meht gnittimbus
ot kees dna rehto hcae ecaf seimra erehw raw yna ni no seog taht
tsum yeht rof ,htaed fo ssecorp eht ot msicinyc gnidda era eW .yortsed
eb ot mialc ew sgniht eht fo enon taht ereht doirep trohs a retfa wonk
taht wonk tsum yeht gnol erofeB .devlovni yllaer era rof gnithgif
dna ,esemanteiV gnoma elggurts a otni meht tnes sah tnemnrevog rieht
eht fo edis eht no era ew taht ezilaer ylerus detacitsihpos erom eht
>p/<.roop eht rof lleh a etaerc ew elihw ,eruces eht dna ,yhtlaew

a sa kaeps I .won pots tsum eW .esaec tsum ssendam siht wohemoS>p<
rof kaeps I .manteiV fo roop gnireffus eht ot rehtorb dna doG fo dlihc
,deyortsed gnieb era semoh esohw ,etsaw dial gnieb si dnal esohw esoht
fo roop eht rof;hsadm&eht fo kaeps I .detrevbus gnieb si erutluc esohw
dna ,emoh ta sepoh dehsams fo ecirp elbuod eht gniyap era ohw aciremA
,dlrow eht fo nezitic a sa kaeps I .manteiV ni noitpurroc dna htaed
kaeps I .nekat evah ew htap eht ta tsahga sdnats ti sa dlrow eht rof
taerg ehT :noitan nwo ruo fo sredael eht ot ,aciremA sevol ohw eno sa
eb tsum ti pots ot evitaitini eht ;sruo si raw siht ni evitaitini
>p/<.sruo

fo sredael tsihdduB taerg eht fo egassem eht si sihT>p<
>p/<:etouq I dna ,sdrow eseht etorw meht fo eno yltneceR .manteiV

>etouqkcolb<
eht fo traeh eht ni sesaercni dertah eht no seog raw eht yad hcaE>p<
ehT .tcnitsni nairatinamuh fo esoht fo straeh eht ni dna esemanteiV
rieht gnimoceb otni sdneirf rieht neve gnicrof era snaciremA
ylluferac os etaluclac ohw ,snaciremA eht taht suoiruc si tI .seimene
eht ni taht ezilaer ton od ,yrotciv yratilim fo seitilibissop eht no
lacitilop dna lacigolohcysp peed gnirrucni era yeht ssecorp
fo egami eht eb niaga reven lliw aciremA fo egami ehT .taefed
dna ecneloiv fo egami eht tub ,ycarcomed dna ,modeerf ,noitulover
>p/<.)etouqnu( msiratilim
>etouqkcolb/<

dnim eht ni dna dnim ym ni tbuod on eb lliw ereht ,eunitnoc ew fI>p<
od ew fI .manteiV ni snoitnetni elbaronoh on evah ew taht dlrow eht fo
dlrow eht ,yletaidemmi manteiV fo elpoep eht tsniaga raw ruo pots ton
emos sa siht ees ot naht evitanretla rehto on htiw tfel eb lliw
dlrow ehT .yalp ot dediced evah ew emag yldaed dna ,ysmulc ,elbirroh
ot elba eb ton yam ew taht aciremA fo ytirutam a sdnamed won
eht morf gnorw neeb evah ew taht timda ew taht sdnamed tI .eveihca
latnemirted neeb evah ew taht ,manteiV ni erutnevda ruo fo gninnigeb
hcihw ni eno si noitautis ehT  .elpoep esemanteiV eht fo efil eht ot
ot redro nI .syaw tneserp ruo morf ylprahs nrut ot ydaer eb tsum ew
eht ekat dluohs ew ,manteiV ni srorre dna snis ruo rof enota
>p/<.raw cigart siht ot tlah a gnignirb ni evitaitini

tnemnrevog ruo taht sgniht etercnoc evif tseggus ot ekil dluow I>p<
fo ssecorp tluciffid dna gnol eht nigeb ot ]yletaidemmi[ od dluohs
>p/<:tcilfnoc hsiramthgin siht morf sevlesruo gnitacirtxe

>rb<>rb<.manteiV htuoS dna htroN ni gnibmob lla dnE :eno rebmuN>p<
hcus taht epoh eht ni erif-esaec laretalinu a eralceD :owt rebmuN
:eerhT  >rb<>rb<.noitaitogen rof erehpsomta eht etaerc lliw noitca
aisA tsaehtuoS ni sdnuorgelttab rehto tneverp ot spets etaidemmi ekaT
ni ecnerefretni ruo dna dnaliahT ni pudliub yratilim ruo gniliatruc yb
lanoitaN eht taht tcaf eht tpecca yllacitsilaeR :ruoF  >rb<>rb<.soaL
tsum dna manteiV htuoS ni troppus laitnatsbus sah tnorF noitarebiL
erutuf yna dna snoitaitogen lufgninaem yna ni elor a yalp ybereht
lla evomer lliw ew taht etad a teS :eviF  >rb<>rb<.tnemnrevog manteiV
aveneG 4591 eht htiw ecnadrocca ni manteiV morf spoort ngierof
>p/<.tnemeergA

llew thgim tnemtimmoc gniogno ruo fo traP;hsadm&gniogno ruo fo traP>p<
sraef ohw esemanteiV yna ot mulysa tnarg ot reffo na ni flesti sserpxe
noitarebiL eht dedulcni hcihw emiger wen a rednu efil sih rof
ew egamad eht rof nac ew snoitaraper tahw ekam tsum ew nehT .tnorF
,dedeen yldab si taht dia lacidem eht edivorp tsum eW .enod evah
fi ,yrtnuoc siht ni elbaliava ti gnikam
dna sehcruhc eht ni ew ,elihwnaeM;hsadm&elihwnaeM .yrassecen
ot tnemnrevog ruo egru ew elihw ksat gniunitnoc a evah seugoganys
ot eunitnoc tsum eW .tnemtimmoc lufecargsid a morf flesti egagnesid
esrevrep sti ni stsisrep noitan ruo fi sevil ruo dna seciov ruo esiar
yb sdrow htiw snoitca hctam ot deraperp eb tsum eW  .manteiV ni syaw
>p/<.elbissop tsetorp fo dohtem evitaerc yreve tuo gnikees

tsum ew ,ecivres yratilim gninrecnoc nem gnuoy lesnuoc ew sA>p<
htiw meht egnellahc dna manteiV ni elor s'noitan ruo meht rof yfiralc
taht yas ot desaelp ma I .noitcejbo suoitneicsnoc fo evitanretla eht
amla nwo ym ta stneduts ytneves naht erom yb nesohc won htap a si siht
eht dnif ohw lla ot ti dnemmocer I dna ,egelloC esuoheroM ,retam
I ,revoeroM .eno tsujnu dna elbaronohsid a manteiV ni esruoc naciremA
rieht pu evig ot ega tfard fo sretsinim lla egaruocne dluow
suoitneicsnoc sa sutats kees dna snoitpmexe lairetsinim
eW .seno eslaf ton dna seciohc laer rof semit eht era esehT .srotcejbo
ruo fi enil eht no decalp eb tsum sevil ruo nehw tnemom eht ta era
snoitcivnoc enamuh fo nam yrevE .yllof nwo sti evivrus ot si noitan
ew tub ,snoitcivnoc sih stius tseb taht tsetorp eht no ediced tsum
>p/<.tsetorp lla tsum

tuoba gnitpmet ylevitcudes gnihtemos si ereht woN>p<
sah selcric emos ni tahw no ffo lla su gnidnes dna ereht gnippots
tsum ew yas I .manteiV ni raw eht tsniaga edasurc ralupop a emoceb
neve gnihtemos yas ot won no og ot hsiw I tub ,elggurts taht retne
>rb<.gnibrutsid erom
>rb<
eht nihtiw ydalam repeed raf a fo motpmys a tub si manteiV ni raw ehT
ew fi dna ...ytilaer gnirebos siht erongi ew fi dna ,tirips naciremA
gnizinagro sevlesruo dnif lliw ew ,ytilaer gnirebos siht erongi
txen eht rof seettimmoc ;ouqdr&denrecnoc nemyal dna ygrelc;ouqdl&
dna alametauG;hsadm&alametauG tuoba denrecnoc eb lliw yehT .noitareneg
eb lliw yehT .aidobmaC dna dnaliahT tuoba denrecnoc eb lliw yehT .ureP
rof gnihcram eb lliw eW .acirfA htuoS dna euqibmazoM tuoba denrecnoc
,dne tuohtiw seillar gnidnetta dna seman rehto nezod a dna eseht
dna efil naciremA ni egnahc dnuoforp dna tnacifingis a si ereht sselnu
>p/<.ycilop

ruo dnoyeb ton tub ,manteiV dnoyeb su ekat sthguoht hcus ,os dnA>p<
>p/<.doG gnivil eht fo snos sa gnillac

demees ti taht dias saesrevo laiciffo naciremA evitisnes a ,7591 nI>p<
dlrow a fo edis gnorw eht no saw noitan ruo taht mih ot
nrettap a egreme nees evah ew ,sraey net tsap eht gniruD .noitulover
yratilim .S.U fo ecneserp eht deifitsuj won sah hcihw noisserppus fo
ruo rof ytilibats laicos niatniam ot deen sihT .aleuzeneV ni srosivda
naciremA fo noitca yranoituloverretnuoc eht rof stnuocca stnemtsevni
desu gnieb era sretpocileh naciremA yhw sllet tI .alametauG ni secrof
tereB neerG dna mlapan naciremA yhw dna aidobmaC ni sallirreug tsniaga
>p/<.ureP ni sleber tsniaga evitca neeb ydaerla evah secrof

nhoJ etal eht fo sdrow eht taht dnim ni ytivitca hcus htiw si tI>p<
,dias eh oga sraey eviF .su tnuah ot kcab emoc ydenneK .F
ekam lliw elbissopmi noitulover lufecaep ekam ohw esohT;ouqdl&
yb ro eciohc yb ,ylgnisaercnI ;ouqdr&.elbativeni noitulover tneloiv
ohw esoht fo elor eht ,nekat sah noitan ruo elor eht si siht ,tnedicca
eht pu evig ot gnisufer yb elbissopmi noitulover lufecaep ekam
fo stiforp esnemmi eht morf emoc taht serusaelp eht dna segelivirp
eht no teg ot era ew fi taht decnivnoc ma I .stnemtsevni saesrevo
a ogrednu tsum noitan a sa ew ,noitulover dlrow eht fo edis thgir
yldipar tsum ew ...nigeb yldipar tsum eW .seulav fo noitulover lacidar
detneiro-nosrep a ot yteicos detneiro-gniht a morf tfihs eht nigeb
ytreporp dna sevitom tiforp ,sretupmoc dna senihcam nehW .yteicos
stelpirt tnaig eht ,elpoep naht tnatropmi erom deredisnoc era ,sthgir
gnieb fo elbapacni era msiratilim dna ,msilairetam emertxe ,msicar fo
>p/<.dereuqnoc

eht noitseuq ot su esuac noos lliw seulav fo noitulover eurt A>p<
eht nO .seicilop tneserp dna tsap ruo fo ynam fo ecitsuj dna ssenriaf
,edisdaor s'efil no natiramaS dooG eht yalp ot dellac era ew ,dnah eno
taht ees ot emoc tsum ew yad enO .tca laitini na ylno eb lliw taht tub
lliw nemow dna nem taht os demrofsnart eb tsum daoR ohcireJ elohw eht
no yenruoj rieht ekam yeht sa debbor dna netaeb yltnatsnoc eb ton
a ot nioc a gnignilf naht erom si noissapmoc eurT .yawhgih s'efil
sdeen sraggeb secudorp hcihw ecifide na taht ees ot semoc tI .raggeb
>p/<.gnirutcurtser

gniralg eht no ylisaenu kool noos lliw seulav fo noitulover eurt A>p<
lliw ti ,noitangidni suoethgir htiW .htlaew dna ytrevop fo tsartnoc
tseW eht fo stsilatipac laudividni ees dna saes eht ssorca kool
ylno ,aciremA htuoS dna ,acirfA ,aisA ni yenom fo smus eguh gnitsevni
fo tnemretteb laicos eht rof nrecnoc on htiw tuo stiforp eht ekat ot
lliw tI ;ouqdr&.tsuj ton si sihT;ouqdl& ,yas dna ,seirtnuoc eht
,yas dna aciremA htuoS fo yrtneg dednal eht htiw ecnailla ruo ta kool
gnileef fo ecnagorra nretseW ehT ;ouqdr&.tsuj ton si sihT;ouqdl&
meht morf nrael ot gnihton dna srehto hcaet ot gnihtyreve sah ti taht
>p/<.tsuj ton si

dna redro dlrow eht no dnah yal lliw seulav fo noitulover eurt A>p<
ton si secnereffid gnilttes fo yaw sihT;ouqdl& ,raw fo yas
fo ,mlapan htiw sgnieb namuh gninrub fo ssenisub sihT ;ouqdr&.tsuj
gnitcejni fo ,swodiw dna snahpro htiw semoh s'noitan ruo gnillif
fo ,enamuh yllamron selpoep fo sniev eht otni etah fo sgurd suonosiop
yllacisyhp sdleifelttab ydoolb dna krad morf emoh nem gnidnes
htiw delicnocer eb tonnac ,degnared yllacigolohcysp dna deppacidnah
ot raey retfa raey seunitnoc taht noitan A .evol dna ,ecitsuj ,modsiw
tfilpu laicos fo smargorp no naht esnefed yratilim no yenom erom dneps
>p/<.htaed lautirips gnihcaorppa si

nac ,dlrow eht ni noitan lufrewop tsom dna tsehcir eht ,aciremA>p<
gnihton si erehT .seulav fo noitulover siht ni yaw eht dael llew
ruo gniredroer morf su tneverp ot hsiw htaed cigart a tpecxe
eht revo ecnedecerp ekat lliw ecaep fo tiusrup eht taht os seitiroirp
a gnidlom morf su peek ot gnihton si erehT .raw fo tiusrup
ti denoihsaf evah ew litnu sdnah desiurb htiw ouq sutats tnarticlacer
>p/<.doohrehtorb a otni

esnefed tseb ruo si seulav fo noitulover evitisop fo dnik sihT>p<
eb reven lliw msinummoC .rewsna eht ton si raW .msinummoc tsniaga
ton su teL .snopaew raelcun ro sbmob cimota fo esu eht yb detaefed
egru ,snoissap dediugsim rieht hguorht ,dna raw tuohs ohw esoht nioj
detinU eht ni noitapicitrap sti hsiuqniler ot setatS detinU eht
mlac dna tniartser esiw dnamed hcihw syad era esehT .snoitaN
tub ,msinummocitna evitagen a ni egagne ton tsum eW .ssenelbanosaer
tsetaerg ruo taht gnizilaer ,ycarcomed rof tsurht evitisop a ni rehtar
fo flaheb ni noitca evisneffo ekat ot si msinummoc tsniaga esnefed
snoitidnoc esoht evomer ot kees noitca evitisop htiw tsum eW .ecitsuj
ni lios elitref eht era hcihw ,ecitsujni dna ,ytirucesni ,ytrevop fo
>p/<.spoleved dna sworg msinummoc fo dees eht hcihw

gnitlover era nem ebolg eht revo llA .semit yranoitulover era esehT>p<
eht fo tuo dna ,noisserppo dna noitatiolpxe fo smetsys dlo tsniaga
gnieb era ytilauqe dna ecitsuj fo smetsys wen ,dlrow liarf a fo sdnuow
sa pu gnisir era dnal eht fo elpoep tooferab dna sseltrihs ehT .nrob
a nees evah ssenkrad ni tas ohw elpoep ehT;ouqdl& .erofeb reven
eseht troppus tsum tseW eht ni eW ;ouqdr&.thgil taerg
>p/<.snoitulover

dibrom a ,ycnecalpmoc ,trofmoc fo esuaceb taht tcaf das a si tI>p<
eht ,ecitsujni ot tsujda ot ssenenorp ruo dna ,msinummoc fo raef
fo tirips yranoitulover eht fo hcum os detaitini taht snoitan nretseW
sihT .seiranoituloveritna hcra eht emoceb won evah dlrow nredom eht
yranoitulover a sah msixraM ylno taht leef ot ynam nevird sah
ekam ot eruliaf ruo tsniaga tnemgduj a si msinummoc ,eroferehT .tirips
ew taht snoitulover eht no hguorht wollof dna laer ycarcomed
eht erutpacer ot ytiliba ruo ni seil yadot epoh ylno ruO .detaitini
dlrow elitsoh semitemos a otni tuo og dna tirips yranoitulover
htiW .msiratilim dna ,msicar ,ytrevop ot ytilitsoh lanrete gniralced
dna ouq sutats eht egnellahc yldlob llahs ew tnemtimmoc lufrewop siht
yellav yreve;ouqdl& nehw yad eht deeps ybereht dna ,serom tsujnu
dna ,wol edam eb llahs llih dna niatnuom yreve dna ,detlaxe eb llahs
secalp hguor eht dna ,thgiarts edam eb llahs dekoorc eht
>p/<;ouqdr&.nialp

ruo taht sisylana lanif eht ni snaem seulav fo noitulover eniuneg A>p<
noitan yrevE .lanoitces naht rehtar lacinemuce emoceb tsum seitlayol
redro ni elohw a sa dniknam ot ytlayol gnidirrevo na poleved won tsum
>p/<.seiteicos laudividni rieht ni tseb eht evreserp ot

nrecnoc ylrobhgien stfil taht pihswollef ediwdlrow a rof llac sihT>p<
rof llac a ytilaer ni si noitan dna ,ssalc ,ecar ,ebirt s'eno dnoyeb
lla rof evol lanoitidnocnu dna gnicarbme;hsadm&gnicarbme-lla na
os ,tpecnoc deterpretnisim tfo siht ,dootsrednusim tfo sihT .dniknam
dna kaew a sa dlrow eht fo sehcszteiN eht yb dessimsid ylidaer
lavivrus eht rof ytissecen etulosba na emoceb won sah ,ecrof yldrawoc
dna latnemitnes emos fo gnikaeps ton ma I evol fo kaeps I nehW .nam fo
lanoitome tsuj si hcihw ecrof taht fo gnikaeps ton ma I .esnopser kaew
snoigiler taerg eht fo lla hcihw ecrof taht fo gnikaeps ma I .hsob
wohemos si evoL .efil fo elpicnirp gniyfinu emerpus eht sa nees evah
sihT .ytilaer etamitlu ot sdael hcihw rood eht skcolnu taht yek eht
tuoba feileb tsihdduB-hsiweJ-naitsirhC-milsuM-udniH
tsrif eht ni pu demmus yllufituaeb si ytilaer etamitlu;hsadm&etamitlu
si evol rof ,rehtona eno evol su teL;ouqdl& :nhoJ tniaS fo eltsipe
taht eH .doG htewonk dna doG fo nrob si htevol taht eno yreve dnA .doG
ew fI;ouqdl& ;ouqdr&.evol si doG rof ,doG ton htewonk ton htevol
ni detcefrep si evol sih dna su ni htellewd doG ,rehtona eno evol
eht fo redro eht emoceb lliw tirips siht taht epoh su teL ;ouqdr&.su
>p/<.yad

erofeb wob ro etah fo dog eht pihsrow ot droffa regnol on nac eW>p<
yb tnelubrut edam era yrotsih fo snaeco ehT .noitailater fo ratla eht
eht htiw derettulc si yrotsih dnA .etah fo sedit gnisir-reve eht
gnitaefed-fles siht deusrup taht slaudividni dna snoitan fo egakcerw
>p/<:syas eebnyoT dlonrA sA .etah fo htap

>etouqkcolb<
efil fo eciohc gnivas eht rof sekam taht ecrof etamitlu eht si evoL>p<
eht eroferehT .live dna htaed fo eciohc gninmad eht tsniaga doog dna
ot gniog si evol taht epoh eht eb tsum yrotnevni ruo ni epoh tsrif
>p/<.)etouqnu( drow tsal eht evah
>etouqkcolb/<

si worromot taht ,sdneirf ym ,tcaf eht htiw decaf won era eW>p<
siht nI .won fo ycnegru ecreif eht htiw detnorfnoc era eW .yadot
sa gniht a hcus si ereht ,yrotsih dna efil fo murdnunoc gnidlofnu
netfo efiL .emit fo feiht eht llits si noitanitsarcorP .etal oot gnieb
tsol a htiw detcejed dna ,dekan ,erab gnidnats su sevael
ta niamer ton seod nem fo sriaffa eht ni edit ehT .ytinutroppo
ni esuap ot emit rof yletarepsed tuo yrc yam eW .sbbe ti;hsadm&doolf
eht revO .no sehsur dna aelp yreve ot tnamada si emit tub ,egassap reh
era snoitazilivic suoremun fo seudiser delbmuj dna senob dehcaelb
na si erehT ;ouqdr&.etal ooT;ouqdl& ,sdrow citehtap eht nettirw
ruo ro ecnaligiv ruo sdrocer yllufhtiaf taht efil fo koob elbisivni
dna ,setirw regnif gnivom ehT;ouqdl& :thgir si mayyahK ramO .tcelgen
>p/<;ouqdr&.no sevom tirw gnivah

tneloiv ro ecnetsixeoc tneloivnon :yadot eciohc a evah llits eW>p<
dnif tsum eW .noitca ot noisicedni tsap evom tsum eW  .noitalihinnaoc
eht tuohguorht ecitsuj dna manteiV ni ecaep rof kaeps ot syaw wen
,tca ton od ew fI .srood ruo no sredrob taht dlrow a ,dlrow gnipoleved
srodirroc lufemahs dna ,krad ,gnol eht nwod deggard eb ylerus llahs ew
thgim ,noissapmoc tuohtiw rewop ssessop ohw esoht rof devreser emit fo
>p/<.thgis tuohtiw htgnerts dna ,ytilarom tuohtiw

dna gnol eht ot sevlesruo etacideder su tel woN .nigeb su tel woN>p<
gnillac eht si sihT .dlrow wen a rof elggurts ,lufituaeb tub ,rettib
ruo rof ylregae tiaw srehtorb ruo dna ,doG fo snos eht fo
eht meht llet ew llahS ?taerg oot era sddo eht yas ew llahS .esnopser
naciremA fo secrof eht taht eb egassem ruo lliW ?drah oot si elggurts
ruo dnes ew dna ,nem lluf sa lavirra rieht tsniaga etatilim efil
fo ,gnignol fo;hsadm&egassem rehtona eb ereht lliw rO ?sterger tsepeed
rieht ot tnemtimmoc fo ,sgninraey rieht htiw ytiradilos fo ,epoh
thgim ew hguoht dna ,sruo si eciohc ehT ?tsoc eht revetahw ,esuac
namuh fo tnemom laicurc siht ni esoohc tsum ew ,esiwrehto ti referp
>p/<.yrotsih

yltneuqole ,llewoL llessuR semaJ ,yadretsey fo drab elbon taht sA>p<
>p/<:detats

>etouqkcolb<
eht nI>rb<,ediced ot tnemom a semoc noitan dna nam yreve ot ecnO>p<
emoS>rb<;edis live ro doog eht rof ,dooheslaF dna hturt fo efirts
ro moolb eht hcae gnireffo haisseM wen s'doG ,esuac taerg
dna ssenkrad taht txiwt>rb<reverof yb seog eciohc eht dnA>rb<,thgilb
enola hturt sit' tey ,repsorp live fo esuac eht hguohT>rb<.thgil taht
enorht eht nopu dna ,dloffacs eht eb snoitrop reh hguohT>rb<gnorts si
mid eht dniheb dna ,erutuf eht syaws dloffacs taht teY>rb<gnorw eb
sih evoba hctaw gnipeek ,wodahs eht nihtiw doG htednatS>rb<nwonknu
>p/<.nwo
>etouqkcolb/<

ot elba eb lliw ew ,eciohc thgir eht ekam ylno lliw ew fi dnA>p<
.ecaep fo mlasp evitaerc a otni ygele cimsoc gnidnep siht mrofsnart
eht mrofsnart ot elba eb lliw ew ,eciohc thgir eht ekam lliw ew fI
fo ynohpmys lufituaeb a otni dlrow ruo fo sdrocsid gnilgnaj
ot elba eb lliw ew ,eciohc thgir eht ekam tub lliw ew fI .doohrehtorb
nehw ,dlrow eht revo lla dna aciremA revo lla ,yad eht pu deeps
a ekil ssensuoethgir dna ,sretaw ekil nwod llor lliw ecitsuj;ouqdl&
>p/<;ouqdr&.maerts ythgim

>ydob/<
>lmth/<
